Archive member included to satisfy reference by file (symbol)

/opt/Atollic_TrueSTUDIO_for_STM32_x86_64_9.3.0/ARMTools/bin/../lib/gcc/arm-atollic-eabi/6.3.1/../../../../arm-atollic-eabi/lib/armv7e-m/fpu/libc_nano.a(lib_a-init.o)
                              startup/startup_stm32f429xx.o (__libc_init_array)
/opt/Atollic_TrueSTUDIO_for_STM32_x86_64_9.3.0/ARMTools/bin/../lib/gcc/arm-atollic-eabi/6.3.1/../../../../arm-atollic-eabi/lib/armv7e-m/fpu/libc_nano.a(lib_a-memcmp.o)
                              Middlewares/Third_Party/LwIP/src/netif/ethernet.o (memcmp)
/opt/Atollic_TrueSTUDIO_for_STM32_x86_64_9.3.0/ARMTools/bin/../lib/gcc/arm-atollic-eabi/6.3.1/../../../../arm-atollic-eabi/lib/armv7e-m/fpu/libc_nano.a(lib_a-memcpy-stub.o)
                              Middlewares/Third_Party/FreeRTOS/Source/queue.o (memcpy)
/opt/Atollic_TrueSTUDIO_for_STM32_x86_64_9.3.0/ARMTools/bin/../lib/gcc/arm-atollic-eabi/6.3.1/../../../../arm-atollic-eabi/lib/armv7e-m/fpu/libc_nano.a(lib_a-memset.o)
                              Middlewares/Third_Party/FreeRTOS/Source/stream_buffer.o (memset)
/opt/Atollic_TrueSTUDIO_for_STM32_x86_64_9.3.0/ARMTools/bin/../lib/gcc/arm-atollic-eabi/6.3.1/../../../../arm-atollic-eabi/lib/armv7e-m/fpu/libc_nano.a(lib_a-strerror.o)
                              Src/connexion_serveur.o (strerror)
/opt/Atollic_TrueSTUDIO_for_STM32_x86_64_9.3.0/ARMTools/bin/../lib/gcc/arm-atollic-eabi/6.3.1/../../../../arm-atollic-eabi/lib/armv7e-m/fpu/libc_nano.a(lib_a-strlen.o)
                              Middlewares/Third_Party/LwIP/src/apps/mqtt/mqtt.o (strlen)
/opt/Atollic_TrueSTUDIO_for_STM32_x86_64_9.3.0/ARMTools/bin/../lib/gcc/arm-atollic-eabi/6.3.1/../../../../arm-atollic-eabi/lib/armv7e-m/fpu/libc_nano.a(lib_a-strncmp.o)
                              Middlewares/Third_Party/LwIP/src/core/def.o (strncmp)
/opt/Atollic_TrueSTUDIO_for_STM32_x86_64_9.3.0/ARMTools/bin/../lib/gcc/arm-atollic-eabi/6.3.1/../../../../arm-atollic-eabi/lib/armv7e-m/fpu/libc_nano.a(lib_a-u_strerr.o)
                              /opt/Atollic_TrueSTUDIO_for_STM32_x86_64_9.3.0/ARMTools/bin/../lib/gcc/arm-atollic-eabi/6.3.1/../../../../arm-atollic-eabi/lib/armv7e-m/fpu/libc_nano.a(lib_a-strerror.o) (_user_strerror)
/opt/Atollic_TrueSTUDIO_for_STM32_x86_64_9.3.0/ARMTools/bin/../lib/gcc/arm-atollic-eabi/6.3.1/../../../../arm-atollic-eabi/lib/armv7e-m/fpu/libc_nano.a(lib_a-impure.o)
                              /opt/Atollic_TrueSTUDIO_for_STM32_x86_64_9.3.0/ARMTools/bin/../lib/gcc/arm-atollic-eabi/6.3.1/../../../../arm-atollic-eabi/lib/armv7e-m/fpu/libc_nano.a(lib_a-strerror.o) (_impure_ptr)
/opt/Atollic_TrueSTUDIO_for_STM32_x86_64_9.3.0/ARMTools/bin/../lib/gcc/arm-atollic-eabi/6.3.1/armv7e-m/fpu/libgcc.a(_aeabi_uldivmod.o)
                              Drivers/STM32F4xx_HAL_Driver/Src/stm32f4xx_hal_rcc.o (__aeabi_uldivmod)
/opt/Atollic_TrueSTUDIO_for_STM32_x86_64_9.3.0/ARMTools/bin/../lib/gcc/arm-atollic-eabi/6.3.1/armv7e-m/fpu/libgcc.a(_udivmoddi4.o)
                              /opt/Atollic_TrueSTUDIO_for_STM32_x86_64_9.3.0/ARMTools/bin/../lib/gcc/arm-atollic-eabi/6.3.1/armv7e-m/fpu/libgcc.a(_aeabi_uldivmod.o) (__udivmoddi4)
/opt/Atollic_TrueSTUDIO_for_STM32_x86_64_9.3.0/ARMTools/bin/../lib/gcc/arm-atollic-eabi/6.3.1/armv7e-m/fpu/libgcc.a(_dvmd_tls.o)
                              /opt/Atollic_TrueSTUDIO_for_STM32_x86_64_9.3.0/ARMTools/bin/../lib/gcc/arm-atollic-eabi/6.3.1/armv7e-m/fpu/libgcc.a(_aeabi_uldivmod.o) (__aeabi_ldiv0)

Allocating common symbols
Common symbol       size              file

netif_list          0x4               Middlewares/Third_Party/LwIP/src/core/netif.o
defaultTaskHandle   0x4               Src/freertos.o
lock_tcpip_core     0x4               Middlewares/Third_Party/LwIP/src/api/tcpip.o
ip_data             0x18              Middlewares/Third_Party/LwIP/src/core/ip.o
memp_memory_NETBUF_base
                    0x23              Middlewares/Third_Party/LwIP/src/core/memp.o
GATEWAY_ADDRESS     0x4               Src/lwip.o
tcp_active_pcbs_changed
                    0x1               Middlewares/Third_Party/LwIP/src/core/tcp.o
tcp_active_pcbs     0x4               Middlewares/Third_Party/LwIP/src/core/tcp.o
udp_pcbs            0x4               Middlewares/Third_Party/LwIP/src/core/udp.o
errno               0x4               Middlewares/Third_Party/LwIP/system/OS/sys_arch.o
huart3              0x40              Src/usart.o
memp_memory_TCPIP_MSG_INPKT_base
                    0x83              Middlewares/Third_Party/LwIP/src/core/memp.o
hpcd_USB_OTG_FS     0x408             Src/usb_otg.o
tcp_ticks           0x4               Middlewares/Third_Party/LwIP/src/core/tcp.o
tcp_listen_pcbs     0x4               Middlewares/Third_Party/LwIP/src/core/tcp.o
memp_memory_TCP_SEG_base
                    0x103             Middlewares/Third_Party/LwIP/src/core/memp.o
gnetif              0x30              Src/lwip.o
ipaddr              0x4               Src/lwip.o
[...]
Memory Configuration

Name             Origin             Length             Attributes
RAM              0x0000000020000000 0x0000000000030000 xrw
CCMRAM           0x0000000010000000 0x0000000000010000 rw
FLASH            0x0000000008000000 0x0000000000200000 xr
*default*        0x0000000000000000 0xffffffffffffffff

Linker script and memory map

LOAD /opt/Atollic_TrueSTUDIO_for_STM32_x86_64_9.3.0/ARMTools/bin/../lib/gcc/arm-atollic-eabi/6.3.1/armv7e-m/fpu/crti.o
LOAD /opt/Atollic_TrueSTUDIO_for_STM32_x86_64_9.3.0/ARMTools/bin/../lib/gcc/arm-atollic-eabi/6.3.1/armv7e-m/fpu/crtbegin.o
LOAD Drivers/STM32F4xx_HAL_Driver/Src/stm32f4xx_hal.o
LOAD Drivers/STM32F4xx_HAL_Driver/Src/stm32f4xx_hal_cortex.o
LOAD Drivers/STM32F4xx_HAL_Driver/Src/stm32f4xx_hal_dma.o
LOAD Drivers/STM32F4xx_HAL_Driver/Src/stm32f4xx_hal_dma_ex.o
LOAD Drivers/STM32F4xx_HAL_Driver/Src/stm32f4xx_hal_eth.o
LOAD Drivers/STM32F4xx_HAL_Driver/Src/stm32f4xx_hal_exti.o
LOAD Drivers/STM32F4xx_HAL_Driver/Src/stm32f4xx_hal_flash.o
LOAD Drivers/STM32F4xx_HAL_Driver/Src/stm32f4xx_hal_flash_ex.o
LOAD Drivers/STM32F4xx_HAL_Driver/Src/stm32f4xx_hal_flash_ramfunc.o
LOAD Drivers/STM32F4xx_HAL_Driver/Src/stm32f4xx_hal_gpio.o
LOAD Drivers/STM32F4xx_HAL_Driver/Src/stm32f4xx_hal_pcd.o
LOAD Drivers/STM32F4xx_HAL_Driver/Src/stm32f4xx_hal_pcd_ex.o
LOAD Drivers/STM32F4xx_HAL_Driver/Src/stm32f4xx_hal_pwr.o
LOAD Drivers/STM32F4xx_HAL_Driver/Src/stm32f4xx_hal_pwr_ex.o
LOAD Drivers/STM32F4xx_HAL_Driver/Src/stm32f4xx_hal_rcc.o
LOAD Drivers/STM32F4xx_HAL_Driver/Src/stm32f4xx_hal_rcc_ex.o
LOAD Drivers/STM32F4xx_HAL_Driver/Src/stm32f4xx_hal_tim.o
LOAD Drivers/STM32F4xx_HAL_Driver/Src/stm32f4xx_hal_tim_ex.o
LOAD Drivers/STM32F4xx_HAL_Driver/Src/stm32f4xx_hal_uart.o
LOAD Drivers/STM32F4xx_HAL_Driver/Src/stm32f4xx_ll_usb.o
LOAD Middlewares/Third_Party/FreeRTOS/Source/CMSIS_RTOS/cmsis_os.o
LOAD Middlewares/Third_Party/FreeRTOS/Source/croutine.o
LOAD Middlewares/Third_Party/FreeRTOS/Source/event_groups.o
LOAD Middlewares/Third_Party/FreeRTOS/Source/list.o
LOAD Middlewares/Third_Party/FreeRTOS/Source/portable/GCC/ARM_CM4F/port.o
LOAD Middlewares/Third_Party/FreeRTOS/Source/portable/MemMang/heap_4.o
LOAD Middlewares/Third_Party/FreeRTOS/Source/queue.o
LOAD Middlewares/Third_Party/FreeRTOS/Source/stream_buffer.o
LOAD Middlewares/Third_Party/FreeRTOS/Source/tasks.o
LOAD Middlewares/Third_Party/FreeRTOS/Source/timers.o
LOAD Middlewares/Third_Party/LwIP/src/api/api_lib.o
LOAD Middlewares/Third_Party/LwIP/src/api/api_msg.o
LOAD Middlewares/Third_Party/LwIP/src/api/err.o
LOAD Middlewares/Third_Party/LwIP/src/api/netbuf.o
LOAD Middlewares/Third_Party/LwIP/src/api/netdb.o
LOAD Middlewares/Third_Party/LwIP/src/api/netifapi.o
LOAD Middlewares/Third_Party/LwIP/src/api/sockets.o
LOAD Middlewares/Third_Party/LwIP/src/api/tcpip.o
LOAD Middlewares/Third_Party/LwIP/src/apps/mqtt/mqtt.o
LOAD Middlewares/Third_Party/LwIP/src/core/def.o
LOAD Middlewares/Third_Party/LwIP/src/core/dns.o
LOAD Middlewares/Third_Party/LwIP/src/core/inet_chksum.o
LOAD Middlewares/Third_Party/LwIP/src/core/init.o
LOAD Middlewares/Third_Party/LwIP/src/core/ip.o
LOAD Middlewares/Third_Party/LwIP/src/core/ipv4/autoip.o
LOAD Middlewares/Third_Party/LwIP/src/core/ipv4/dhcp.o
LOAD Middlewares/Third_Party/LwIP/src/core/ipv4/etharp.o
LOAD Middlewares/Third_Party/LwIP/src/core/ipv4/icmp.o
LOAD Middlewares/Third_Party/LwIP/src/core/ipv4/igmp.o
LOAD Middlewares/Third_Party/LwIP/src/core/ipv4/ip4.o
LOAD Middlewares/Third_Party/LwIP/src/core/ipv4/ip4_addr.o
LOAD Middlewares/Third_Party/LwIP/src/core/ipv4/ip4_frag.o
LOAD Middlewares/Third_Party/LwIP/src/core/ipv6/dhcp6.o
LOAD Middlewares/Third_Party/LwIP/src/core/ipv6/ethip6.o
LOAD Middlewares/Third_Party/LwIP/src/core/ipv6/icmp6.o
LOAD Middlewares/Third_Party/LwIP/src/core/ipv6/inet6.o
LOAD Middlewares/Third_Party/LwIP/src/core/ipv6/ip6.o
LOAD Middlewares/Third_Party/LwIP/src/core/ipv6/ip6_addr.o
LOAD Middlewares/Third_Party/LwIP/src/core/ipv6/ip6_frag.o
LOAD Middlewares/Third_Party/LwIP/src/core/ipv6/mld6.o
LOAD Middlewares/Third_Party/LwIP/src/core/ipv6/nd6.o
LOAD Middlewares/Third_Party/LwIP/src/core/mem.o
LOAD Middlewares/Third_Party/LwIP/src/core/memp.o
LOAD Middlewares/Third_Party/LwIP/src/core/netif.o
LOAD Middlewares/Third_Party/LwIP/src/core/pbuf.o
LOAD Middlewares/Third_Party/LwIP/src/core/raw.o
LOAD Middlewares/Third_Party/LwIP/src/core/stats.o
LOAD Middlewares/Third_Party/LwIP/src/core/sys.o
LOAD Middlewares/Third_Party/LwIP/src/core/tcp.o
LOAD Middlewares/Third_Party/LwIP/src/core/tcp_in.o
LOAD Middlewares/Third_Party/LwIP/src/core/tcp_out.o
LOAD Middlewares/Third_Party/LwIP/src/core/timeouts.o
LOAD Middlewares/Third_Party/LwIP/src/core/udp.o
LOAD Middlewares/Third_Party/LwIP/src/netif/ethernet.o
LOAD Middlewares/Third_Party/LwIP/src/netif/lowpan6.o
LOAD Middlewares/Third_Party/LwIP/src/netif/ppp/auth.o
LOAD Middlewares/Third_Party/LwIP/src/netif/ppp/ccp.o
LOAD Middlewares/Third_Party/LwIP/src/netif/ppp/chap-md5.o
LOAD Middlewares/Third_Party/LwIP/src/netif/ppp/chap-new.o
LOAD Middlewares/Third_Party/LwIP/src/netif/ppp/chap_ms.o
LOAD Middlewares/Third_Party/LwIP/src/netif/ppp/demand.o
LOAD Middlewares/Third_Party/LwIP/src/netif/ppp/eap.o
LOAD Middlewares/Third_Party/LwIP/src/netif/ppp/ecp.o
LOAD Middlewares/Third_Party/LwIP/src/netif/ppp/eui64.o
LOAD Middlewares/Third_Party/LwIP/src/netif/ppp/fsm.o
LOAD Middlewares/Third_Party/LwIP/src/netif/ppp/ipcp.o
LOAD Middlewares/Third_Party/LwIP/src/netif/ppp/ipv6cp.o
LOAD Middlewares/Third_Party/LwIP/src/netif/ppp/lcp.o
LOAD Middlewares/Third_Party/LwIP/src/netif/ppp/magic.o
LOAD Middlewares/Third_Party/LwIP/src/netif/ppp/mppe.o
LOAD Middlewares/Third_Party/LwIP/src/netif/ppp/multilink.o
LOAD Middlewares/Third_Party/LwIP/src/netif/ppp/ppp.o
LOAD Middlewares/Third_Party/LwIP/src/netif/ppp/pppapi.o
LOAD Middlewares/Third_Party/LwIP/src/netif/ppp/pppcrypt.o
LOAD Middlewares/Third_Party/LwIP/src/netif/ppp/pppoe.o
LOAD Middlewares/Third_Party/LwIP/src/netif/ppp/pppol2tp.o
LOAD Middlewares/Third_Party/LwIP/src/netif/ppp/pppos.o
LOAD Middlewares/Third_Party/LwIP/src/netif/ppp/upap.o
LOAD Middlewares/Third_Party/LwIP/src/netif/ppp/utils.o
LOAD Middlewares/Third_Party/LwIP/src/netif/ppp/vj.o
LOAD Middlewares/Third_Party/LwIP/src/netif/slipif.o
LOAD Middlewares/Third_Party/LwIP/system/OS/sys_arch.o
LOAD Src/accept_incomming_connect.o
LOAD Src/connexion_serveur.o
LOAD Src/ethernetif.o
LOAD Src/freertos.o
LOAD Src/gpio.o
LOAD Src/lwip.o
LOAD Src/main.o
LOAD Src/malloc.o
LOAD Src/send_data_server.o
LOAD Src/stm32f4xx_hal_msp.o
LOAD Src/stm32f4xx_hal_timebase_tim.o
LOAD Src/stm32f4xx_it.o
LOAD Src/syscalls.o
LOAD Src/system_stm32f4xx.o
LOAD Src/tiny_printf.o
LOAD Src/usart.o
LOAD Src/usb_otg.o
LOAD startup/startup_stm32f429xx.o
                0x0000000000000080                malloc_getpagesize_P = 0x80
START GROUP
LOAD /opt/Atollic_TrueSTUDIO_for_STM32_x86_64_9.3.0/ARMTools/bin/../lib/gcc/arm-atollic-eabi/6.3.1/../../../../arm-atollic-eabi/lib/armv7e-m/fpu/libc_nano.a
LOAD /opt/Atollic_TrueSTUDIO_for_STM32_x86_64_9.3.0/ARMTools/bin/../lib/gcc/arm-atollic-eabi/6.3.1/../../../../arm-atollic-eabi/lib/armv7e-m/fpu/libm.a
END GROUP
START GROUP
LOAD /opt/Atollic_TrueSTUDIO_for_STM32_x86_64_9.3.0/ARMTools/bin/../lib/gcc/arm-atollic-eabi/6.3.1/armv7e-m/fpu/libgcc.a
LOAD /opt/Atollic_TrueSTUDIO_for_STM32_x86_64_9.3.0/ARMTools/bin/../lib/gcc/arm-atollic-eabi/6.3.1/../../../../arm-atollic-eabi/lib/armv7e-m/fpu/libc_nano.a
END GROUP
START GROUP
LOAD /opt/Atollic_TrueSTUDIO_for_STM32_x86_64_9.3.0/ARMTools/bin/../lib/gcc/arm-atollic-eabi/6.3.1/armv7e-m/fpu/libgcc.a
LOAD /opt/Atollic_TrueSTUDIO_for_STM32_x86_64_9.3.0/ARMTools/bin/../lib/gcc/arm-atollic-eabi/6.3.1/../../../../arm-atollic-eabi/lib/armv7e-m/fpu/libc_nano.a
LOAD /opt/Atollic_TrueSTUDIO_for_STM32_x86_64_9.3.0/ARMTools/bin/../lib/gcc/arm-atollic-eabi/6.3.1/../../../../arm-atollic-eabi/lib/armv7e-m/fpu/libnosys.a
END GROUP
START GROUP
LOAD /opt/Atollic_TrueSTUDIO_for_STM32_x86_64_9.3.0/ARMTools/bin/../lib/gcc/arm-atollic-eabi/6.3.1/armv7e-m/fpu/libgcc.a
LOAD /opt/Atollic_TrueSTUDIO_for_STM32_x86_64_9.3.0/ARMTools/bin/../lib/gcc/arm-atollic-eabi/6.3.1/../../../../arm-atollic-eabi/lib/armv7e-m/fpu/libc_nano.a
LOAD /opt/Atollic_TrueSTUDIO_for_STM32_x86_64_9.3.0/ARMTools/bin/../lib/gcc/arm-atollic-eabi/6.3.1/../../../../arm-atollic-eabi/lib/armv7e-m/fpu/libnosys.a
END GROUP
LOAD /opt/Atollic_TrueSTUDIO_for_STM32_x86_64_9.3.0/ARMTools/bin/../lib/gcc/arm-atollic-eabi/6.3.1/armv7e-m/fpu/crtend.o
LOAD /opt/Atollic_TrueSTUDIO_for_STM32_x86_64_9.3.0/ARMTools/bin/../lib/gcc/arm-atollic-eabi/6.3.1/armv7e-m/fpu/crtn.o
                0x0000000020030000                _estack = 0x20030000
                0x0000000000000200                _Min_Heap_Size = 0x200
                0x0000000000000400                _Min_Stack_Size = 0x400

.isr_vector     0x0000000008000000      0x1ac
                0x0000000008000000                . = ALIGN (0x4)
 *(.isr_vector)
 .isr_vector    0x0000000008000000      0x1ac startup/startup_stm32f429xx.o
                0x0000000008000000                g_pfnVectors
                0x00000000080001ac                . = ALIGN (0x4)

.text           0x00000000080001b0     0xbe9c
                0x00000000080001b0                . = ALIGN (0x4)
 *(.text)
 .text          0x00000000080001b0       0x40 /opt/Atollic_TrueSTUDIO_for_STM32_x86_64_9.3.0/ARMTools/bin/../lib/gcc/arm-atollic-eabi/6.3.1/armv7e-m/fpu/crtbegin.o
 .text          0x00000000080001f0       0x10 /opt/Atollic_TrueSTUDIO_for_STM32_x86_64_9.3.0/ARMTools/bin/../lib/gcc/arm-atollic-eabi/6.3.1/../../../../arm-atollic-eabi/lib/armv7e-m/fpu/libc_nano.a(lib_a-strlen.o)
                0x00000000080001f0                strlen
 .text          0x0000000008000200       0x30 /opt/Atollic_TrueSTUDIO_for_STM32_x86_64_9.3.0/ARMTools/bin/../lib/gcc/arm-atollic-eabi/6.3.1/armv7e-m/fpu/libgcc.a(_aeabi_uldivmod.o)
                0x0000000008000200                __aeabi_uldivmod
 .text          0x0000000008000230      0x2dc /opt/Atollic_TrueSTUDIO_for_STM32_x86_64_9.3.0/ARMTools/bin/../lib/gcc/arm-atollic-eabi/6.3.1/armv7e-m/fpu/libgcc.a(_udivmoddi4.o)
                0x0000000008000230                __udivmoddi4
 .text          0x000000000800050c        0x4 /opt/Atollic_TrueSTUDIO_for_STM32_x86_64_9.3.0/ARMTools/bin/../lib/gcc/arm-atollic-eabi/6.3.1/armv7e-m/fpu/libgcc.a(_dvmd_tls.o)
                0x000000000800050c                __aeabi_ldiv0
                0x000000000800050c                __aeabi_idiv0
 *(.text*)
 .text.HAL_Init
                0x0000000008000510       0x34 Drivers/STM32F4xx_HAL_Driver/Src/stm32f4xx_hal.o
                0x0000000008000510                HAL_Init
 .text.HAL_IncTick
                0x0000000008000544       0x18 Drivers/STM32F4xx_HAL_Driver/Src/stm32f4xx_hal.o
                0x0000000008000544                HAL_IncTick
 .text.HAL_GetTick
                0x000000000800055c        0xc Drivers/STM32F4xx_HAL_Driver/Src/stm32f4xx_hal.o
                0x000000000800055c                HAL_GetTick
 .text.HAL_Delay
                0x0000000008000568       0x28 Drivers/STM32F4xx_HAL_Driver/Src/stm32f4xx_hal.o
                0x0000000008000568                HAL_Delay
 .text.HAL_NVIC_SetPriorityGrouping
                0x0000000008000590       0x24 Drivers/STM32F4xx_HAL_Driver/Src/stm32f4xx_hal_cortex.o
                0x0000000008000590                HAL_NVIC_SetPriorityGrouping
 .text.HAL_NVIC_SetPriority
                0x00000000080005b4       0x68 Drivers/STM32F4xx_HAL_Driver/Src/stm32f4xx_hal_cortex.o
                0x00000000080005b4                HAL_NVIC_SetPriority
 .text.HAL_NVIC_EnableIRQ
                0x000000000800061c       0x1c Drivers/STM32F4xx_HAL_Driver/Src/stm32f4xx_hal_cortex.o
                0x000000000800061c                HAL_NVIC_EnableIRQ
 .text.ETH_Delay.constprop.4
                0x0000000008000638       0x24 Drivers/STM32F4xx_HAL_Driver/Src/stm32f4xx_hal_eth.o
 .text.ETH_FlushTransmitFIFO
                0x000000000800065c       0x28 Drivers/STM32F4xx_HAL_Driver/Src/stm32f4xx_hal_eth.o
 .text.ETH_MACDMAConfig
                0x0000000008000684       0xf8 Drivers/STM32F4xx_HAL_Driver/Src/stm32f4xx_hal_eth.o
 .text.HAL_ETH_DMATxDescListInit
                0x000000000800077c       0x7a Drivers/STM32F4xx_HAL_Driver/Src/stm32f4xx_hal_eth.o
                0x000000000800077c                HAL_ETH_DMATxDescListInit
 .text.HAL_ETH_DMARxDescListInit
                0x00000000080007f6       0x78 Drivers/STM32F4xx_HAL_Driver/Src/stm32f4xx_hal_eth.o
                0x00000000080007f6                HAL_ETH_DMARxDescListInit
 *fill*         0x000000000800086e        0x2 
 .text.HAL_ETH_TransmitFrame
                0x0000000008000870       0xe8 Drivers/STM32F4xx_HAL_Driver/Src/stm32f4xx_hal_eth.o
                0x0000000008000870                HAL_ETH_TransmitFrame
 .text.HAL_ETH_GetReceivedFrame_IT
                0x0000000008000958       0x8a Drivers/STM32F4xx_HAL_Driver/Src/stm32f4xx_hal_eth.o
                0x0000000008000958                HAL_ETH_GetReceivedFrame_IT
 .text.HAL_ETH_TxCpltCallback
                0x00000000080009e2        0x2 Drivers/STM32F4xx_HAL_Driver/Src/stm32f4xx_hal_eth.o
                0x00000000080009e2                HAL_ETH_TxCpltCallback
 .text.HAL_ETH_ErrorCallback
                0x00000000080009e4        0x2 Drivers/STM32F4xx_HAL_Driver/Src/stm32f4xx_hal_eth.o
                0x00000000080009e4                HAL_ETH_ErrorCallback
 .text.HAL_ETH_IRQHandler
                0x00000000080009e6       0x70 Drivers/STM32F4xx_HAL_Driver/Src/stm32f4xx_hal_eth.o
                0x00000000080009e6                HAL_ETH_IRQHandler
 .text.HAL_ETH_ReadPHYRegister
                0x0000000008000a56       0x74 Drivers/STM32F4xx_HAL_Driver/Src/stm32f4xx_hal_eth.o
                0x0000000008000a56                HAL_ETH_ReadPHYRegister
 .text.HAL_ETH_WritePHYRegister
                0x0000000008000aca       0x6e Drivers/STM32F4xx_HAL_Driver/Src/stm32f4xx_hal_eth.o
                0x0000000008000aca                HAL_ETH_WritePHYRegister
 .text.HAL_ETH_Init
                0x0000000008000b38      0x1f8 Drivers/STM32F4xx_HAL_Driver/Src/stm32f4xx_hal_eth.o
                0x0000000008000b38                HAL_ETH_Init
 .text.HAL_ETH_Start
                0x0000000008000d30       0x78 Drivers/STM32F4xx_HAL_Driver/Src/stm32f4xx_hal_eth.o
                0x0000000008000d30                HAL_ETH_Start
 .text.HAL_GPIO_Init
                0x0000000008000da8      0x1d8 Drivers/STM32F4xx_HAL_Driver/Src/stm32f4xx_hal_gpio.o
                0x0000000008000da8                HAL_GPIO_Init
 .text.HAL_GPIO_WritePin
                0x0000000008000f80        0xa Drivers/STM32F4xx_HAL_Driver/Src/stm32f4xx_hal_gpio.o
                0x0000000008000f80                HAL_GPIO_WritePin
 .text.HAL_PCD_Init
                0x0000000008000f8a      0x10e Drivers/STM32F4xx_HAL_Driver/Src/stm32f4xx_hal_pcd.o
                0x0000000008000f8a                HAL_PCD_Init
 .text.HAL_RCC_OscConfig
                0x0000000008001098      0x304 Drivers/STM32F4xx_HAL_Driver/Src/stm32f4xx_hal_rcc.o
                0x0000000008001098                HAL_RCC_OscConfig
 .text.HAL_RCC_GetSysClockFreq
                0x000000000800139c       0x5c Drivers/STM32F4xx_HAL_Driver/Src/stm32f4xx_hal_rcc.o
                0x000000000800139c                HAL_RCC_GetSysClockFreq
 .text.HAL_RCC_ClockConfig
                0x00000000080013f8      0x134 Drivers/STM32F4xx_HAL_Driver/Src/stm32f4xx_hal_rcc.o
                0x00000000080013f8                HAL_RCC_ClockConfig
 .text.HAL_RCC_GetHCLKFreq
                0x000000000800152c        0xc Drivers/STM32F4xx_HAL_Driver/Src/stm32f4xx_hal_rcc.o
                0x000000000800152c                HAL_RCC_GetHCLKFreq
 .text.HAL_RCC_GetPCLK1Freq
                0x0000000008001538       0x20 Drivers/STM32F4xx_HAL_Driver/Src/stm32f4xx_hal_rcc.o
                0x0000000008001538                HAL_RCC_GetPCLK1Freq
 .text.HAL_RCC_GetPCLK2Freq
                0x0000000008001558       0x20 Drivers/STM32F4xx_HAL_Driver/Src/stm32f4xx_hal_rcc.o
                0x0000000008001558                HAL_RCC_GetPCLK2Freq
 .text.HAL_RCC_GetClockConfig
                0x0000000008001578       0x3c Drivers/STM32F4xx_HAL_Driver/Src/stm32f4xx_hal_rcc.o
                0x0000000008001578                HAL_RCC_GetClockConfig
 .text.HAL_TIM_Base_MspInit
                0x00000000080015b4        0x2 Drivers/STM32F4xx_HAL_Driver/Src/stm32f4xx_hal_tim.o
                0x00000000080015b4                HAL_TIM_Base_MspInit
 .text.HAL_TIM_Base_Start_IT
                0x00000000080015b6       0x20 Drivers/STM32F4xx_HAL_Driver/Src/stm32f4xx_hal_tim.o
                0x00000000080015b6                HAL_TIM_Base_Start_IT
 .text.HAL_TIM_OC_DelayElapsedCallback
                0x00000000080015d6        0x2 Drivers/STM32F4xx_HAL_Driver/Src/stm32f4xx_hal_tim.o
                0x00000000080015d6                HAL_TIM_OC_DelayElapsedCallback
 .text.HAL_TIM_IC_CaptureCallback
                0x00000000080015d8        0x2 Drivers/STM32F4xx_HAL_Driver/Src/stm32f4xx_hal_tim.o
                0x00000000080015d8                HAL_TIM_IC_CaptureCallback
 .text.HAL_TIM_PWM_PulseFinishedCallback
                0x00000000080015da        0x2 Drivers/STM32F4xx_HAL_Driver/Src/stm32f4xx_hal_tim.o
                0x00000000080015da                HAL_TIM_PWM_PulseFinishedCallback
 .text.HAL_TIM_TriggerCallback
                0x00000000080015dc        0x2 Drivers/STM32F4xx_HAL_Driver/Src/stm32f4xx_hal_tim.o
                0x00000000080015dc                HAL_TIM_TriggerCallback
 .text.HAL_TIM_IRQHandler
                0x00000000080015de      0x144 Drivers/STM32F4xx_HAL_Driver/Src/stm32f4xx_hal_tim.o
                0x00000000080015de                HAL_TIM_IRQHandler
 *fill*         0x0000000008001722        0x2 
 .text.TIM_Base_SetConfig
                0x0000000008001724       0xcc Drivers/STM32F4xx_HAL_Driver/Src/stm32f4xx_hal_tim.o
                0x0000000008001724                TIM_Base_SetConfig
 .text.HAL_TIM_Base_Init
                0x00000000080017f0       0x34 Drivers/STM32F4xx_HAL_Driver/Src/stm32f4xx_hal_tim.o
                0x00000000080017f0                HAL_TIM_Base_Init
 .text.HAL_TIMEx_CommutCallback
                0x0000000008001824        0x2 Drivers/STM32F4xx_HAL_Driver/Src/stm32f4xx_hal_tim_ex.o
                0x0000000008001824                HAL_TIMEx_CommutCallback
 .text.HAL_TIMEx_BreakCallback
                0x0000000008001826        0x2 Drivers/STM32F4xx_HAL_Driver/Src/stm32f4xx_hal_tim_ex.o
                0x0000000008001826                HAL_TIMEx_BreakCallback
 .text.UART_SetConfig
                0x0000000008001828      0x234 Drivers/STM32F4xx_HAL_Driver/Src/stm32f4xx_hal_uart.o
 .text.HAL_UART_Init
                0x0000000008001a5c       0x5c Drivers/STM32F4xx_HAL_Driver/Src/stm32f4xx_hal_uart.o
                0x0000000008001a5c                HAL_UART_Init
 .text.USB_CoreReset
                0x0000000008001ab8       0x30 Drivers/STM32F4xx_HAL_Driver/Src/stm32f4xx_ll_usb.o
 .text.USB_CoreInit
                0x0000000008001ae8       0x80 Drivers/STM32F4xx_HAL_Driver/Src/stm32f4xx_ll_usb.o
                0x0000000008001ae8                USB_CoreInit
 .text.USB_DisableGlobalInt
                0x0000000008001b68        0xc Drivers/STM32F4xx_HAL_Driver/Src/stm32f4xx_ll_usb.o
                0x0000000008001b68                USB_DisableGlobalInt
 .text.USB_SetCurrentMode
                0x0000000008001b74       0x2e Drivers/STM32F4xx_HAL_Driver/Src/stm32f4xx_ll_usb.o
                0x0000000008001b74                USB_SetCurrentMode
 *fill*         0x0000000008001ba2        0x2 
 .text.USB_FlushTxFifo
                0x0000000008001ba4       0x24 Drivers/STM32F4xx_HAL_Driver/Src/stm32f4xx_ll_usb.o
                0x0000000008001ba4                USB_FlushTxFifo
 .text.USB_FlushRxFifo
                0x0000000008001bc8       0x20 Drivers/STM32F4xx_HAL_Driver/Src/stm32f4xx_ll_usb.o
                0x0000000008001bc8                USB_FlushRxFifo
 .text.USB_SetDevSpeed
                0x0000000008001be8        0xe Drivers/STM32F4xx_HAL_Driver/Src/stm32f4xx_ll_usb.o
                0x0000000008001be8                USB_SetDevSpeed
 *fill*         0x0000000008001bf6        0x2 
 .text.USB_DevInit
                0x0000000008001bf8      0x188 Drivers/STM32F4xx_HAL_Driver/Src/stm32f4xx_ll_usb.o
                0x0000000008001bf8                USB_DevInit
 .text.USB_DevDisconnect
                0x0000000008001d80       0x18 Drivers/STM32F4xx_HAL_Driver/Src/stm32f4xx_ll_usb.o
                0x0000000008001d80                USB_DevDisconnect
 .text.osKernelStart
                0x0000000008001d98        0xa Middlewares/Third_Party/FreeRTOS/Source/CMSIS_RTOS/cmsis_os.o
                0x0000000008001d98                osKernelStart
 .text.osKernelSysTick
                0x0000000008001da2        0xe Middlewares/Third_Party/FreeRTOS/Source/CMSIS_RTOS/cmsis_os.o
                0x0000000008001da2                osKernelSysTick
 .text.osThreadCreate
                0x0000000008001db0       0x50 Middlewares/Third_Party/FreeRTOS/Source/CMSIS_RTOS/cmsis_os.o
                0x0000000008001db0                osThreadCreate
 .text.osDelay  0x0000000008001e00       0x10 Middlewares/Third_Party/FreeRTOS/Source/CMSIS_RTOS/cmsis_os.o
                0x0000000008001e00                osDelay
 .text.osMutexCreate
                0x0000000008001e10        0xe Middlewares/Third_Party/FreeRTOS/Source/CMSIS_RTOS/cmsis_os.o
                0x0000000008001e10                osMutexCreate
 *fill*         0x0000000008001e1e        0x2 
 .text.osMutexWait
                0x0000000008001e20       0x4c Middlewares/Third_Party/FreeRTOS/Source/CMSIS_RTOS/cmsis_os.o
                0x0000000008001e20                osMutexWait
 .text.osSemaphoreCreate
                0x0000000008001e6c       0x4c Middlewares/Third_Party/FreeRTOS/Source/CMSIS_RTOS/cmsis_os.o
                0x0000000008001e6c                osSemaphoreCreate
 .text.osSemaphoreWait
                0x0000000008001eb8       0x4c Middlewares/Third_Party/FreeRTOS/Source/CMSIS_RTOS/cmsis_os.o
                0x0000000008001eb8                osSemaphoreWait
 .text.osSemaphoreRelease
                0x0000000008001f04       0x48 Middlewares/Third_Party/FreeRTOS/Source/CMSIS_RTOS/cmsis_os.o
                0x0000000008001f04                osSemaphoreRelease
 .text.osMutexRelease
                0x0000000008001f4c        0x4 Middlewares/Third_Party/FreeRTOS/Source/CMSIS_RTOS/cmsis_os.o
                0x0000000008001f4c                osMutexRelease
 .text.osMessageCreate
                0x0000000008001f50       0x28 Middlewares/Third_Party/FreeRTOS/Source/CMSIS_RTOS/cmsis_os.o
                0x0000000008001f50                osMessageCreate
 .text.osMessagePut
                0x0000000008001f78       0x50 Middlewares/Third_Party/FreeRTOS/Source/CMSIS_RTOS/cmsis_os.o
                0x0000000008001f78                osMessagePut
 .text.osMessageGet
                0x0000000008001fc8       0x74 Middlewares/Third_Party/FreeRTOS/Source/CMSIS_RTOS/cmsis_os.o
                0x0000000008001fc8                osMessageGet
 .text.osMessageWaiting
                0x000000000800203c        0xe Middlewares/Third_Party/FreeRTOS/Source/CMSIS_RTOS/cmsis_os.o
                0x000000000800203c                osMessageWaiting
 .text.osMessageDelete
                0x000000000800204a       0x14 Middlewares/Third_Party/FreeRTOS/Source/CMSIS_RTOS/cmsis_os.o
                0x000000000800204a                osMessageDelete
 .text.osSemaphoreDelete
                0x000000000800205e        0x4 Middlewares/Third_Party/FreeRTOS/Source/CMSIS_RTOS/cmsis_os.o
                0x000000000800205e                osSemaphoreDelete
 .text.vListInitialise
                0x0000000008002062       0x16 Middlewares/Third_Party/FreeRTOS/Source/list.o
                0x0000000008002062                vListInitialise
 .text.vListInitialiseItem
                0x0000000008002078        0x6 Middlewares/Third_Party/FreeRTOS/Source/list.o
                0x0000000008002078                vListInitialiseItem
 .text.vListInsertEnd
                0x000000000800207e       0x18 Middlewares/Third_Party/FreeRTOS/Source/list.o
                0x000000000800207e                vListInsertEnd
 .text.vListInsert
                0x0000000008002096       0x2e Middlewares/Third_Party/FreeRTOS/Source/list.o
                0x0000000008002096                vListInsert
 .text.uxListRemove
                0x00000000080020c4       0x22 Middlewares/Third_Party/FreeRTOS/Source/list.o
                0x00000000080020c4                uxListRemove
 *fill*         0x00000000080020e6        0x2 
 .text.prvTaskExitError
                0x00000000080020e8       0x40 Middlewares/Third_Party/FreeRTOS/Source/portable/GCC/ARM_CM4F/port.o
 .text.unlikely.prvPortStartFirstTask
                0x0000000008002128       0x28 Middlewares/Third_Party/FreeRTOS/Source/portable/GCC/ARM_CM4F/port.o
 .text.unlikely.vPortEnableVFP
                0x0000000008002150       0x14 Middlewares/Third_Party/FreeRTOS/Source/portable/GCC/ARM_CM4F/port.o
 .text.pxPortInitialiseStack
                0x0000000008002164       0x2c Middlewares/Third_Party/FreeRTOS/Source/portable/GCC/ARM_CM4F/port.o
                0x0000000008002164                pxPortInitialiseStack
 .text.SVC_Handler
                0x0000000008002190       0x24 Middlewares/Third_Party/FreeRTOS/Source/portable/GCC/ARM_CM4F/port.o
                0x0000000008002190                SVC_Handler
 .text.vPortEnterCritical
                0x00000000080021b4       0x44 Middlewares/Third_Party/FreeRTOS/Source/portable/GCC/ARM_CM4F/port.o
                0x00000000080021b4                vPortEnterCritical
 .text.vPortExitCritical
                0x00000000080021f8       0x28 Middlewares/Third_Party/FreeRTOS/Source/portable/GCC/ARM_CM4F/port.o
                0x00000000080021f8                vPortExitCritical
 .text.PendSV_Handler
                0x0000000008002220       0x64 Middlewares/Third_Party/FreeRTOS/Source/portable/GCC/ARM_CM4F/port.o
                0x0000000008002220                PendSV_Handler
 .text.SysTick_Handler
                0x0000000008002284       0x2c Middlewares/Third_Party/FreeRTOS/Source/portable/GCC/ARM_CM4F/port.o
                0x0000000008002284                SysTick_Handler
 .text.vPortSetupTimerInterrupt
                0x00000000080022b0       0x34 Middlewares/Third_Party/FreeRTOS/Source/portable/GCC/ARM_CM4F/port.o
                0x00000000080022b0                vPortSetupTimerInterrupt
 .text.xPortStartScheduler
                0x00000000080022e4      0x10c Middlewares/Third_Party/FreeRTOS/Source/portable/GCC/ARM_CM4F/port.o
                0x00000000080022e4                xPortStartScheduler
 .text.vPortValidateInterruptPriority
                0x00000000080023f0       0x5c Middlewares/Third_Party/FreeRTOS/Source/portable/GCC/ARM_CM4F/port.o
                0x00000000080023f0                vPortValidateInterruptPriority
 .text.unlikely.prvInsertBlockIntoFreeList
                0x000000000800244c       0x48 Middlewares/Third_Party/FreeRTOS/Source/portable/MemMang/heap_4.o
 .text.pvPortMalloc
                0x0000000008002494      0x11c Middlewares/Third_Party/FreeRTOS/Source/portable/MemMang/heap_4.o
                0x0000000008002494                pvPortMalloc
 .text.vPortFree
                0x00000000080025b0       0x70 Middlewares/Third_Party/FreeRTOS/Source/portable/MemMang/heap_4.o
                0x00000000080025b0                vPortFree
 .text.prvIsQueueEmpty
                0x0000000008002620       0x16 Middlewares/Third_Party/FreeRTOS/Source/queue.o
 .text.unlikely.prvCopyDataToQueue
                0x0000000008002636       0x66 Middlewares/Third_Party/FreeRTOS/Source/queue.o
 .text.unlikely.prvCopyDataFromQueue
                0x000000000800269c       0x2a Middlewares/Third_Party/FreeRTOS/Source/queue.o
 .text.prvUnlockQueue
                0x00000000080026c6       0x70 Middlewares/Third_Party/FreeRTOS/Source/queue.o
 .text.xQueueGenericReset
                0x0000000008002736       0x68 Middlewares/Third_Party/FreeRTOS/Source/queue.o
                0x0000000008002736                xQueueGenericReset
 .text.xQueueGenericCreateStatic
                0x000000000800279e       0x92 Middlewares/Third_Party/FreeRTOS/Source/queue.o
                0x000000000800279e                xQueueGenericCreateStatic
 .text.xQueueGenericCreate
                0x0000000008002830       0x48 Middlewares/Third_Party/FreeRTOS/Source/queue.o
                0x0000000008002830                xQueueGenericCreate
 .text.xQueueGenericSend
                0x0000000008002878      0x154 Middlewares/Third_Party/FreeRTOS/Source/queue.o
                0x0000000008002878                xQueueGenericSend
 .text.prvInitialiseMutex
                0x00000000080029cc       0x14 Middlewares/Third_Party/FreeRTOS/Source/queue.o
 .text.xQueueCreateMutex
                0x00000000080029e0       0x16 Middlewares/Third_Party/FreeRTOS/Source/queue.o
                0x00000000080029e0                xQueueCreateMutex
 .text.xQueueCreateMutexStatic
                0x00000000080029f6       0x1c Middlewares/Third_Party/FreeRTOS/Source/queue.o
                0x00000000080029f6                xQueueCreateMutexStatic
 .text.xQueueGenericSendFromISR
                0x0000000008002a12       0xc4 Middlewares/Third_Party/FreeRTOS/Source/queue.o
                0x0000000008002a12                xQueueGenericSendFromISR
 .text.xQueueGiveFromISR
                0x0000000008002ad6       0xa8 Middlewares/Third_Party/FreeRTOS/Source/queue.o
                0x0000000008002ad6                xQueueGiveFromISR
 *fill*         0x0000000008002b7e        0x2 
 .text.xQueueReceive
                0x0000000008002b80      0x130 Middlewares/Third_Party/FreeRTOS/Source/queue.o
                0x0000000008002b80                xQueueReceive
 .text.xQueueSemaphoreTake
                0x0000000008002cb0      0x170 Middlewares/Third_Party/FreeRTOS/Source/queue.o
                0x0000000008002cb0                xQueueSemaphoreTake
 .text.xQueueReceiveFromISR
                0x0000000008002e20       0xa0 Middlewares/Third_Party/FreeRTOS/Source/queue.o
                0x0000000008002e20                xQueueReceiveFromISR
 .text.uxQueueMessagesWaiting
                0x0000000008002ec0       0x26 Middlewares/Third_Party/FreeRTOS/Source/queue.o
                0x0000000008002ec0                uxQueueMessagesWaiting
 .text.uxQueueMessagesWaitingFromISR
                0x0000000008002ee6       0x18 Middlewares/Third_Party/FreeRTOS/Source/queue.o
                0x0000000008002ee6                uxQueueMessagesWaitingFromISR
 *fill*         0x0000000008002efe        0x2 
 .text.vQueueUnregisterQueue
                0x0000000008002f00       0x28 Middlewares/Third_Party/FreeRTOS/Source/queue.o
                0x0000000008002f00                vQueueUnregisterQueue
 .text.vQueueDelete
                0x0000000008002f28       0x2e Middlewares/Third_Party/FreeRTOS/Source/queue.o
                0x0000000008002f28                vQueueDelete
 *fill*         0x0000000008002f56        0x2 
 .text.prvAddNewTaskToReadyList
                0x0000000008002f58       0xdc Middlewares/Third_Party/FreeRTOS/Source/tasks.o
 .text.prvResetNextTaskUnblockTime
                0x0000000008003034       0x24 Middlewares/Third_Party/FreeRTOS/Source/tasks.o
 .text.prvInitialiseNewTask.isra.2
                0x0000000008003058       0x82 Middlewares/Third_Party/FreeRTOS/Source/tasks.o
 .text.prvDeleteTCB
                0x00000000080030da       0x36 Middlewares/Third_Party/FreeRTOS/Source/tasks.o
 .text.prvIdleTask
                0x0000000008003110       0x58 Middlewares/Third_Party/FreeRTOS/Source/tasks.o
 .text.prvAddCurrentTaskToDelayedList
                0x0000000008003168       0x8c Middlewares/Third_Party/FreeRTOS/Source/tasks.o
 .text.xTaskCreateStatic
                0x00000000080031f4       0x6e Middlewares/Third_Party/FreeRTOS/Source/tasks.o
                0x00000000080031f4                xTaskCreateStatic
 .text.xTaskCreate
                0x0000000008003262       0x5a Middlewares/Third_Party/FreeRTOS/Source/tasks.o
                0x0000000008003262                xTaskCreate
 .text.vTaskStartScheduler
                0x00000000080032bc       0x6c Middlewares/Third_Party/FreeRTOS/Source/tasks.o
                0x00000000080032bc                vTaskStartScheduler
 .text.vTaskSuspendAll
                0x0000000008003328       0x10 Middlewares/Third_Party/FreeRTOS/Source/tasks.o
                0x0000000008003328                vTaskSuspendAll
 .text.xTaskGetTickCount
                0x0000000008003338        0xc Middlewares/Third_Party/FreeRTOS/Source/tasks.o
                0x0000000008003338                xTaskGetTickCount
 .text.xTaskGetTickCountFromISR
                0x0000000008003344       0x10 Middlewares/Third_Party/FreeRTOS/Source/tasks.o
                0x0000000008003344                xTaskGetTickCountFromISR
 .text.xTaskIncrementTick
                0x0000000008003354       0xd8 Middlewares/Third_Party/FreeRTOS/Source/tasks.o
                0x0000000008003354                xTaskIncrementTick
 .text.xTaskResumeAll
                0x000000000800342c       0xd0 Middlewares/Third_Party/FreeRTOS/Source/tasks.o
                0x000000000800342c                xTaskResumeAll
 .text.vTaskDelay
                0x00000000080034fc       0x48 Middlewares/Third_Party/FreeRTOS/Source/tasks.o
                0x00000000080034fc                vTaskDelay
 .text.vTaskSwitchContext
                0x0000000008003544       0x74 Middlewares/Third_Party/FreeRTOS/Source/tasks.o
                0x0000000008003544                vTaskSwitchContext
 .text.vTaskPlaceOnEventList
                0x00000000080035b8       0x34 Middlewares/Third_Party/FreeRTOS/Source/tasks.o
                0x00000000080035b8                vTaskPlaceOnEventList
 .text.xTaskRemoveFromEventList
                0x00000000080035ec       0x84 Middlewares/Third_Party/FreeRTOS/Source/tasks.o
                0x00000000080035ec                xTaskRemoveFromEventList
 .text.vTaskInternalSetTimeOutState
                0x0000000008003670       0x18 Middlewares/Third_Party/FreeRTOS/Source/tasks.o
                0x0000000008003670                vTaskInternalSetTimeOutState
 .text.xTaskCheckForTimeOut
                0x0000000008003688       0x78 Middlewares/Third_Party/FreeRTOS/Source/tasks.o
                0x0000000008003688                xTaskCheckForTimeOut
 .text.vTaskMissedYield
                0x0000000008003700        0xc Middlewares/Third_Party/FreeRTOS/Source/tasks.o
                0x0000000008003700                vTaskMissedYield
 .text.xTaskGetSchedulerState
                0x000000000800370c       0x20 Middlewares/Third_Party/FreeRTOS/Source/tasks.o
                0x000000000800370c                xTaskGetSchedulerState
 .text.xTaskPriorityInherit
                0x000000000800372c       0xa8 Middlewares/Third_Party/FreeRTOS/Source/tasks.o
                0x000000000800372c                xTaskPriorityInherit
 .text.xTaskPriorityDisinherit
                0x00000000080037d4       0xa0 Middlewares/Third_Party/FreeRTOS/Source/tasks.o
                0x00000000080037d4                xTaskPriorityDisinherit
 .text.vTaskPriorityDisinheritAfterTimeout
                0x0000000008003874       0xb4 Middlewares/Third_Party/FreeRTOS/Source/tasks.o
                0x0000000008003874                vTaskPriorityDisinheritAfterTimeout
 .text.pvTaskIncrementMutexHeldCount
                0x0000000008003928       0x18 Middlewares/Third_Party/FreeRTOS/Source/tasks.o
                0x0000000008003928                pvTaskIncrementMutexHeldCount
 .text.netconn_apimsg
                0x0000000008003940       0x14 Middlewares/Third_Party/LwIP/src/api/api_lib.o
 .text.netconn_new_with_proto_and_callback
                0x0000000008003954       0xb4 Middlewares/Third_Party/LwIP/src/api/api_lib.o
                0x0000000008003954                netconn_new_with_proto_and_callback
 .text.netconn_delete
                0x0000000008003a08       0x30 Middlewares/Third_Party/LwIP/src/api/api_lib.o
                0x0000000008003a08                netconn_delete
 .text.netconn_connect
                0x0000000008003a38       0x4c Middlewares/Third_Party/LwIP/src/api/api_lib.o
                0x0000000008003a38                netconn_connect
 .text.netconn_disconnect
                0x0000000008003a84       0x3c Middlewares/Third_Party/LwIP/src/api/api_lib.o
                0x0000000008003a84                netconn_disconnect
 .text.netconn_send
                0x0000000008003ac0       0x3c Middlewares/Third_Party/LwIP/src/api/api_lib.o
                0x0000000008003ac0                netconn_send
 .text.netconn_write_partly
                0x0000000008003afc       0x94 Middlewares/Third_Party/LwIP/src/api/api_lib.o
                0x0000000008003afc                netconn_write_partly
 .text.recv_udp
                0x0000000008003b90       0xb0 Middlewares/Third_Party/LwIP/src/api/api_msg.o
 .text.setup_tcp
                0x0000000008003c40       0x44 Middlewares/Third_Party/LwIP/src/api/api_msg.o
 .text.err_tcp  0x0000000008003c84      0x128 Middlewares/Third_Party/LwIP/src/api/api_msg.o
 .text.lwip_netconn_do_connected
                0x0000000008003dac       0xc0 Middlewares/Third_Party/LwIP/src/api/api_msg.o
 .text.lwip_netconn_do_writemore
                0x0000000008003e6c      0x1fc Middlewares/Third_Party/LwIP/src/api/api_msg.o
 .text.lwip_netconn_do_close_internal
                0x0000000008004068      0x1fc Middlewares/Third_Party/LwIP/src/api/api_msg.o
 .text.poll_tcp
                0x0000000008004264       0x78 Middlewares/Third_Party/LwIP/src/api/api_msg.o
 .text.recv_tcp
                0x00000000080042dc       0xc4 Middlewares/Third_Party/LwIP/src/api/api_msg.o
 .text.sent_tcp
                0x00000000080043a0       0x6c Middlewares/Third_Party/LwIP/src/api/api_msg.o
 .text.lwip_netconn_do_newconn
                0x000000000800440c       0x80 Middlewares/Third_Party/LwIP/src/api/api_msg.o
                0x000000000800440c                lwip_netconn_do_newconn
 .text.netconn_alloc
                0x000000000800448c       0x8c Middlewares/Third_Party/LwIP/src/api/api_msg.o
                0x000000000800448c                netconn_alloc
 .text.netconn_free
                0x0000000008004518       0x78 Middlewares/Third_Party/LwIP/src/api/api_msg.o
                0x0000000008004518                netconn_free
 .text.netconn_drain
                0x0000000008004590       0xa0 Middlewares/Third_Party/LwIP/src/api/api_msg.o
 .text.lwip_netconn_do_delconn
                0x0000000008004630      0x130 Middlewares/Third_Party/LwIP/src/api/api_msg.o
                0x0000000008004630                lwip_netconn_do_delconn
 .text.lwip_netconn_do_connect
                0x0000000008004760       0xf0 Middlewares/Third_Party/LwIP/src/api/api_msg.o
                0x0000000008004760                lwip_netconn_do_connect
 .text.lwip_netconn_do_disconnect
                0x0000000008004850       0x3e Middlewares/Third_Party/LwIP/src/api/api_msg.o
                0x0000000008004850                lwip_netconn_do_disconnect
 .text.lwip_netconn_do_send
                0x000000000800488e       0x64 Middlewares/Third_Party/LwIP/src/api/api_msg.o
                0x000000000800488e                lwip_netconn_do_send
 *fill*         0x00000000080048f2        0x2 
 .text.lwip_netconn_do_write
                0x00000000080048f4       0xe8 Middlewares/Third_Party/LwIP/src/api/api_msg.o
                0x00000000080048f4                lwip_netconn_do_write
 .text.err_to_errno
                0x00000000080049dc       0x1c Middlewares/Third_Party/LwIP/src/api/err.o
                0x00000000080049dc                err_to_errno
 .text.netbuf_delete
                0x00000000080049f8       0x22 Middlewares/Third_Party/LwIP/src/api/netbuf.o
                0x00000000080049f8                netbuf_delete
 *fill*         0x0000000008004a1a        0x2 
 .text.netbuf_free
                0x0000000008004a1c       0x34 Middlewares/Third_Party/LwIP/src/api/netbuf.o
                0x0000000008004a1c                netbuf_free
 .text.netbuf_ref
                0x0000000008004a50       0x54 Middlewares/Third_Party/LwIP/src/api/netbuf.o
                0x0000000008004a50                netbuf_ref
 .text.get_socket
                0x0000000008004aa4       0x28 Middlewares/Third_Party/LwIP/src/api/sockets.o
 .text.alloc_socket
                0x0000000008004acc       0x78 Middlewares/Third_Party/LwIP/src/api/sockets.o
 .text.event_callback
                0x0000000008004b44      0x130 Middlewares/Third_Party/LwIP/src/api/sockets.o
 .text.lwip_connect
                0x0000000008004c74       0x7c Middlewares/Third_Party/LwIP/src/api/sockets.o
                0x0000000008004c74                lwip_connect
 .text.lwip_sendto
                0x0000000008004cf0       0xf4 Middlewares/Third_Party/LwIP/src/api/sockets.o
                0x0000000008004cf0                lwip_sendto
 .text.lwip_send
                0x0000000008004de4       0x7c Middlewares/Third_Party/LwIP/src/api/sockets.o
                0x0000000008004de4                lwip_send
 .text.lwip_socket
                0x0000000008004e60       0x70 Middlewares/Third_Party/LwIP/src/api/sockets.o
                0x0000000008004e60                lwip_socket
 .text.tcpip_thread
                0x0000000008004ed0       0x94 Middlewares/Third_Party/LwIP/src/api/tcpip.o
 .text.tcpip_inpkt
                0x0000000008004f64       0x58 Middlewares/Third_Party/LwIP/src/api/tcpip.o
                0x0000000008004f64                tcpip_inpkt
 .text.tcpip_input
                0x0000000008004fbc       0x1c Middlewares/Third_Party/LwIP/src/api/tcpip.o
                0x0000000008004fbc                tcpip_input
 .text.tcpip_callback_with_block
                0x0000000008004fd8       0x60 Middlewares/Third_Party/LwIP/src/api/tcpip.o
                0x0000000008004fd8                tcpip_callback_with_block
 .text.tcpip_send_msg_wait_sem
                0x0000000008005038       0x20 Middlewares/Third_Party/LwIP/src/api/tcpip.o
                0x0000000008005038                tcpip_send_msg_wait_sem
 .text.tcpip_init
                0x0000000008005058       0x80 Middlewares/Third_Party/LwIP/src/api/tcpip.o
                0x0000000008005058                tcpip_init
 .text.lwip_htons
                0x00000000080050d8        0x6 Middlewares/Third_Party/LwIP/src/core/def.o
                0x00000000080050d8                lwip_htons
 .text.lwip_htonl
                0x00000000080050de        0x4 Middlewares/Third_Party/LwIP/src/core/def.o
                0x00000000080050de                lwip_htonl
 .text.lwip_init
                0x00000000080050e2       0x22 Middlewares/Third_Party/LwIP/src/core/init.o
                0x00000000080050e2                lwip_init
 .text.etharp_free_entry
                0x0000000008005104       0x28 Middlewares/Third_Party/LwIP/src/core/ipv4/etharp.o
 .text.etharp_raw
                0x000000000800512c       0xd8 Middlewares/Third_Party/LwIP/src/core/ipv4/etharp.o
 .text.etharp_find_entry.isra.0
                0x0000000008005204      0x114 Middlewares/Third_Party/LwIP/src/core/ipv4/etharp.o
 .text.etharp_cleanup_netif
                0x0000000008005318       0x28 Middlewares/Third_Party/LwIP/src/core/ipv4/etharp.o
                0x0000000008005318                etharp_cleanup_netif
 .text.etharp_input
                0x0000000008005340      0x13c Middlewares/Third_Party/LwIP/src/core/ipv4/etharp.o
                0x0000000008005340                etharp_input
 .text.etharp_request
                0x000000000800547c       0x2c Middlewares/Third_Party/LwIP/src/core/ipv4/etharp.o
                0x000000000800547c                etharp_request
 .text.etharp_tmr
                0x00000000080054a8       0x54 Middlewares/Third_Party/LwIP/src/core/ipv4/etharp.o
                0x00000000080054a8                etharp_tmr
 .text.etharp_output_to_arp_index
                0x00000000080054fc       0xb8 Middlewares/Third_Party/LwIP/src/core/ipv4/etharp.o
 .text.etharp_query
                0x00000000080055b4      0x150 Middlewares/Third_Party/LwIP/src/core/ipv4/etharp.o
                0x00000000080055b4                etharp_query
 .text.etharp_output
                0x0000000008005704      0x128 Middlewares/Third_Party/LwIP/src/core/ipv4/etharp.o
                0x0000000008005704                etharp_output
 .text.icmp_send_response.isra.0
                0x000000000800582c       0x94 Middlewares/Third_Party/LwIP/src/core/ipv4/icmp.o
 .text.icmp_input
                0x00000000080058c0      0x130 Middlewares/Third_Party/LwIP/src/core/ipv4/icmp.o
                0x00000000080058c0                icmp_input
 .text.icmp_dest_unreach
                0x00000000080059f0        0xa Middlewares/Third_Party/LwIP/src/core/ipv4/icmp.o
                0x00000000080059f0                icmp_dest_unreach
 .text.icmp_time_exceeded
                0x00000000080059fa        0xa Middlewares/Third_Party/LwIP/src/core/ipv4/icmp.o
                0x00000000080059fa                icmp_time_exceeded
 .text.ip4_route
                0x0000000008005a04       0x58 Middlewares/Third_Party/LwIP/src/core/ipv4/ip4.o
                0x0000000008005a04                ip4_route
 .text.ip4_input
                0x0000000008005a5c      0x184 Middlewares/Third_Party/LwIP/src/core/ipv4/ip4.o
                0x0000000008005a5c                ip4_input
 .text.ip4_output_if_src
                0x0000000008005be0       0xf0 Middlewares/Third_Party/LwIP/src/core/ipv4/ip4.o
                0x0000000008005be0                ip4_output_if_src
 .text.ip4_output_if
                0x0000000008005cd0       0x22 Middlewares/Third_Party/LwIP/src/core/ipv4/ip4.o
                0x0000000008005cd0                ip4_output_if
 .text.ip4_addr_isbroadcast_u32
                0x0000000008005cf2       0x32 Middlewares/Third_Party/LwIP/src/core/ipv4/ip4_addr.o
                0x0000000008005cf2                ip4_addr_isbroadcast_u32
 .text.ip4addr_aton
                0x0000000008005d24      0x138 Middlewares/Third_Party/LwIP/src/core/ipv4/ip4_addr.o
                0x0000000008005d24                ip4addr_aton
 .text.ipaddr_addr
                0x0000000008005e5c       0x18 Middlewares/Third_Party/LwIP/src/core/ipv4/ip4_addr.o
                0x0000000008005e5c                ipaddr_addr
 .text.ip_reass_dequeue_datagram
                0x0000000008005e74       0x44 Middlewares/Third_Party/LwIP/src/core/ipv4/ip4_frag.o
 .text.ip_reass_free_complete_datagram
                0x0000000008005eb8       0xe8 Middlewares/Third_Party/LwIP/src/core/ipv4/ip4_frag.o
 .text.ip_reass_remove_oldest_datagram
                0x0000000008005fa0       0x78 Middlewares/Third_Party/LwIP/src/core/ipv4/ip4_frag.o
 .text.ip_frag_free_pbuf_custom_ref
                0x0000000008006018       0x2c Middlewares/Third_Party/LwIP/src/core/ipv4/ip4_frag.o
 .text.ipfrag_free_pbuf_custom
                0x0000000008006044       0x34 Middlewares/Third_Party/LwIP/src/core/ipv4/ip4_frag.o
 .text.ip_reass_tmr
                0x0000000008006078       0x28 Middlewares/Third_Party/LwIP/src/core/ipv4/ip4_frag.o
                0x0000000008006078                ip_reass_tmr
 .text.ip4_reass
                0x00000000080060a0      0x354 Middlewares/Third_Party/LwIP/src/core/ipv4/ip4_frag.o
                0x00000000080060a0                ip4_reass
 .text.ip4_frag
                0x00000000080063f4      0x1b4 Middlewares/Third_Party/LwIP/src/core/ipv4/ip4_frag.o
                0x00000000080063f4                ip4_frag
 .text.mem_init
                0x00000000080065a8       0x6c Middlewares/Third_Party/LwIP/src/core/mem.o
                0x00000000080065a8                mem_init
 .text.mem_free
                0x0000000008006614      0x170 Middlewares/Third_Party/LwIP/src/core/mem.o
                0x0000000008006614                mem_free
 .text.mem_trim
                0x0000000008006784      0x118 Middlewares/Third_Party/LwIP/src/core/mem.o
                0x0000000008006784                mem_trim
 .text.mem_malloc
                0x000000000800689c      0x13c Middlewares/Third_Party/LwIP/src/core/mem.o
                0x000000000800689c                mem_malloc
 .text.do_memp_malloc_pool.isra.0
                0x00000000080069d8       0x3c Middlewares/Third_Party/LwIP/src/core/memp.o
 .text.do_memp_free_pool.isra.1
                0x0000000008006a14       0x38 Middlewares/Third_Party/LwIP/src/core/memp.o
 .text.memp_init_pool
                0x0000000008006a4c       0x26 Middlewares/Third_Party/LwIP/src/core/memp.o
                0x0000000008006a4c                memp_init_pool
 *fill*         0x0000000008006a72        0x2 
 .text.memp_init
                0x0000000008006a74       0x1c Middlewares/Third_Party/LwIP/src/core/memp.o
                0x0000000008006a74                memp_init
 .text.memp_malloc
                0x0000000008006a90       0x38 Middlewares/Third_Party/LwIP/src/core/memp.o
                0x0000000008006a90                memp_malloc
 .text.memp_free
                0x0000000008006ac8       0x34 Middlewares/Third_Party/LwIP/src/core/memp.o
                0x0000000008006ac8                memp_free
 .text.netif_issue_reports.part.0
                0x0000000008006afc       0x12 Middlewares/Third_Party/LwIP/src/core/netif.o
 .text.netif_init
                0x0000000008006b0e        0x2 Middlewares/Third_Party/LwIP/src/core/netif.o
                0x0000000008006b0e                netif_init
 .text.netif_set_ipaddr
                0x0000000008006b10       0x44 Middlewares/Third_Party/LwIP/src/core/netif.o
                0x0000000008006b10                netif_set_ipaddr
 .text.netif_set_addr
                0x0000000008006b54       0x38 Middlewares/Third_Party/LwIP/src/core/netif.o
                0x0000000008006b54                netif_set_addr
 .text.netif_add
                0x0000000008006b8c       0x7c Middlewares/Third_Party/LwIP/src/core/netif.o
                0x0000000008006b8c                netif_add
 .text.netif_set_default
                0x0000000008006c08        0xc Middlewares/Third_Party/LwIP/src/core/netif.o
                0x0000000008006c08                netif_set_default
 .text.netif_set_up
                0x0000000008006c14       0x1e Middlewares/Third_Party/LwIP/src/core/netif.o
                0x0000000008006c14                netif_set_up
 .text.netif_set_down
                0x0000000008006c32       0x1a Middlewares/Third_Party/LwIP/src/core/netif.o
                0x0000000008006c32                netif_set_down
 .text.pbuf_free_ooseq_callback
                0x0000000008006c4c       0x34 Middlewares/Third_Party/LwIP/src/core/pbuf.o
 .text.pbuf_header_impl
                0x0000000008006c80       0x9c Middlewares/Third_Party/LwIP/src/core/pbuf.o
 .text.pbuf_pool_is_empty
                0x0000000008006d1c       0x3c Middlewares/Third_Party/LwIP/src/core/pbuf.o
 .text.pbuf_alloced_custom
                0x0000000008006d58       0x70 Middlewares/Third_Party/LwIP/src/core/pbuf.o
                0x0000000008006d58                pbuf_alloced_custom
 .text.pbuf_header
                0x0000000008006dc8        0x6 Middlewares/Third_Party/LwIP/src/core/pbuf.o
                0x0000000008006dc8                pbuf_header
 .text.pbuf_header_force
                0x0000000008006dce        0x6 Middlewares/Third_Party/LwIP/src/core/pbuf.o
                0x0000000008006dce                pbuf_header_force
 .text.pbuf_free
                0x0000000008006dd4       0xd4 Middlewares/Third_Party/LwIP/src/core/pbuf.o
                0x0000000008006dd4                pbuf_free
 .text.pbuf_alloc
                0x0000000008006ea8      0x1b8 Middlewares/Third_Party/LwIP/src/core/pbuf.o
                0x0000000008006ea8                pbuf_alloc
 .text.pbuf_realloc
                0x0000000008007060       0xe0 Middlewares/Third_Party/LwIP/src/core/pbuf.o
                0x0000000008007060                pbuf_realloc
 .text.pbuf_clen
                0x0000000008007140       0x10 Middlewares/Third_Party/LwIP/src/core/pbuf.o
                0x0000000008007140                pbuf_clen
 .text.pbuf_ref
                0x0000000008007150       0x38 Middlewares/Third_Party/LwIP/src/core/pbuf.o
                0x0000000008007150                pbuf_ref
 .text.pbuf_cat
                0x0000000008007188       0x74 Middlewares/Third_Party/LwIP/src/core/pbuf.o
                0x0000000008007188                pbuf_cat
 .text.pbuf_chain
                0x00000000080071fc       0x12 Middlewares/Third_Party/LwIP/src/core/pbuf.o
                0x00000000080071fc                pbuf_chain
 *fill*         0x000000000800720e        0x2 
 .text.pbuf_copy
                0x0000000008007210      0x114 Middlewares/Third_Party/LwIP/src/core/pbuf.o
                0x0000000008007210                pbuf_copy
 .text.pbuf_copy_partial
                0x0000000008007324       0x8c Middlewares/Third_Party/LwIP/src/core/pbuf.o
                0x0000000008007324                pbuf_copy_partial
 .text.tcp_new_port
                0x00000000080073b0       0x50 Middlewares/Third_Party/LwIP/src/core/tcp.o
 .text.tcp_close_shutdown_fin
                0x0000000008007400       0x60 Middlewares/Third_Party/LwIP/src/core/tcp.o
 .text.tcp_init
                0x0000000008007460        0x2 Middlewares/Third_Party/LwIP/src/core/tcp.o
                0x0000000008007460                tcp_init
 *fill*         0x0000000008007462        0x2 
 .text.tcp_update_rcv_ann_wnd
                0x0000000008007464       0x58 Middlewares/Third_Party/LwIP/src/core/tcp.o
                0x0000000008007464                tcp_update_rcv_ann_wnd
 .text.tcp_recved
                0x00000000080074bc       0x7c Middlewares/Third_Party/LwIP/src/core/tcp.o
                0x00000000080074bc                tcp_recved
 .text.tcp_seg_free
                0x0000000008007538       0x1c Middlewares/Third_Party/LwIP/src/core/tcp.o
                0x0000000008007538                tcp_seg_free
 .text.tcp_segs_free
                0x0000000008007554       0x10 Middlewares/Third_Party/LwIP/src/core/tcp.o
                0x0000000008007554                tcp_segs_free
 .text.tcp_seg_copy
                0x0000000008007564       0x2c Middlewares/Third_Party/LwIP/src/core/tcp.o
                0x0000000008007564                tcp_seg_copy
 .text.tcp_arg  0x0000000008007590        0x6 Middlewares/Third_Party/LwIP/src/core/tcp.o
                0x0000000008007590                tcp_arg
 *fill*         0x0000000008007596        0x2 
 .text.tcp_recv
                0x0000000008007598       0x30 Middlewares/Third_Party/LwIP/src/core/tcp.o
                0x0000000008007598                tcp_recv
 .text.tcp_sent
                0x00000000080075c8       0x2c Middlewares/Third_Party/LwIP/src/core/tcp.o
                0x00000000080075c8                tcp_sent
 .text.tcp_err  0x00000000080075f4       0x30 Middlewares/Third_Party/LwIP/src/core/tcp.o
                0x00000000080075f4                tcp_err
 .text.tcp_accept
                0x0000000008007624        0xc Middlewares/Third_Party/LwIP/src/core/tcp.o
                0x0000000008007624                tcp_accept
 .text.tcp_poll
                0x0000000008007630       0x30 Middlewares/Third_Party/LwIP/src/core/tcp.o
                0x0000000008007630                tcp_poll
 .text.tcp_pcb_purge
                0x0000000008007660       0x40 Middlewares/Third_Party/LwIP/src/core/tcp.o
                0x0000000008007660                tcp_pcb_purge
 .text.tcp_slowtmr
                0x00000000080076a0      0x3c4 Middlewares/Third_Party/LwIP/src/core/tcp.o
                0x00000000080076a0                tcp_slowtmr
 .text.tcp_pcb_remove
                0x0000000008007a64       0xa0 Middlewares/Third_Party/LwIP/src/core/tcp.o
                0x0000000008007a64                tcp_pcb_remove
 .text.tcp_close_shutdown
                0x0000000008007b04      0x14c Middlewares/Third_Party/LwIP/src/core/tcp.o
 .text.tcp_close
                0x0000000008007c50       0x14 Middlewares/Third_Party/LwIP/src/core/tcp.o
                0x0000000008007c50                tcp_close
 .text.tcp_recv_null
                0x0000000008007c64       0x24 Middlewares/Third_Party/LwIP/src/core/tcp.o
                0x0000000008007c64                tcp_recv_null
 .text.tcp_process_refused_data
                0x0000000008007c88       0x66 Middlewares/Third_Party/LwIP/src/core/tcp.o
                0x0000000008007c88                tcp_process_refused_data
 *fill*         0x0000000008007cee        0x2 
 .text.tcp_fasttmr
                0x0000000008007cf0       0x80 Middlewares/Third_Party/LwIP/src/core/tcp.o
                0x0000000008007cf0                tcp_fasttmr
 .text.tcp_tmr  0x0000000008007d70       0x24 Middlewares/Third_Party/LwIP/src/core/tcp.o
                0x0000000008007d70                tcp_tmr
 .text.tcp_shutdown
                0x0000000008007d94       0x4a Middlewares/Third_Party/LwIP/src/core/tcp.o
                0x0000000008007d94                tcp_shutdown
 *fill*         0x0000000008007dde        0x2 
 .text.tcp_abandon
                0x0000000008007de0       0xec Middlewares/Third_Party/LwIP/src/core/tcp.o
                0x0000000008007de0                tcp_abandon
 .text.tcp_abort
                0x0000000008007ecc        0x6 Middlewares/Third_Party/LwIP/src/core/tcp.o
                0x0000000008007ecc                tcp_abort
 .text.tcp_netif_ip_addr_changed_pcblist
                0x0000000008007ed2       0x1c Middlewares/Third_Party/LwIP/src/core/tcp.o
 *fill*         0x0000000008007eee        0x2 
 .text.tcp_kill_state
                0x0000000008007ef0       0x60 Middlewares/Third_Party/LwIP/src/core/tcp.o
 .text.tcp_alloc
                0x0000000008007f50      0x110 Middlewares/Third_Party/LwIP/src/core/tcp.o
                0x0000000008007f50                tcp_alloc
 .text.tcp_new_ip_type
                0x0000000008008060        0x6 Middlewares/Third_Party/LwIP/src/core/tcp.o
                0x0000000008008060                tcp_new_ip_type
 *fill*         0x0000000008008066        0x2 
 .text.tcp_next_iss
                0x0000000008008068       0x18 Middlewares/Third_Party/LwIP/src/core/tcp.o
                0x0000000008008068                tcp_next_iss
 .text.tcp_eff_send_mss_impl
                0x0000000008008080       0x1e Middlewares/Third_Party/LwIP/src/core/tcp.o
                0x0000000008008080                tcp_eff_send_mss_impl
 *fill*         0x000000000800809e        0x2 
 .text.tcp_connect
                0x00000000080080a0      0x100 Middlewares/Third_Party/LwIP/src/core/tcp.o
                0x00000000080080a0                tcp_connect
 .text.tcp_netif_ip_addr_changed
                0x00000000080081a0       0x4c Middlewares/Third_Party/LwIP/src/core/tcp.o
                0x00000000080081a0                tcp_netif_ip_addr_changed
 .text.tcp_oos_insert_segment
                0x00000000080081ec       0x7c Middlewares/Third_Party/LwIP/src/core/tcp_in.o
 .text.tcp_receive
                0x0000000008008268      0x998 Middlewares/Third_Party/LwIP/src/core/tcp_in.o
 .text.tcp_getoptbyte
                0x0000000008008c00       0x40 Middlewares/Third_Party/LwIP/src/core/tcp_in.o
 .text.tcp_parseopt.isra.1.part.2
                0x0000000008008c40       0x70 Middlewares/Third_Party/LwIP/src/core/tcp_in.o
 .text.tcp_input_delayed_close
                0x0000000008008cb0       0x40 Middlewares/Third_Party/LwIP/src/core/tcp_in.o
 .text.tcp_input
                0x0000000008008cf0      0x9fc Middlewares/Third_Party/LwIP/src/core/tcp_in.o
                0x0000000008008cf0                tcp_input
 .text.tcp_trigger_input_pcb_close
                0x00000000080096ec       0x10 Middlewares/Third_Party/LwIP/src/core/tcp_in.o
                0x00000000080096ec                tcp_trigger_input_pcb_close
 .text.tcp_pbuf_prealloc
                0x00000000080096fc       0x74 Middlewares/Third_Party/LwIP/src/core/tcp_out.o
 .text.tcp_create_segment
                0x0000000008009770       0xd0 Middlewares/Third_Party/LwIP/src/core/tcp_out.o
 .text.tcp_output_alloc_header.constprop.0
                0x0000000008009840       0x78 Middlewares/Third_Party/LwIP/src/core/tcp_out.o
 .text.tcp_write
                0x00000000080098b8      0x52c Middlewares/Third_Party/LwIP/src/core/tcp_out.o
                0x00000000080098b8                tcp_write
 .text.tcp_enqueue_flags
                0x0000000008009de4      0x130 Middlewares/Third_Party/LwIP/src/core/tcp_out.o
                0x0000000008009de4                tcp_enqueue_flags
 .text.tcp_send_fin
                0x0000000008009f14       0x44 Middlewares/Third_Party/LwIP/src/core/tcp_out.o
                0x0000000008009f14                tcp_send_fin
 .text.tcp_send_empty_ack
                0x0000000008009f58       0x6a Middlewares/Third_Party/LwIP/src/core/tcp_out.o
                0x0000000008009f58                tcp_send_empty_ack
 *fill*         0x0000000008009fc2        0x2 
 .text.tcp_output
                0x0000000008009fc4      0x2fc Middlewares/Third_Party/LwIP/src/core/tcp_out.o
                0x0000000008009fc4                tcp_output
 .text.tcp_rst  0x000000000800a2c0       0xb4 Middlewares/Third_Party/LwIP/src/core/tcp_out.o
                0x000000000800a2c0                tcp_rst
 .text.tcp_rexmit_rto
                0x000000000800a374       0x38 Middlewares/Third_Party/LwIP/src/core/tcp_out.o
                0x000000000800a374                tcp_rexmit_rto
 .text.tcp_rexmit
                0x000000000800a3ac       0x52 Middlewares/Third_Party/LwIP/src/core/tcp_out.o
                0x000000000800a3ac                tcp_rexmit
 .text.tcp_rexmit_fast
                0x000000000800a3fe       0x4e Middlewares/Third_Party/LwIP/src/core/tcp_out.o
                0x000000000800a3fe                tcp_rexmit_fast
 .text.tcp_keepalive
                0x000000000800a44c       0x54 Middlewares/Third_Party/LwIP/src/core/tcp_out.o
                0x000000000800a44c                tcp_keepalive
 .text.tcp_zero_window_probe
                0x000000000800a4a0       0xc0 Middlewares/Third_Party/LwIP/src/core/tcp_out.o
                0x000000000800a4a0                tcp_zero_window_probe
 .text.sys_timeout
                0x000000000800a560       0xa4 Middlewares/Third_Party/LwIP/src/core/timeouts.o
                0x000000000800a560                sys_timeout
 .text.tcp_timer_needed
                0x000000000800a604       0x34 Middlewares/Third_Party/LwIP/src/core/timeouts.o
                0x000000000800a604                tcp_timer_needed
 .text.tcpip_tcp_timer
                0x000000000800a638       0x38 Middlewares/Third_Party/LwIP/src/core/timeouts.o
 .text.sys_timeouts_init
                0x000000000800a670       0x38 Middlewares/Third_Party/LwIP/src/core/timeouts.o
                0x000000000800a670                sys_timeouts_init
 .text.cyclic_timer
                0x000000000800a6a8       0x1c Middlewares/Third_Party/LwIP/src/core/timeouts.o
 .text.sys_timeouts_mbox_fetch
                0x000000000800a6c4       0xa4 Middlewares/Third_Party/LwIP/src/core/timeouts.o
                0x000000000800a6c4                sys_timeouts_mbox_fetch
 .text.udp_init
                0x000000000800a768        0x2 Middlewares/Third_Party/LwIP/src/core/udp.o
                0x000000000800a768                udp_init
 *fill*         0x000000000800a76a        0x2 
 .text.udp_input
                0x000000000800a76c      0x130 Middlewares/Third_Party/LwIP/src/core/udp.o
                0x000000000800a76c                udp_input
 .text.udp_bind
                0x000000000800a89c       0xa8 Middlewares/Third_Party/LwIP/src/core/udp.o
                0x000000000800a89c                udp_bind
 .text.udp_sendto_if_src
                0x000000000800a944       0xcc Middlewares/Third_Party/LwIP/src/core/udp.o
                0x000000000800a944                udp_sendto_if_src
 .text.udp_sendto_if
                0x000000000800aa10       0x38 Middlewares/Third_Party/LwIP/src/core/udp.o
                0x000000000800aa10                udp_sendto_if
 .text.udp_sendto
                0x000000000800aa48       0x34 Middlewares/Third_Party/LwIP/src/core/udp.o
                0x000000000800aa48                udp_sendto
 .text.udp_send
                0x000000000800aa7c       0x12 Middlewares/Third_Party/LwIP/src/core/udp.o
                0x000000000800aa7c                udp_send
 *fill*         0x000000000800aa8e        0x2 
 .text.udp_connect
                0x000000000800aa90       0x50 Middlewares/Third_Party/LwIP/src/core/udp.o
                0x000000000800aa90                udp_connect
 .text.udp_disconnect
                0x000000000800aae0       0x10 Middlewares/Third_Party/LwIP/src/core/udp.o
                0x000000000800aae0                udp_disconnect
 .text.udp_recv
                0x000000000800aaf0        0x6 Middlewares/Third_Party/LwIP/src/core/udp.o
                0x000000000800aaf0                udp_recv
 *fill*         0x000000000800aaf6        0x2 
 .text.udp_remove
                0x000000000800aaf8       0x30 Middlewares/Third_Party/LwIP/src/core/udp.o
                0x000000000800aaf8                udp_remove
 .text.udp_new  0x000000000800ab28       0x1c Middlewares/Third_Party/LwIP/src/core/udp.o
                0x000000000800ab28                udp_new
 .text.udp_new_ip_type
                0x000000000800ab44        0x4 Middlewares/Third_Party/LwIP/src/core/udp.o
                0x000000000800ab44                udp_new_ip_type
 .text.udp_netif_ip_addr_changed
                0x000000000800ab48       0x2c Middlewares/Third_Party/LwIP/src/core/udp.o
                0x000000000800ab48                udp_netif_ip_addr_changed
 .text.ethernet_input
                0x000000000800ab74       0x98 Middlewares/Third_Party/LwIP/src/netif/ethernet.o
                0x000000000800ab74                ethernet_input
 .text.ethernet_output
                0x000000000800ac0c       0x70 Middlewares/Third_Party/LwIP/src/netif/ethernet.o
                0x000000000800ac0c                ethernet_output
 .text.sys_mbox_new
                0x000000000800ac7c       0x24 Middlewares/Third_Party/LwIP/system/OS/sys_arch.o
                0x000000000800ac7c                sys_mbox_new
 .text.sys_mbox_free
                0x000000000800aca0       0x14 Middlewares/Third_Party/LwIP/system/OS/sys_arch.o
                0x000000000800aca0                sys_mbox_free
 .text.sys_mbox_post
                0x000000000800acb4       0x18 Middlewares/Third_Party/LwIP/system/OS/sys_arch.o
                0x000000000800acb4                sys_mbox_post
 .text.sys_mbox_trypost
                0x000000000800accc       0x14 Middlewares/Third_Party/LwIP/system/OS/sys_arch.o
                0x000000000800accc                sys_mbox_trypost
 .text.sys_arch_mbox_fetch
                0x000000000800ace0       0x44 Middlewares/Third_Party/LwIP/system/OS/sys_arch.o
                0x000000000800ace0                sys_arch_mbox_fetch
 .text.sys_arch_mbox_tryfetch
                0x000000000800ad24       0x22 Middlewares/Third_Party/LwIP/system/OS/sys_arch.o
                0x000000000800ad24                sys_arch_mbox_tryfetch
 .text.sys_mbox_valid
                0x000000000800ad46        0xa Middlewares/Third_Party/LwIP/system/OS/sys_arch.o
                0x000000000800ad46                sys_mbox_valid
 .text.sys_mbox_set_invalid
                0x000000000800ad50        0x6 Middlewares/Third_Party/LwIP/system/OS/sys_arch.o
                0x000000000800ad50                sys_mbox_set_invalid
 .text.sys_sem_new
                0x000000000800ad56       0x30 Middlewares/Third_Party/LwIP/system/OS/sys_arch.o
                0x000000000800ad56                sys_sem_new
 .text.sys_arch_sem_wait
                0x000000000800ad86       0x36 Middlewares/Third_Party/LwIP/system/OS/sys_arch.o
                0x000000000800ad86                sys_arch_sem_wait
 .text.sys_sem_signal
                0x000000000800adbc        0x6 Middlewares/Third_Party/LwIP/system/OS/sys_arch.o
                0x000000000800adbc                sys_sem_signal
 .text.sys_sem_free
                0x000000000800adc2        0x6 Middlewares/Third_Party/LwIP/system/OS/sys_arch.o
                0x000000000800adc2                sys_sem_free
 .text.sys_sem_valid
                0x000000000800adc8        0xa Middlewares/Third_Party/LwIP/system/OS/sys_arch.o
                0x000000000800adc8                sys_sem_valid
 .text.sys_sem_set_invalid
                0x000000000800add2        0x6 Middlewares/Third_Party/LwIP/system/OS/sys_arch.o
                0x000000000800add2                sys_sem_set_invalid
 .text.sys_init
                0x000000000800add8       0x18 Middlewares/Third_Party/LwIP/system/OS/sys_arch.o
                0x000000000800add8                sys_init
 .text.sys_mutex_new
                0x000000000800adf0       0x1e Middlewares/Third_Party/LwIP/system/OS/sys_arch.o
                0x000000000800adf0                sys_mutex_new
 .text.sys_mutex_lock
                0x000000000800ae0e        0xa Middlewares/Third_Party/LwIP/system/OS/sys_arch.o
                0x000000000800ae0e                sys_mutex_lock
 .text.sys_mutex_unlock
                0x000000000800ae18        0x6 Middlewares/Third_Party/LwIP/system/OS/sys_arch.o
                0x000000000800ae18                sys_mutex_unlock
 .text.sys_thread_new
                0x000000000800ae1e       0x2e Middlewares/Third_Party/LwIP/system/OS/sys_arch.o
                0x000000000800ae1e                sys_thread_new
 .text.sys_arch_protect
                0x000000000800ae4c       0x18 Middlewares/Third_Party/LwIP/system/OS/sys_arch.o
                0x000000000800ae4c                sys_arch_protect
 .text.sys_arch_unprotect
                0x000000000800ae64        0xc Middlewares/Third_Party/LwIP/system/OS/sys_arch.o
                0x000000000800ae64                sys_arch_unprotect
 .text.connexion
                0x000000000800ae70       0x78 Src/connexion_serveur.o
                0x000000000800ae70                connexion
 .text.low_level_output
                0x000000000800aee8       0xa0 Src/ethernetif.o
 .text.ethernetif_input
                0x000000000800af88       0xec Src/ethernetif.o
                0x000000000800af88                ethernetif_input
 .text.HAL_ETH_MspInit
                0x000000000800b074      0x11c Src/ethernetif.o
                0x000000000800b074                HAL_ETH_MspInit
 .text.HAL_ETH_RxCpltCallback
                0x000000000800b190        0xc Src/ethernetif.o
                0x000000000800b190                HAL_ETH_RxCpltCallback
 .text.ethernetif_init
                0x000000000800b19c      0x15c Src/ethernetif.o
                0x000000000800b19c                ethernetif_init
 .text.sys_now  0x000000000800b2f8        0x4 Src/ethernetif.o
                0x000000000800b2f8                sys_now
 .text.StartDefaultTask
                0x000000000800b2fc       0x3c Src/freertos.o
                0x000000000800b2fc                StartDefaultTask
 .text.vApplicationGetIdleTaskMemory
                0x000000000800b338       0x18 Src/freertos.o
                0x000000000800b338                vApplicationGetIdleTaskMemory
 .text.MX_FREERTOS_Init
                0x000000000800b350       0x2c Src/freertos.o
                0x000000000800b350                MX_FREERTOS_Init
 .text.MX_GPIO_Init
                0x000000000800b37c      0x108 Src/gpio.o
                0x000000000800b37c                MX_GPIO_Init
 .text.MX_LWIP_Init
                0x000000000800b484       0xe0 Src/lwip.o
                0x000000000800b484                MX_LWIP_Init
 .text.SystemClock_Config
                0x000000000800b564       0x98 Src/main.o
                0x000000000800b564                SystemClock_Config
 .text.startup.main
                0x000000000800b5fc       0x30 Src/main.o
                0x000000000800b5fc                main
 .text.HAL_TIM_PeriodElapsedCallback
                0x000000000800b62c       0x14 Src/main.o
                0x000000000800b62c                HAL_TIM_PeriodElapsedCallback
 .text.Error_Handler
                0x000000000800b640        0x2 Src/main.o
                0x000000000800b640                Error_Handler
 .text.malloc   0x000000000800b642        0x4 Src/malloc.o
                0x000000000800b642                malloc
 .text.free     0x000000000800b646        0x4 Src/malloc.o
                0x000000000800b646                free
 *fill*         0x000000000800b64a        0x2 
 .text.envoi_data_serveur
                0x000000000800b64c       0x4c Src/send_data_server.o
                0x000000000800b64c                envoi_data_serveur
 .text.HAL_MspInit
                0x000000000800b698       0x44 Src/stm32f4xx_hal_msp.o
                0x000000000800b698                HAL_MspInit
 .text.HAL_InitTick
                0x000000000800b6dc       0x7c Src/stm32f4xx_hal_timebase_tim.o
                0x000000000800b6dc                HAL_InitTick
 .text.NMI_Handler
                0x000000000800b758        0x2 Src/stm32f4xx_it.o
                0x000000000800b758                NMI_Handler
 .text.HardFault_Handler
                0x000000000800b75a        0x2 Src/stm32f4xx_it.o
                0x000000000800b75a                HardFault_Handler
 .text.MemManage_Handler
                0x000000000800b75c        0x2 Src/stm32f4xx_it.o
                0x000000000800b75c                MemManage_Handler
 .text.BusFault_Handler
                0x000000000800b75e        0x2 Src/stm32f4xx_it.o
                0x000000000800b75e                BusFault_Handler
 .text.UsageFault_Handler
                0x000000000800b760        0x2 Src/stm32f4xx_it.o
                0x000000000800b760                UsageFault_Handler
 .text.DebugMon_Handler
                0x000000000800b762        0x2 Src/stm32f4xx_it.o
                0x000000000800b762                DebugMon_Handler
 .text.TIM1_UP_TIM10_IRQHandler
                0x000000000800b764        0xc Src/stm32f4xx_it.o
                0x000000000800b764                TIM1_UP_TIM10_IRQHandler
 .text.ETH_IRQHandler
                0x000000000800b770        0xc Src/stm32f4xx_it.o
                0x000000000800b770                ETH_IRQHandler
 .text._write   0x000000000800b77c       0x32 Src/syscalls.o
                0x000000000800b77c                _write
 *fill*         0x000000000800b7ae        0x2 
 .text.SystemInit
                0x000000000800b7b0       0x4c Src/system_stm32f4xx.o
                0x000000000800b7b0                SystemInit
 .text.ts_itoa  0x000000000800b7fc       0x34 Src/tiny_printf.o
                0x000000000800b7fc                ts_itoa
 .text.ts_formatstring
                0x000000000800b830       0xc2 Src/tiny_printf.o
                0x000000000800b830                ts_formatstring
 .text.ts_formatlength
                0x000000000800b8f2       0x68 Src/tiny_printf.o
                0x000000000800b8f2                ts_formatlength
 .text.iprintf  0x000000000800b95a       0x7e Src/tiny_printf.o
                0x000000000800b95a                printf
                0x000000000800b95a                iprintf
 .text.puts     0x000000000800b9d8       0x34 Src/tiny_printf.o
                0x000000000800b9d8                puts
 .text.MX_USART3_UART_Init
                0x000000000800ba0c       0x38 Src/usart.o
                0x000000000800ba0c                MX_USART3_UART_Init
 .text.HAL_UART_MspInit
                0x000000000800ba44       0x70 Src/usart.o
                0x000000000800ba44                HAL_UART_MspInit
 .text.MX_USB_OTG_FS_PCD_Init
                0x000000000800bab4       0x38 Src/usb_otg.o
                0x000000000800bab4                MX_USB_OTG_FS_PCD_Init
 .text.HAL_PCD_MspInit
                0x000000000800baec       0x84 Src/usb_otg.o
                0x000000000800baec                HAL_PCD_MspInit
 .text.Reset_Handler
                0x000000000800bb70       0x50 startup/startup_stm32f429xx.o
                0x000000000800bb70                Reset_Handler
 .text.Default_Handler
                0x000000000800bbc0        0x2 startup/startup_stm32f429xx.o
                0x000000000800bbc0                RTC_Alarm_IRQHandler
                0x000000000800bbc0                HASH_RNG_IRQHandler
                0x000000000800bbc0                EXTI2_IRQHandler
                0x000000000800bbc0                TIM8_CC_IRQHandler
                0x000000000800bbc0                UART8_IRQHandler
                0x000000000800bbc0                SPI4_IRQHandler
                0x000000000800bbc0                TIM1_CC_IRQHandler
                0x000000000800bbc0                DMA2_Stream5_IRQHandler
                0x000000000800bbc0                DMA1_Stream5_IRQHandler
                0x000000000800bbc0                PVD_IRQHandler
                0x000000000800bbc0                SDIO_IRQHandler
                0x000000000800bbc0                TAMP_STAMP_IRQHandler
                0x000000000800bbc0                CAN2_RX1_IRQHandler
                0x000000000800bbc0                EXTI3_IRQHandler
                0x000000000800bbc0                TIM8_TRG_COM_TIM14_IRQHandler
                0x000000000800bbc0                TIM8_UP_TIM13_IRQHandler
                0x000000000800bbc0                I2C3_ER_IRQHandler
                0x000000000800bbc0                EXTI0_IRQHandler
                0x000000000800bbc0                I2C2_EV_IRQHandler
                0x000000000800bbc0                DMA1_Stream2_IRQHandler
                0x000000000800bbc0                CAN1_RX0_IRQHandler
                0x000000000800bbc0                FPU_IRQHandler
                0x000000000800bbc0                OTG_HS_WKUP_IRQHandler
                0x000000000800bbc0                LTDC_ER_IRQHandler
                0x000000000800bbc0                CAN2_SCE_IRQHandler
                0x000000000800bbc0                DMA2_Stream2_IRQHandler
                0x000000000800bbc0                SPI1_IRQHandler
                0x000000000800bbc0                TIM6_DAC_IRQHandler
                0x000000000800bbc0                TIM1_BRK_TIM9_IRQHandler
                0x000000000800bbc0                DCMI_IRQHandler
                0x000000000800bbc0                CAN2_RX0_IRQHandler
                0x000000000800bbc0                DMA2_Stream3_IRQHandler
                0x000000000800bbc0                USART6_IRQHandler
                0x000000000800bbc0                USART3_IRQHandler
                0x000000000800bbc0                CAN1_RX1_IRQHandler
                0x000000000800bbc0                UART5_IRQHandler
                0x000000000800bbc0                DMA2_Stream0_IRQHandler
                0x000000000800bbc0                TIM4_IRQHandler
                0x000000000800bbc0                I2C1_EV_IRQHandler
                0x000000000800bbc0                DMA1_Stream6_IRQHandler
                0x000000000800bbc0                DMA1_Stream1_IRQHandler
                0x000000000800bbc0                UART4_IRQHandler
                0x000000000800bbc0                TIM3_IRQHandler
                0x000000000800bbc0                RCC_IRQHandler
                0x000000000800bbc0                TIM8_BRK_TIM12_IRQHandler
                0x000000000800bbc0                Default_Handler
                0x000000000800bbc0                EXTI15_10_IRQHandler
                0x000000000800bbc0                ADC_IRQHandler
                0x000000000800bbc0                DMA1_Stream7_IRQHandler
                0x000000000800bbc0                SPI5_IRQHandler
                0x000000000800bbc0                TIM7_IRQHandler
                0x000000000800bbc0                CAN2_TX_IRQHandler
                0x000000000800bbc0                TIM5_IRQHandler
                0x000000000800bbc0                DMA2_Stream7_IRQHandler
                0x000000000800bbc0                I2C3_EV_IRQHandler
                0x000000000800bbc0                EXTI9_5_IRQHandler
                0x000000000800bbc0                RTC_WKUP_IRQHandler
                0x000000000800bbc0                LTDC_IRQHandler
                0x000000000800bbc0                ETH_WKUP_IRQHandler
                0x000000000800bbc0                SPI2_IRQHandler
                0x000000000800bbc0                OTG_HS_EP1_IN_IRQHandler
                0x000000000800bbc0                DMA1_Stream0_IRQHandler
                0x000000000800bbc0                CAN1_TX_IRQHandler
                0x000000000800bbc0                EXTI4_IRQHandler
                0x000000000800bbc0                OTG_HS_EP1_OUT_IRQHandler
                0x000000000800bbc0                WWDG_IRQHandler
                0x000000000800bbc0                SPI6_IRQHandler
                0x000000000800bbc0                TIM2_IRQHandler
                0x000000000800bbc0                OTG_FS_WKUP_IRQHandler
                0x000000000800bbc0                TIM1_TRG_COM_TIM11_IRQHandler
                0x000000000800bbc0                OTG_HS_IRQHandler
                0x000000000800bbc0                DMA2D_IRQHandler
                0x000000000800bbc0                EXTI1_IRQHandler
                0x000000000800bbc0                UART7_IRQHandler
                0x000000000800bbc0                USART2_IRQHandler
                0x000000000800bbc0                I2C2_ER_IRQHandler
                0x000000000800bbc0                DMA2_Stream1_IRQHandler
                0x000000000800bbc0                CAN1_SCE_IRQHandler
                0x000000000800bbc0                FLASH_IRQHandler
                0x000000000800bbc0                DMA2_Stream4_IRQHandler
                0x000000000800bbc0                USART1_IRQHandler
                0x000000000800bbc0                OTG_FS_IRQHandler
                0x000000000800bbc0                SPI3_IRQHandler
                0x000000000800bbc0                DMA1_Stream4_IRQHandler
                0x000000000800bbc0                I2C1_ER_IRQHandler
                0x000000000800bbc0                FMC_IRQHandler
                0x000000000800bbc0                DMA2_Stream6_IRQHandler
                0x000000000800bbc0                SAI1_IRQHandler
                0x000000000800bbc0                DMA1_Stream3_IRQHandler
 *fill*         0x000000000800bbc2        0x2 
 .text.__libc_init_array
                0x000000000800bbc4       0x48 /opt/Atollic_TrueSTUDIO_for_STM32_x86_64_9.3.0/ARMTools/bin/../lib/gcc/arm-atollic-eabi/6.3.1/../../../../arm-atollic-eabi/lib/armv7e-m/fpu/libc_nano.a(lib_a-init.o)
                0x000000000800bbc4                __libc_init_array
 .text.memcmp   0x000000000800bc0c       0x1e /opt/Atollic_TrueSTUDIO_for_STM32_x86_64_9.3.0/ARMTools/bin/../lib/gcc/arm-atollic-eabi/6.3.1/../../../../arm-atollic-eabi/lib/armv7e-m/fpu/libc_nano.a(lib_a-memcmp.o)
                0x000000000800bc0c                memcmp
 .text.memcpy   0x000000000800bc2a       0x16 /opt/Atollic_TrueSTUDIO_for_STM32_x86_64_9.3.0/ARMTools/bin/../lib/gcc/arm-atollic-eabi/6.3.1/../../../../arm-atollic-eabi/lib/armv7e-m/fpu/libc_nano.a(lib_a-memcpy-stub.o)
                0x000000000800bc2a                memcpy
 .text.memset   0x000000000800bc40       0x10 /opt/Atollic_TrueSTUDIO_for_STM32_x86_64_9.3.0/ARMTools/bin/../lib/gcc/arm-atollic-eabi/6.3.1/../../../../arm-atollic-eabi/lib/armv7e-m/fpu/libc_nano.a(lib_a-memset.o)
                0x000000000800bc40                memset
 .text._strerror_r
                0x000000000800bc50      0x3cc /opt/Atollic_TrueSTUDIO_for_STM32_x86_64_9.3.0/ARMTools/bin/../lib/gcc/arm-atollic-eabi/6.3.1/../../../../arm-atollic-eabi/lib/armv7e-m/fpu/libc_nano.a(lib_a-strerror.o)
                0x000000000800bc50                _strerror_r
 .text.strerror
                0x000000000800c01c       0x14 /opt/Atollic_TrueSTUDIO_for_STM32_x86_64_9.3.0/ARMTools/bin/../lib/gcc/arm-atollic-eabi/6.3.1/../../../../arm-atollic-eabi/lib/armv7e-m/fpu/libc_nano.a(lib_a-strerror.o)
                0x000000000800c01c                strerror
 .text._user_strerror
                0x000000000800c030        0x4 /opt/Atollic_TrueSTUDIO_for_STM32_x86_64_9.3.0/ARMTools/bin/../lib/gcc/arm-atollic-eabi/6.3.1/../../../../arm-atollic-eabi/lib/armv7e-m/fpu/libc_nano.a(lib_a-u_strerr.o)
                0x000000000800c030                _user_strerror
 *(.glue_7)
 .glue_7        0x000000000800c034        0x0 linker stubs
 *(.glue_7t)
 .glue_7t       0x000000000800c034        0x0 linker stubs
 *(.eh_frame)
 .eh_frame      0x000000000800c034        0x0 /opt/Atollic_TrueSTUDIO_for_STM32_x86_64_9.3.0/ARMTools/bin/../lib/gcc/arm-atollic-eabi/6.3.1/armv7e-m/fpu/crtbegin.o
 *(.init)
 .init          0x000000000800c034        0x4 /opt/Atollic_TrueSTUDIO_for_STM32_x86_64_9.3.0/ARMTools/bin/../lib/gcc/arm-atollic-eabi/6.3.1/armv7e-m/fpu/crti.o
                0x000000000800c034                _init
 .init          0x000000000800c038        0x8 /opt/Atollic_TrueSTUDIO_for_STM32_x86_64_9.3.0/ARMTools/bin/../lib/gcc/arm-atollic-eabi/6.3.1/armv7e-m/fpu/crtn.o
 *(.fini)
 .fini          0x000000000800c040        0x4 /opt/Atollic_TrueSTUDIO_for_STM32_x86_64_9.3.0/ARMTools/bin/../lib/gcc/arm-atollic-eabi/6.3.1/armv7e-m/fpu/crti.o
                0x000000000800c040                _fini
 .fini          0x000000000800c044        0x8 /opt/Atollic_TrueSTUDIO_for_STM32_x86_64_9.3.0/ARMTools/bin/../lib/gcc/arm-atollic-eabi/6.3.1/armv7e-m/fpu/crtn.o
                0x000000000800c04c                . = ALIGN (0x4)
                0x000000000800c04c                _etext = .

.vfp11_veneer   0x000000000800c04c        0x0
 .vfp11_veneer  0x000000000800c04c        0x0 linker stubs

.v4_bx          0x000000000800c04c        0x0
 .v4_bx         0x000000000800c04c        0x0 linker stubs

.iplt           0x000000000800c04c        0x0
 .iplt          0x000000000800c04c        0x0 /opt/Atollic_TrueSTUDIO_for_STM32_x86_64_9.3.0/ARMTools/bin/../lib/gcc/arm-atollic-eabi/6.3.1/armv7e-m/fpu/crtbegin.o

.rodata         0x000000000800c04c     0x2714
                0x000000000800c04c                . = ALIGN (0x4)
 *(.rodata)
 .rodata        0x000000000800c04c       0x1c Src/ethernetif.o
 .rodata        0x000000000800c068       0x1c Src/freertos.o
 *(.rodata*)
 .rodata.vTaskStartScheduler.str1.1
                0x000000000800c084        0x5 Middlewares/Third_Party/FreeRTOS/Source/tasks.o
 .rodata.netconn_close_shutdown.str1.1
                0x000000000800c089       0x76 Middlewares/Third_Party/LwIP/src/api/api_lib.o
 .rodata.netconn_connect.str1.1
                0x000000000800c0ff       0x1e Middlewares/Third_Party/LwIP/src/api/api_lib.o
 .rodata.netconn_disconnect.str1.1
                0x000000000800c11d       0x21 Middlewares/Third_Party/LwIP/src/api/api_lib.o
 .rodata.netconn_new_with_proto_and_callback.str1.1
                0x000000000800c13e       0x70 Middlewares/Third_Party/LwIP/src/api/api_lib.o
 .rodata.netconn_send.str1.1
                0x000000000800c1ae       0x1b Middlewares/Third_Party/LwIP/src/api/api_lib.o
 .rodata.netconn_write_partly.str1.1
                0x000000000800c1c9       0x3e Middlewares/Third_Party/LwIP/src/api/api_lib.o
 .rodata.err_tcp.str1.1
                0x000000000800c207       0x5a Middlewares/Third_Party/LwIP/src/api/api_msg.o
 .rodata.lwip_netconn_do_close_internal.str1.1
                0x000000000800c261       0x78 Middlewares/Third_Party/LwIP/src/api/api_msg.o
                                         0x85 (size before relaxing)
 .rodata.lwip_netconn_do_connect.str1.1
                0x000000000800c2d9       0x15 Middlewares/Third_Party/LwIP/src/api/api_msg.o
 .rodata.lwip_netconn_do_connected.str1.1
                0x000000000800c2ee       0x79 Middlewares/Third_Party/LwIP/src/api/api_msg.o
 .rodata.lwip_netconn_do_delconn.str1.1
                0x000000000800c367       0x36 Middlewares/Third_Party/LwIP/src/api/api_msg.o
 .rodata.lwip_netconn_do_write.str1.1
                0x000000000800c39d       0x14 Middlewares/Third_Party/LwIP/src/api/api_msg.o
 .rodata.lwip_netconn_do_writemore.str1.1
                0x000000000800c3b1       0x90 Middlewares/Third_Party/LwIP/src/api/api_msg.o
 .rodata.netconn_alloc.str1.1
                0x000000000800c441       0x26 Middlewares/Third_Party/LwIP/src/api/api_msg.o
 .rodata.netconn_free.str1.1
                0x000000000800c467       0xa4 Middlewares/Third_Party/LwIP/src/api/api_msg.o
 .rodata.recv_tcp.str1.1
                0x000000000800c50b       0x5f Middlewares/Third_Party/LwIP/src/api/api_msg.o
 .rodata.recv_udp.str1.1
                0x000000000800c56a       0x91 Middlewares/Third_Party/LwIP/src/api/api_msg.o
                                         0xb9 (size before relaxing)
 *fill*         0x000000000800c5fb        0x1 
 .rodata.err_to_errno_table
                0x000000000800c5fc       0x44 Middlewares/Third_Party/LwIP/src/api/err.o
 .rodata.netbuf_alloc.str1.1
                0x000000000800c640       0x6f Middlewares/Third_Party/LwIP/src/api/netbuf.o
                                         0x97 (size before relaxing)
 .rodata.netbuf_free.str1.1
                0x000000000800c6af       0x19 Middlewares/Third_Party/LwIP/src/api/netbuf.o
 .rodata.netbuf_ref.str1.1
                0x000000000800c6c8       0x18 Middlewares/Third_Party/LwIP/src/api/netbuf.o
 .rodata.event_callback.str1.1
                0x000000000800c6e0       0x40 Middlewares/Third_Party/LwIP/src/api/sockets.o
                                         0x68 (size before relaxing)
 .rodata.lwip_connect.str1.1
                0x000000000800c720       0x1e Middlewares/Third_Party/LwIP/src/api/sockets.o
 .rodata.lwip_sendto.str1.1
                0x000000000800c73e       0x41 Middlewares/Third_Party/LwIP/src/api/sockets.o
 .rodata.tcpip_init.str1.1
                0x000000000800c77f       0x51 Middlewares/Third_Party/LwIP/src/api/tcpip.o
 .rodata.tcpip_inpkt.str1.1
                0x000000000800c7d0        0xd Middlewares/Third_Party/LwIP/src/api/tcpip.o
 .rodata.tcpip_thread.str1.1
                0x000000000800c7dd       0x4e Middlewares/Third_Party/LwIP/src/api/tcpip.o
                                         0x76 (size before relaxing)
 .rodata.etharp_find_entry.isra.0.str1.1
                0x000000000800c82b       0x40 Middlewares/Third_Party/LwIP/src/core/ipv4/etharp.o
 .rodata.etharp_get_entry.str1.1
                0x000000000800c86b       0x1f Middlewares/Third_Party/LwIP/src/core/ipv4/etharp.o
 .rodata.etharp_input.str1.1
                0x000000000800c88a       0x24 Middlewares/Third_Party/LwIP/src/core/ipv4/etharp.o
 .rodata.etharp_output.str1.1
                0x000000000800c8ae       0x24 Middlewares/Third_Party/LwIP/src/core/ipv4/etharp.o
                                          0xa (size before relaxing)
 .rodata.etharp_output_to_arp_index.str1.1
                0x000000000800c8ae       0x30 Middlewares/Third_Party/LwIP/src/core/ipv4/etharp.o
 .rodata.etharp_query.str1.1
                0x000000000800c8de       0x42 Middlewares/Third_Party/LwIP/src/core/ipv4/etharp.o
 .rodata.etharp_raw.str1.1
                0x000000000800c920       0xb7 Middlewares/Third_Party/LwIP/src/core/ipv4/etharp.o
                                         0xdf (size before relaxing)
 .rodata.icmp_input.str1.1
                0x000000000800c9d7       0x67 Middlewares/Third_Party/LwIP/src/core/ipv4/icmp.o
 .rodata.icmp_send_response.isra.0.str1.1
                0x000000000800ca3e       0x61 Middlewares/Third_Party/LwIP/src/core/ipv4/icmp.o
                                         0x89 (size before relaxing)
 .rodata.ip4_output_if_src.str1.1
                0x000000000800ca9f       0x6d Middlewares/Third_Party/LwIP/src/core/ipv4/ip4.o
                                         0x95 (size before relaxing)
 .rodata.ip4addr_aton.str1.1
                0x000000000800cb0c       0x43 Middlewares/Third_Party/LwIP/src/core/ipv4/ip4_addr.o
                                         0x6b (size before relaxing)
 *fill*         0x000000000800cb4f        0x1 
 .rodata.ip_addr_any
                0x000000000800cb50        0x4 Middlewares/Third_Party/LwIP/src/core/ipv4/ip4_addr.o
                0x000000000800cb50                ip_addr_any
 .rodata.ip4_frag.str1.1
                0x000000000800cb54       0x61 Middlewares/Third_Party/LwIP/src/core/ipv4/ip4_frag.o
 .rodata.ip4_reass.str1.1
                0x000000000800cbb5       0x84 Middlewares/Third_Party/LwIP/src/core/ipv4/ip4_frag.o
 .rodata.ip_frag_free_pbuf_custom_ref.str1.1
                0x000000000800cc39       0x84 Middlewares/Third_Party/LwIP/src/core/ipv4/ip4_frag.o
                                          0xa (size before relaxing)
 .rodata.ip_reass_dequeue_datagram.str1.1
                0x000000000800cc39       0x52 Middlewares/Third_Party/LwIP/src/core/ipv4/ip4_frag.o
                                         0x7a (size before relaxing)
 .rodata.ip_reass_free_complete_datagram.str1.1
                0x000000000800cc8b       0x56 Middlewares/Third_Party/LwIP/src/core/ipv4/ip4_frag.o
 .rodata.ipfrag_free_pbuf_custom.str1.1
                0x000000000800cce1        0xc Middlewares/Third_Party/LwIP/src/core/ipv4/ip4_frag.o
 .rodata.mem_free.str1.1
                0x000000000800cced       0xc2 Middlewares/Third_Party/LwIP/src/core/mem.o
 .rodata.mem_init.str1.1
                0x000000000800cdaf       0x4a Middlewares/Third_Party/LwIP/src/core/mem.o
                                         0x72 (size before relaxing)
 .rodata.mem_malloc.str1.1
                0x000000000800cdf9       0x9b Middlewares/Third_Party/LwIP/src/core/mem.o
 .rodata.mem_trim.str1.1
                0x000000000800ce94       0x37 Middlewares/Third_Party/LwIP/src/core/mem.o
 .rodata.do_memp_free_pool.isra.1.str1.1
                0x000000000800cecb       0x20 Middlewares/Third_Party/LwIP/src/core/memp.o
 .rodata.do_memp_malloc_pool.isra.0.str1.1
                0x000000000800ceeb       0x53 Middlewares/Third_Party/LwIP/src/core/memp.o
                                         0x7b (size before relaxing)
 *fill*         0x000000000800cf3e        0x2 
 .rodata.memp_FRAG_PBUF
                0x000000000800cf40        0xc Middlewares/Third_Party/LwIP/src/core/memp.o
                0x000000000800cf40                memp_FRAG_PBUF
 .rodata.memp_NETBUF