Archive member included to satisfy reference by file (symbol)

/opt/Atollic_TrueSTUDIO_for_STM32_x86_64_9.3.0/ARMTools/bin/../lib/gcc/arm-atollic-eabi/6.3.1/../../../../arm-atollic-eabi/lib/armv7e-m/fpu/libc_nano.a(lib_a-init.o)
                              startup/startup_stm32f429xx.o (__libc_init_array)
/opt/Atollic_TrueSTUDIO_for_STM32_x86_64_9.3.0/ARMTools/bin/../lib/gcc/arm-atollic-eabi/6.3.1/../../../../arm-atollic-eabi/lib/armv7e-m/fpu/libc_nano.a(lib_a-memcmp.o)
                              Middlewares/Third_Party/LwIP/src/netif/ethernet.o (memcmp)
/opt/Atollic_TrueSTUDIO_for_STM32_x86_64_9.3.0/ARMTools/bin/../lib/gcc/arm-atollic-eabi/6.3.1/../../../../arm-atollic-eabi/lib/armv7e-m/fpu/libc_nano.a(lib_a-memcpy-stub.o)
                              Middlewares/Third_Party/FreeRTOS/Source/queue.o (memcpy)
/opt/Atollic_TrueSTUDIO_for_STM32_x86_64_9.3.0/ARMTools/bin/../lib/gcc/arm-atollic-eabi/6.3.1/../../../../arm-atollic-eabi/lib/armv7e-m/fpu/libc_nano.a(lib_a-memset.o)
                              Middlewares/Third_Party/FreeRTOS/Source/stream_buffer.o (memset)
/opt/Atollic_TrueSTUDIO_for_STM32_x86_64_9.3.0/ARMTools/bin/../lib/gcc/arm-atollic-eabi/6.3.1/../../../../arm-atollic-eabi/lib/armv7e-m/fpu/libc_nano.a(lib_a-strlen.o)
                              Middlewares/Third_Party/LwIP/src/apps/mqtt/mqtt.o (strlen)
/opt/Atollic_TrueSTUDIO_for_STM32_x86_64_9.3.0/ARMTools/bin/../lib/gcc/arm-atollic-eabi/6.3.1/../../../../arm-atollic-eabi/lib/armv7e-m/fpu/libc_nano.a(lib_a-strncmp.o)
                              Middlewares/Third_Party/LwIP/src/core/def.o (strncmp)
/opt/Atollic_TrueSTUDIO_for_STM32_x86_64_9.3.0/ARMTools/bin/../lib/gcc/arm-atollic-eabi/6.3.1/armv7e-m/fpu/libgcc.a(_aeabi_uldivmod.o)
                              Drivers/STM32F4xx_HAL_Driver/Src/stm32f4xx_hal_rcc.o (__aeabi_uldivmod)
/opt/Atollic_TrueSTUDIO_for_STM32_x86_64_9.3.0/ARMTools/bin/../lib/gcc/arm-atollic-eabi/6.3.1/armv7e-m/fpu/libgcc.a(_udivmoddi4.o)
                              /opt/Atollic_TrueSTUDIO_for_STM32_x86_64_9.3.0/ARMTools/bin/../lib/gcc/arm-atollic-eabi/6.3.1/armv7e-m/fpu/libgcc.a(_aeabi_uldivmod.o) (__udivmoddi4)
/opt/Atollic_TrueSTUDIO_for_STM32_x86_64_9.3.0/ARMTools/bin/../lib/gcc/arm-atollic-eabi/6.3.1/armv7e-m/fpu/libgcc.a(_dvmd_tls.o)
                              /opt/Atollic_TrueSTUDIO_for_STM32_x86_64_9.3.0/ARMTools/bin/../lib/gcc/arm-atollic-eabi/6.3.1/armv7e-m/fpu/libgcc.a(_aeabi_uldivmod.o) (__aeabi_ldiv0)

Allocating common symbols
Common symbol       size              file

netif_list          0x4               Middlewares/Third_Party/LwIP/src/core/netif.o
defaultTaskHandle   0x4               Src/freertos.o
ip_data             0x18              Middlewares/Third_Party/LwIP/src/core/ip.o
memp_memory_NETBUF_base
                    0x23              Middlewares/Third_Party/LwIP/src/core/memp.o
GATEWAY_ADDRESS     0x4               Src/lwip.o
tcp_active_pcbs_changed
                    0x1               Middlewares/Third_Party/LwIP/src/core/tcp.o
tcp_active_pcbs     0x4               Middlewares/Third_Party/LwIP/src/core/tcp.o
udp_pcbs            0x4               Middlewares/Third_Party/LwIP/src/core/udp.o
errno               0x4               Middlewares/Third_Party/LwIP/system/OS/sys_arch.o
huart3              0x40              Src/usart.o
memp_memory_TCPIP_MSG_INPKT_base
                    0x83              Middlewares/Third_Party/LwIP/src/core/memp.o
hpcd_USB_OTG_FS     0x408             Src/usb_otg.o
tcp_ticks           0x4               Middlewares/Third_Party/LwIP/src/core/tcp.o
tcp_listen_pcbs     0x4               Middlewares/Third_Party/LwIP/src/core/tcp.o
memp_memory_TCP_SEG_base
                    0x103             Middlewares/Third_Party/LwIP/src/core/memp.o
gnetif              0x30              Src/lwip.o
ipaddr              0x4               Src/lwip.o
uwTick              0x4               Drivers/STM32F4xx_HAL_Driver/Src/stm32f4xx_hal.o
xQueueRegistry      0x40              Middlewares/Third_Party/FreeRTOS/Source/queue.o
memp_memory_PBUF_POOL_base
                    0x2603            Middlewares/Third_Party/LwIP/src/core/memp.o
pFlash              0x20              Drivers/STM32F4xx_HAL_Driver/Src/stm32f4xx_hal_flash.o
NETMASK_ADDRESS     0x4               Src/lwip.o
memp_memory_FRAG_PBUF_base
                    0x16b             Middlewares/Third_Party/LwIP/src/core/memp.o
memp_memory_TCPIP_MSG_API_base
                    0x83              Middlewares/Third_Party/LwIP/src/core/memp.o
IP_ADDRESS          0x4               Src/lwip.o
tcp_input_pcb       0x4               Middlewares/Third_Party/LwIP/src/core/tcp_in.o
netmask             0x4               Src/lwip.o
DMATxDscrTab        0x80              Src/ethernetif.o
Rx_Buff             0x17d0            Src/ethernetif.o
memp_memory_PBUF_base
                    0x103             Middlewares/Third_Party/LwIP/src/core/memp.o
tcp_bound_pcbs      0x4               Middlewares/Third_Party/LwIP/src/core/tcp.o
[...]
Memory Configuration

Name             Origin             Length             Attributes
RAM              0x0000000020000000 0x0000000000030000 xrw
CCMRAM           0x0000000010000000 0x0000000000010000 rw
FLASH            0x0000000008000000 0x0000000000200000 xr
*default*        0x0000000000000000 0xffffffffffffffff

Linker script and memory map

LOAD /opt/Atollic_TrueSTUDIO_for_STM32_x86_64_9.3.0/ARMTools/bin/../lib/gcc/arm-atollic-eabi/6.3.1/armv7e-m/fpu/crti.o
LOAD /opt/Atollic_TrueSTUDIO_for_STM32_x86_64_9.3.0/ARMTools/bin/../lib/gcc/arm-atollic-eabi/6.3.1/armv7e-m/fpu/crtbegin.o
LOAD Drivers/STM32F4xx_HAL_Driver/Src/stm32f4xx_hal.o
LOAD Drivers/STM32F4xx_HAL_Driver/Src/stm32f4xx_hal_cortex.o
LOAD Drivers/STM32F4xx_HAL_Driver/Src/stm32f4xx_hal_dma.o
LOAD Drivers/STM32F4xx_HAL_Driver/Src/stm32f4xx_hal_dma_ex.o
LOAD Drivers/STM32F4xx_HAL_Driver/Src/stm32f4xx_hal_eth.o
LOAD Drivers/STM32F4xx_HAL_Driver/Src/stm32f4xx_hal_exti.o
LOAD Drivers/STM32F4xx_HAL_Driver/Src/stm32f4xx_hal_flash.o
LOAD Drivers/STM32F4xx_HAL_Driver/Src/stm32f4xx_hal_flash_ex.o
LOAD Drivers/STM32F4xx_HAL_Driver/Src/stm32f4xx_hal_flash_ramfunc.o
LOAD Drivers/STM32F4xx_HAL_Driver/Src/stm32f4xx_hal_gpio.o
LOAD Drivers/STM32F4xx_HAL_Driver/Src/stm32f4xx_hal_pcd.o
LOAD Drivers/STM32F4xx_HAL_Driver/Src/stm32f4xx_hal_pcd_ex.o
LOAD Drivers/STM32F4xx_HAL_Driver/Src/stm32f4xx_hal_pwr.o
LOAD Drivers/STM32F4xx_HAL_Driver/Src/stm32f4xx_hal_pwr_ex.o
LOAD Drivers/STM32F4xx_HAL_Driver/Src/stm32f4xx_hal_rcc.o
LOAD Drivers/STM32F4xx_HAL_Driver/Src/stm32f4xx_hal_rcc_ex.o
LOAD Drivers/STM32F4xx_HAL_Driver/Src/stm32f4xx_hal_tim.o
LOAD Drivers/STM32F4xx_HAL_Driver/Src/stm32f4xx_hal_tim_ex.o
LOAD Drivers/STM32F4xx_HAL_Driver/Src/stm32f4xx_hal_uart.o
LOAD Drivers/STM32F4xx_HAL_Driver/Src/stm32f4xx_ll_usb.o
LOAD Middlewares/Third_Party/FreeRTOS/Source/CMSIS_RTOS/cmsis_os.o
LOAD Middlewares/Third_Party/FreeRTOS/Source/croutine.o
LOAD Middlewares/Third_Party/FreeRTOS/Source/event_groups.o
LOAD Middlewares/Third_Party/FreeRTOS/Source/list.o
LOAD Middlewares/Third_Party/FreeRTOS/Source/portable/GCC/ARM_CM4F/port.o
LOAD Middlewares/Third_Party/FreeRTOS/Source/portable/MemMang/heap_4.o
LOAD Middlewares/Third_Party/FreeRTOS/Source/queue.o
LOAD Middlewares/Third_Party/FreeRTOS/Source/stream_buffer.o
LOAD Middlewares/Third_Party/FreeRTOS/Source/tasks.o
LOAD Middlewares/Third_Party/FreeRTOS/Source/timers.o
LOAD Middlewares/Third_Party/LwIP/src/api/api_lib.o
LOAD Middlewares/Third_Party/LwIP/src/api/api_msg.o
LOAD Middlewares/Third_Party/LwIP/src/api/err.o
LOAD Middlewares/Third_Party/LwIP/src/api/netbuf.o
LOAD Middlewares/Third_Party/LwIP/src/api/netdb.o
LOAD Middlewares/Third_Party/LwIP/src/api/netifapi.o
LOAD Middlewares/Third_Party/LwIP/src/api/sockets.o
LOAD Middlewares/Third_Party/LwIP/src/api/tcpip.o
LOAD Middlewares/Third_Party/LwIP/src/apps/mqtt/mqtt.o
LOAD Middlewares/Third_Party/LwIP/src/core/def.o
LOAD Middlewares/Third_Party/LwIP/src/core/dns.o
LOAD Middlewares/Third_Party/LwIP/src/core/inet_chksum.o
LOAD Middlewares/Third_Party/LwIP/src/core/init.o
LOAD Middlewares/Third_Party/LwIP/src/core/ip.o
LOAD Middlewares/Third_Party/LwIP/src/core/ipv4/autoip.o
LOAD Middlewares/Third_Party/LwIP/src/core/ipv4/dhcp.o
LOAD Middlewares/Third_Party/LwIP/src/core/ipv4/etharp.o
LOAD Middlewares/Third_Party/LwIP/src/core/ipv4/icmp.o
LOAD Middlewares/Third_Party/LwIP/src/core/ipv4/igmp.o
LOAD Middlewares/Third_Party/LwIP/src/core/ipv4/ip4.o
LOAD Middlewares/Third_Party/LwIP/src/core/ipv4/ip4_addr.o
LOAD Middlewares/Third_Party/LwIP/src/core/ipv4/ip4_frag.o
LOAD Middlewares/Third_Party/LwIP/src/core/ipv6/dhcp6.o
LOAD Middlewares/Third_Party/LwIP/src/core/ipv6/ethip6.o
LOAD Middlewares/Third_Party/LwIP/src/core/ipv6/icmp6.o
LOAD Middlewares/Third_Party/LwIP/src/core/ipv6/inet6.o
LOAD Middlewares/Third_Party/LwIP/src/core/ipv6/ip6.o
LOAD Middlewares/Third_Party/LwIP/src/core/ipv6/ip6_addr.o
LOAD Middlewares/Third_Party/LwIP/src/core/ipv6/ip6_frag.o
LOAD Middlewares/Third_Party/LwIP/src/core/ipv6/mld6.o
LOAD Middlewares/Third_Party/LwIP/src/core/ipv6/nd6.o
LOAD Middlewares/Third_Party/LwIP/src/core/mem.o
LOAD Middlewares/Third_Party/LwIP/src/core/memp.o
LOAD Middlewares/Third_Party/LwIP/src/core/netif.o
LOAD Middlewares/Third_Party/LwIP/src/core/pbuf.o
LOAD Middlewares/Third_Party/LwIP/src/core/raw.o
LOAD Middlewares/Third_Party/LwIP/src/core/stats.o
LOAD Middlewares/Third_Party/LwIP/src/core/sys.o
LOAD Middlewares/Third_Party/LwIP/src/core/tcp.o
LOAD Middlewares/Third_Party/LwIP/src/core/tcp_in.o
LOAD Middlewares/Third_Party/LwIP/src/core/tcp_out.o
LOAD Middlewares/Third_Party/LwIP/src/core/timeouts.o
LOAD Middlewares/Third_Party/LwIP/src/core/udp.o
LOAD Middlewares/Third_Party/LwIP/src/netif/ethernet.o
LOAD Middlewares/Third_Party/LwIP/src/netif/lowpan6.o
LOAD Middlewares/Third_Party/LwIP/src/netif/ppp/auth.o
LOAD Middlewares/Third_Party/LwIP/src/netif/ppp/ccp.o
LOAD Middlewares/Third_Party/LwIP/src/netif/ppp/chap-md5.o
LOAD Middlewares/Third_Party/LwIP/src/netif/ppp/chap-new.o
LOAD Middlewares/Third_Party/LwIP/src/netif/ppp/chap_ms.o
LOAD Middlewares/Third_Party/LwIP/src/netif/ppp/demand.o
LOAD Middlewares/Third_Party/LwIP/src/netif/ppp/eap.o
LOAD Middlewares/Third_Party/LwIP/src/netif/ppp/ecp.o
LOAD Middlewares/Third_Party/LwIP/src/netif/ppp/eui64.o
LOAD Middlewares/Third_Party/LwIP/src/netif/ppp/fsm.o
LOAD Middlewares/Third_Party/LwIP/src/netif/ppp/ipcp.o
LOAD Middlewares/Third_Party/LwIP/src/netif/ppp/ipv6cp.o
LOAD Middlewares/Third_Party/LwIP/src/netif/ppp/lcp.o
LOAD Middlewares/Third_Party/LwIP/src/netif/ppp/magic.o
LOAD Middlewares/Third_Party/LwIP/src/netif/ppp/mppe.o
LOAD Middlewares/Third_Party/LwIP/src/netif/ppp/multilink.o
LOAD Middlewares/Third_Party/LwIP/src/netif/ppp/ppp.o
LOAD Middlewares/Third_Party/LwIP/src/netif/ppp/pppapi.o
LOAD Middlewares/Third_Party/LwIP/src/netif/ppp/pppcrypt.o
LOAD Middlewares/Third_Party/LwIP/src/netif/ppp/pppoe.o
LOAD Middlewares/Third_Party/LwIP/src/netif/ppp/pppol2tp.o
LOAD Middlewares/Third_Party/LwIP/src/netif/ppp/pppos.o
LOAD Middlewares/Third_Party/LwIP/src/netif/ppp/upap.o
LOAD Middlewares/Third_Party/LwIP/src/netif/ppp/utils.o
LOAD Middlewares/Third_Party/LwIP/src/netif/ppp/vj.o
LOAD Middlewares/Third_Party/LwIP/src/netif/slipif.o
LOAD Middlewares/Third_Party/LwIP/system/OS/sys_arch.o
LOAD Src/ethernetif.o
LOAD Src/freertos.o
LOAD Src/gpio.o
LOAD Src/lwip.o
LOAD Src/main.o
LOAD Src/malloc.o
LOAD Src/stm32f4xx_hal_msp.o
LOAD Src/stm32f4xx_hal_timebase_tim.o
LOAD Src/stm32f4xx_it.o
LOAD Src/syscalls.o
LOAD Src/system_stm32f4xx.o
LOAD Src/tiny_printf.o
LOAD Src/usart.o
LOAD Src/usb_otg.o
LOAD startup/startup_stm32f429xx.o
                0x0000000000000080                malloc_getpagesize_P = 0x80
START GROUP
LOAD /opt/Atollic_TrueSTUDIO_for_STM32_x86_64_9.3.0/ARMTools/bin/../lib/gcc/arm-atollic-eabi/6.3.1/../../../../arm-atollic-eabi/lib/armv7e-m/fpu/libc_nano.a
LOAD /opt/Atollic_TrueSTUDIO_for_STM32_x86_64_9.3.0/ARMTools/bin/../lib/gcc/arm-atollic-eabi/6.3.1/../../../../arm-atollic-eabi/lib/armv7e-m/fpu/libm.a
END GROUP
START GROUP
LOAD /opt/Atollic_TrueSTUDIO_for_STM32_x86_64_9.3.0/ARMTools/bin/../lib/gcc/arm-atollic-eabi/6.3.1/armv7e-m/fpu/libgcc.a
LOAD /opt/Atollic_TrueSTUDIO_for_STM32_x86_64_9.3.0/ARMTools/bin/../lib/gcc/arm-atollic-eabi/6.3.1/../../../../arm-atollic-eabi/lib/armv7e-m/fpu/libc_nano.a
END GROUP
START GROUP
LOAD /opt/Atollic_TrueSTUDIO_for_STM32_x86_64_9.3.0/ARMTools/bin/../lib/gcc/arm-atollic-eabi/6.3.1/armv7e-m/fpu/libgcc.a
LOAD /opt/Atollic_TrueSTUDIO_for_STM32_x86_64_9.3.0/ARMTools/bin/../lib/gcc/arm-atollic-eabi/6.3.1/../../../../arm-atollic-eabi/lib/armv7e-m/fpu/libc_nano.a
LOAD /opt/Atollic_TrueSTUDIO_for_STM32_x86_64_9.3.0/ARMTools/bin/../lib/gcc/arm-atollic-eabi/6.3.1/../../../../arm-atollic-eabi/lib/armv7e-m/fpu/libnosys.a
END GROUP
START GROUP
LOAD /opt/Atollic_TrueSTUDIO_for_STM32_x86_64_9.3.0/ARMTools/bin/../lib/gcc/arm-atollic-eabi/6.3.1/armv7e-m/fpu/libgcc.a
LOAD /opt/Atollic_TrueSTUDIO_for_STM32_x86_64_9.3.0/ARMTools/bin/../lib/gcc/arm-atollic-eabi/6.3.1/../../../../arm-atollic-eabi/lib/armv7e-m/fpu/libc_nano.a
LOAD /opt/Atollic_TrueSTUDIO_for_STM32_x86_64_9.3.0/ARMTools/bin/../lib/gcc/arm-atollic-eabi/6.3.1/../../../../arm-atollic-eabi/lib/armv7e-m/fpu/libnosys.a
END GROUP
LOAD /opt/Atollic_TrueSTUDIO_for_STM32_x86_64_9.3.0/ARMTools/bin/../lib/gcc/arm-atollic-eabi/6.3.1/armv7e-m/fpu/crtend.o
LOAD /opt/Atollic_TrueSTUDIO_for_STM32_x86_64_9.3.0/ARMTools/bin/../lib/gcc/arm-atollic-eabi/6.3.1/armv7e-m/fpu/crtn.o
                0x0000000020030000                _estack = 0x20030000
                0x0000000000000200                _Min_Heap_Size = 0x200
                0x0000000000000400                _Min_Stack_Size = 0x400

.isr_vector     0x0000000008000000      0x1ac
                0x0000000008000000                . = ALIGN (0x4)
 *(.isr_vector)
 .isr_vector    0x0000000008000000      0x1ac startup/startup_stm32f429xx.o
                0x0000000008000000                g_pfnVectors
                0x00000000080001ac                . = ALIGN (0x4)

.text           0x00000000080001b0     0x9608
                0x00000000080001b0                . = ALIGN (0x4)
 *(.text)
 .text          0x00000000080001b0       0x40 /opt/Atollic_TrueSTUDIO_for_STM32_x86_64_9.3.0/ARMTools/bin/../lib/gcc/arm-atollic-eabi/6.3.1/armv7e-m/fpu/crtbegin.o
 .text          0x00000000080001f0       0x30 /opt/Atollic_TrueSTUDIO_for_STM32_x86_64_9.3.0/ARMTools/bin/../lib/gcc/arm-atollic-eabi/6.3.1/armv7e-m/fpu/libgcc.a(_aeabi_uldivmod.o)
                0x00000000080001f0                __aeabi_uldivmod
 .text          0x0000000008000220      0x2dc /opt/Atollic_TrueSTUDIO_for_STM32_x86_64_9.3.0/ARMTools/bin/../lib/gcc/arm-atollic-eabi/6.3.1/armv7e-m/fpu/libgcc.a(_udivmoddi4.o)
                0x0000000008000220                __udivmoddi4
 .text          0x00000000080004fc        0x4 /opt/Atollic_TrueSTUDIO_for_STM32_x86_64_9.3.0/ARMTools/bin/../lib/gcc/arm-atollic-eabi/6.3.1/armv7e-m/fpu/libgcc.a(_dvmd_tls.o)
                0x00000000080004fc                __aeabi_ldiv0
                0x00000000080004fc                __aeabi_idiv0
 *(.text*)
 .text.HAL_Init
                0x0000000008000500       0x34 Drivers/STM32F4xx_HAL_Driver/Src/stm32f4xx_hal.o
                0x0000000008000500                HAL_Init
 .text.HAL_IncTick
                0x0000000008000534       0x18 Drivers/STM32F4xx_HAL_Driver/Src/stm32f4xx_hal.o
                0x0000000008000534                HAL_IncTick
 .text.HAL_GetTick
                0x000000000800054c        0xc Drivers/STM32F4xx_HAL_Driver/Src/stm32f4xx_hal.o
                0x000000000800054c                HAL_GetTick
 .text.HAL_Delay
                0x0000000008000558       0x28 Drivers/STM32F4xx_HAL_Driver/Src/stm32f4xx_hal.o
                0x0000000008000558                HAL_Delay
 .text.HAL_NVIC_SetPriorityGrouping
                0x0000000008000580       0x24 Drivers/STM32F4xx_HAL_Driver/Src/stm32f4xx_hal_cortex.o
                0x0000000008000580                HAL_NVIC_SetPriorityGrouping
 .text.HAL_NVIC_SetPriority
                0x00000000080005a4       0x68 Drivers/STM32F4xx_HAL_Driver/Src/stm32f4xx_hal_cortex.o
                0x00000000080005a4                HAL_NVIC_SetPriority
 .text.HAL_NVIC_EnableIRQ
                0x000000000800060c       0x1c Drivers/STM32F4xx_HAL_Driver/Src/stm32f4xx_hal_cortex.o
                0x000000000800060c                HAL_NVIC_EnableIRQ
 .text.ETH_Delay.constprop.4
                0x0000000008000628       0x24 Drivers/STM32F4xx_HAL_Driver/Src/stm32f4xx_hal_eth.o
 .text.ETH_FlushTransmitFIFO
                0x000000000800064c       0x28 Drivers/STM32F4xx_HAL_Driver/Src/stm32f4xx_hal_eth.o
 .text.ETH_MACDMAConfig
                0x0000000008000674       0xf8 Drivers/STM32F4xx_HAL_Driver/Src/stm32f4xx_hal_eth.o
 .text.HAL_ETH_DMATxDescListInit
                0x000000000800076c       0x7a Drivers/STM32F4xx_HAL_Driver/Src/stm32f4xx_hal_eth.o
                0x000000000800076c                HAL_ETH_DMATxDescListInit
 .text.HAL_ETH_DMARxDescListInit
                0x00000000080007e6       0x78 Drivers/STM32F4xx_HAL_Driver/Src/stm32f4xx_hal_eth.o
                0x00000000080007e6                HAL_ETH_DMARxDescListInit
 *fill*         0x000000000800085e        0x2 
 .text.HAL_ETH_TransmitFrame
                0x0000000008000860       0xe8 Drivers/STM32F4xx_HAL_Driver/Src/stm32f4xx_hal_eth.o
                0x0000000008000860                HAL_ETH_TransmitFrame
 .text.HAL_ETH_GetReceivedFrame_IT
                0x0000000008000948       0x8a Drivers/STM32F4xx_HAL_Driver/Src/stm32f4xx_hal_eth.o
                0x0000000008000948                HAL_ETH_GetReceivedFrame_IT
 .text.HAL_ETH_TxCpltCallback
                0x00000000080009d2        0x2 Drivers/STM32F4xx_HAL_Driver/Src/stm32f4xx_hal_eth.o
                0x00000000080009d2                HAL_ETH_TxCpltCallback
 .text.HAL_ETH_ErrorCallback
                0x00000000080009d4        0x2 Drivers/STM32F4xx_HAL_Driver/Src/stm32f4xx_hal_eth.o
                0x00000000080009d4                HAL_ETH_ErrorCallback
 .text.HAL_ETH_IRQHandler
                0x00000000080009d6       0x70 Drivers/STM32F4xx_HAL_Driver/Src/stm32f4xx_hal_eth.o
                0x00000000080009d6                HAL_ETH_IRQHandler
 .text.HAL_ETH_ReadPHYRegister
                0x0000000008000a46       0x74 Drivers/STM32F4xx_HAL_Driver/Src/stm32f4xx_hal_eth.o
                0x0000000008000a46                HAL_ETH_ReadPHYRegister
 .text.HAL_ETH_WritePHYRegister
                0x0000000008000aba       0x6e Drivers/STM32F4xx_HAL_Driver/Src/stm32f4xx_hal_eth.o
                0x0000000008000aba                HAL_ETH_WritePHYRegister
 .text.HAL_ETH_Init
                0x0000000008000b28      0x1f8 Drivers/STM32F4xx_HAL_Driver/Src/stm32f4xx_hal_eth.o
                0x0000000008000b28                HAL_ETH_Init
 .text.HAL_ETH_Start
                0x0000000008000d20       0x78 Drivers/STM32F4xx_HAL_Driver/Src/stm32f4xx_hal_eth.o
                0x0000000008000d20                HAL_ETH_Start
 .text.HAL_GPIO_Init
                0x0000000008000d98      0x1d8 Drivers/STM32F4xx_HAL_Driver/Src/stm32f4xx_hal_gpio.o
                0x0000000008000d98                HAL_GPIO_Init
 .text.HAL_GPIO_WritePin
                0x0000000008000f70        0xa Drivers/STM32F4xx_HAL_Driver/Src/stm32f4xx_hal_gpio.o
                0x0000000008000f70                HAL_GPIO_WritePin
 .text.HAL_PCD_Init
                0x0000000008000f7a      0x10e Drivers/STM32F4xx_HAL_Driver/Src/stm32f4xx_hal_pcd.o
                0x0000000008000f7a                HAL_PCD_Init
 .text.HAL_RCC_OscConfig
                0x0000000008001088      0x304 Drivers/STM32F4xx_HAL_Driver/Src/stm32f4xx_hal_rcc.o
                0x0000000008001088                HAL_RCC_OscConfig
 .text.HAL_RCC_GetSysClockFreq
                0x000000000800138c       0x5c Drivers/STM32F4xx_HAL_Driver/Src/stm32f4xx_hal_rcc.o
                0x000000000800138c                HAL_RCC_GetSysClockFreq
 .text.HAL_RCC_ClockConfig
                0x00000000080013e8      0x134 Drivers/STM32F4xx_HAL_Driver/Src/stm32f4xx_hal_rcc.o
                0x00000000080013e8                HAL_RCC_ClockConfig
 .text.HAL_RCC_GetHCLKFreq
                0x000000000800151c        0xc Drivers/STM32F4xx_HAL_Driver/Src/stm32f4xx_hal_rcc.o
                0x000000000800151c                HAL_RCC_GetHCLKFreq
 .text.HAL_RCC_GetPCLK1Freq
                0x0000000008001528       0x20 Drivers/STM32F4xx_HAL_Driver/Src/stm32f4xx_hal_rcc.o
                0x0000000008001528                HAL_RCC_GetPCLK1Freq
 .text.HAL_RCC_GetPCLK2Freq
                0x0000000008001548       0x20 Drivers/STM32F4xx_HAL_Driver/Src/stm32f4xx_hal_rcc.o
                0x0000000008001548                HAL_RCC_GetPCLK2Freq
 .text.HAL_RCC_GetClockConfig
                0x0000000008001568       0x3c Drivers/STM32F4xx_HAL_Driver/Src/stm32f4xx_hal_rcc.o
                0x0000000008001568                HAL_RCC_GetClockConfig
 .text.HAL_TIM_Base_MspInit
                0x00000000080015a4        0x2 Drivers/STM32F4xx_HAL_Driver/Src/stm32f4xx_hal_tim.o
                0x00000000080015a4                HAL_TIM_Base_MspInit
 .text.HAL_TIM_Base_Start_IT
                0x00000000080015a6       0x20 Drivers/STM32F4xx_HAL_Driver/Src/stm32f4xx_hal_tim.o
                0x00000000080015a6                HAL_TIM_Base_Start_IT
 .text.HAL_TIM_OC_DelayElapsedCallback
                0x00000000080015c6        0x2 Drivers/STM32F4xx_HAL_Driver/Src/stm32f4xx_hal_tim.o
                0x00000000080015c6                HAL_TIM_OC_DelayElapsedCallback
 .text.HAL_TIM_IC_CaptureCallback
                0x00000000080015c8        0x2 Drivers/STM32F4xx_HAL_Driver/Src/stm32f4xx_hal_tim.o
                0x00000000080015c8                HAL_TIM_IC_CaptureCallback
 .text.HAL_TIM_PWM_PulseFinishedCallback
                0x00000000080015ca        0x2 Drivers/STM32F4xx_HAL_Driver/Src/stm32f4xx_hal_tim.o
                0x00000000080015ca                HAL_TIM_PWM_PulseFinishedCallback
 .text.HAL_TIM_TriggerCallback
                0x00000000080015cc        0x2 Drivers/STM32F4xx_HAL_Driver/Src/stm32f4xx_hal_tim.o
                0x00000000080015cc                HAL_TIM_TriggerCallback
 .text.HAL_TIM_IRQHandler
                0x00000000080015ce      0x144 Drivers/STM32F4xx_HAL_Driver/Src/stm32f4xx_hal_tim.o
                0x00000000080015ce                HAL_TIM_IRQHandler
 *fill*         0x0000000008001712        0x2 
 .text.TIM_Base_SetConfig
                0x0000000008001714       0xcc Drivers/STM32F4xx_HAL_Driver/Src/stm32f4xx_hal_tim.o
                0x0000000008001714                TIM_Base_SetConfig
 .text.HAL_TIM_Base_Init
                0x00000000080017e0       0x34 Drivers/STM32F4xx_HAL_Driver/Src/stm32f4xx_hal_tim.o
                0x00000000080017e0                HAL_TIM_Base_Init
 .text.HAL_TIMEx_CommutCallback
                0x0000000008001814        0x2 Drivers/STM32F4xx_HAL_Driver/Src/stm32f4xx_hal_tim_ex.o
                0x0000000008001814                HAL_TIMEx_CommutCallback
 .text.HAL_TIMEx_BreakCallback
                0x0000000008001816        0x2 Drivers/STM32F4xx_HAL_Driver/Src/stm32f4xx_hal_tim_ex.o
                0x0000000008001816                HAL_TIMEx_BreakCallback
 .text.UART_SetConfig
                0x0000000008001818      0x234 Drivers/STM32F4xx_HAL_Driver/Src/stm32f4xx_hal_uart.o
 .text.HAL_UART_Init
                0x0000000008001a4c       0x5c Drivers/STM32F4xx_HAL_Driver/Src/stm32f4xx_hal_uart.o
                0x0000000008001a4c                HAL_UART_Init
 .text.USB_CoreReset
                0x0000000008001aa8       0x30 Drivers/STM32F4xx_HAL_Driver/Src/stm32f4xx_ll_usb.o
 .text.USB_CoreInit
                0x0000000008001ad8       0x80 Drivers/STM32F4xx_HAL_Driver/Src/stm32f4xx_ll_usb.o
                0x0000000008001ad8                USB_CoreInit
 .text.USB_DisableGlobalInt
                0x0000000008001b58        0xc Drivers/STM32F4xx_HAL_Driver/Src/stm32f4xx_ll_usb.o
                0x0000000008001b58                USB_DisableGlobalInt
 .text.USB_SetCurrentMode
                0x0000000008001b64       0x2e Drivers/STM32F4xx_HAL_Driver/Src/stm32f4xx_ll_usb.o
                0x0000000008001b64                USB_SetCurrentMode
 *fill*         0x0000000008001b92        0x2 
 .text.USB_FlushTxFifo
                0x0000000008001b94       0x24 Drivers/STM32F4xx_HAL_Driver/Src/stm32f4xx_ll_usb.o
                0x0000000008001b94                USB_FlushTxFifo
 .text.USB_FlushRxFifo
                0x0000000008001bb8       0x20 Drivers/STM32F4xx_HAL_Driver/Src/stm32f4xx_ll_usb.o
                0x0000000008001bb8                USB_FlushRxFifo
 .text.USB_SetDevSpeed
                0x0000000008001bd8        0xe Drivers/STM32F4xx_HAL_Driver/Src/stm32f4xx_ll_usb.o
                0x0000000008001bd8                USB_SetDevSpeed
 *fill*         0x0000000008001be6        0x2 
 .text.USB_DevInit
                0x0000000008001be8      0x188 Drivers/STM32F4xx_HAL_Driver/Src/stm32f4xx_ll_usb.o
                0x0000000008001be8                USB_DevInit
 .text.USB_DevDisconnect
                0x0000000008001d70       0x18 Drivers/STM32F4xx_HAL_Driver/Src/stm32f4xx_ll_usb.o
                0x0000000008001d70                USB_DevDisconnect
 .text.osKernelStart
                0x0000000008001d88        0xa Middlewares/Third_Party/FreeRTOS/Source/CMSIS_RTOS/cmsis_os.o
                0x0000000008001d88                osKernelStart
 .text.osKernelSysTick
                0x0000000008001d92        0xe Middlewares/Third_Party/FreeRTOS/Source/CMSIS_RTOS/cmsis_os.o
                0x0000000008001d92                osKernelSysTick
 .text.osThreadCreate
                0x0000000008001da0       0x50 Middlewares/Third_Party/FreeRTOS/Source/CMSIS_RTOS/cmsis_os.o
                0x0000000008001da0                osThreadCreate
 .text.osDelay  0x0000000008001df0       0x10 Middlewares/Third_Party/FreeRTOS/Source/CMSIS_RTOS/cmsis_os.o
                0x0000000008001df0                osDelay
 .text.osMutexCreate
                0x0000000008001e00        0xe Middlewares/Third_Party/FreeRTOS/Source/CMSIS_RTOS/cmsis_os.o
                0x0000000008001e00                osMutexCreate
 *fill*         0x0000000008001e0e        0x2 
 .text.osMutexWait
                0x0000000008001e10       0x4c Middlewares/Third_Party/FreeRTOS/Source/CMSIS_RTOS/cmsis_os.o
                0x0000000008001e10                osMutexWait
 .text.osSemaphoreCreate
                0x0000000008001e5c       0x4c Middlewares/Third_Party/FreeRTOS/Source/CMSIS_RTOS/cmsis_os.o
                0x0000000008001e5c                osSemaphoreCreate
 .text.osSemaphoreWait
                0x0000000008001ea8       0x4c Middlewares/Third_Party/FreeRTOS/Source/CMSIS_RTOS/cmsis_os.o
                0x0000000008001ea8                osSemaphoreWait
 .text.osSemaphoreRelease
                0x0000000008001ef4       0x48 Middlewares/Third_Party/FreeRTOS/Source/CMSIS_RTOS/cmsis_os.o
                0x0000000008001ef4                osSemaphoreRelease
 .text.osMutexRelease
                0x0000000008001f3c        0x4 Middlewares/Third_Party/FreeRTOS/Source/CMSIS_RTOS/cmsis_os.o
                0x0000000008001f3c                osMutexRelease
 .text.osMessageCreate
                0x0000000008001f40       0x28 Middlewares/Third_Party/FreeRTOS/Source/CMSIS_RTOS/cmsis_os.o
                0x0000000008001f40                osMessageCreate
 .text.osMessagePut
                0x0000000008001f68       0x50 Middlewares/Third_Party/FreeRTOS/Source/CMSIS_RTOS/cmsis_os.o
                0x0000000008001f68                osMessagePut
 .text.osMessageGet
                0x0000000008001fb8       0x74 Middlewares/Third_Party/FreeRTOS/Source/CMSIS_RTOS/cmsis_os.o
                0x0000000008001fb8                osMessageGet
 .text.vListInitialise
                0x000000000800202c       0x16 Middlewares/Third_Party/FreeRTOS/Source/list.o
                0x000000000800202c                vListInitialise
 .text.vListInitialiseItem
                0x0000000008002042        0x6 Middlewares/Third_Party/FreeRTOS/Source/list.o
                0x0000000008002042                vListInitialiseItem
 .text.vListInsertEnd
                0x0000000008002048       0x18 Middlewares/Third_Party/FreeRTOS/Source/list.o
                0x0000000008002048                vListInsertEnd
 .text.vListInsert
                0x0000000008002060       0x2e Middlewares/Third_Party/FreeRTOS/Source/list.o
                0x0000000008002060                vListInsert
 .text.uxListRemove
                0x000000000800208e       0x22 Middlewares/Third_Party/FreeRTOS/Source/list.o
                0x000000000800208e                uxListRemove
 .text.prvTaskExitError
                0x00000000080020b0       0x40 Middlewares/Third_Party/FreeRTOS/Source/portable/GCC/ARM_CM4F/port.o
 .text.unlikely.prvPortStartFirstTask
                0x00000000080020f0       0x28 Middlewares/Third_Party/FreeRTOS/Source/portable/GCC/ARM_CM4F/port.o
 .text.unlikely.vPortEnableVFP
                0x0000000008002118       0x14 Middlewares/Third_Party/FreeRTOS/Source/portable/GCC/ARM_CM4F/port.o
 .text.pxPortInitialiseStack
                0x000000000800212c       0x2c Middlewares/Third_Party/FreeRTOS/Source/portable/GCC/ARM_CM4F/port.o
                0x000000000800212c                pxPortInitialiseStack
 *fill*         0x0000000008002158        0x8 
 .text.SVC_Handler
                0x0000000008002160       0x24 Middlewares/Third_Party/FreeRTOS/Source/portable/GCC/ARM_CM4F/port.o
                0x0000000008002160                SVC_Handler
 .text.vPortEnterCritical
                0x0000000008002184       0x44 Middlewares/Third_Party/FreeRTOS/Source/portable/GCC/ARM_CM4F/port.o
                0x0000000008002184                vPortEnterCritical
 .text.vPortExitCritical
                0x00000000080021c8       0x28 Middlewares/Third_Party/FreeRTOS/Source/portable/GCC/ARM_CM4F/port.o
                0x00000000080021c8                vPortExitCritical
 .text.PendSV_Handler
                0x00000000080021f0       0x64 Middlewares/Third_Party/FreeRTOS/Source/portable/GCC/ARM_CM4F/port.o
                0x00000000080021f0                PendSV_Handler
 .text.SysTick_Handler
                0x0000000008002254       0x2c Middlewares/Third_Party/FreeRTOS/Source/portable/GCC/ARM_CM4F/port.o
                0x0000000008002254                SysTick_Handler
 .text.vPortSetupTimerInterrupt
                0x0000000008002280       0x34 Middlewares/Third_Party/FreeRTOS/Source/portable/GCC/ARM_CM4F/port.o
                0x0000000008002280                vPortSetupTimerInterrupt
 .text.xPortStartScheduler
                0x00000000080022b4      0x10c Middlewares/Third_Party/FreeRTOS/Source/portable/GCC/ARM_CM4F/port.o
                0x00000000080022b4                xPortStartScheduler
 .text.vPortValidateInterruptPriority
                0x00000000080023c0       0x5c Middlewares/Third_Party/FreeRTOS/Source/portable/GCC/ARM_CM4F/port.o
                0x00000000080023c0                vPortValidateInterruptPriority
 .text.unlikely.prvInsertBlockIntoFreeList
                0x000000000800241c       0x48 Middlewares/Third_Party/FreeRTOS/Source/portable/MemMang/heap_4.o
 .text.pvPortMalloc
                0x0000000008002464      0x11c Middlewares/Third_Party/FreeRTOS/Source/portable/MemMang/heap_4.o
                0x0000000008002464                pvPortMalloc
 .text.vPortFree
                0x0000000008002580       0x70 Middlewares/Third_Party/FreeRTOS/Source/portable/MemMang/heap_4.o
                0x0000000008002580                vPortFree
 .text.prvIsQueueEmpty
                0x00000000080025f0       0x16 Middlewares/Third_Party/FreeRTOS/Source/queue.o
 .text.unlikely.prvCopyDataToQueue
                0x0000000008002606       0x66 Middlewares/Third_Party/FreeRTOS/Source/queue.o
 .text.unlikely.prvCopyDataFromQueue
                0x000000000800266c       0x2a Middlewares/Third_Party/FreeRTOS/Source/queue.o
 .text.prvUnlockQueue
                0x0000000008002696       0x70 Middlewares/Third_Party/FreeRTOS/Source/queue.o
 .text.xQueueGenericReset
                0x0000000008002706       0x68 Middlewares/Third_Party/FreeRTOS/Source/queue.o
                0x0000000008002706                xQueueGenericReset
 .text.xQueueGenericCreateStatic
                0x000000000800276e       0x92 Middlewares/Third_Party/FreeRTOS/Source/queue.o
                0x000000000800276e                xQueueGenericCreateStatic
 .text.xQueueGenericCreate
                0x0000000008002800       0x48 Middlewares/Third_Party/FreeRTOS/Source/queue.o
                0x0000000008002800                xQueueGenericCreate
 .text.xQueueGenericSend
                0x0000000008002848      0x154 Middlewares/Third_Party/FreeRTOS/Source/queue.o
                0x0000000008002848                xQueueGenericSend
 .text.prvInitialiseMutex
                0x000000000800299c       0x14 Middlewares/Third_Party/FreeRTOS/Source/queue.o
 .text.xQueueCreateMutex
                0x00000000080029b0       0x16 Middlewares/Third_Party/FreeRTOS/Source/queue.o
                0x00000000080029b0                xQueueCreateMutex
 .text.xQueueCreateMutexStatic
                0x00000000080029c6       0x1c Middlewares/Third_Party/FreeRTOS/Source/queue.o
                0x00000000080029c6                xQueueCreateMutexStatic
 .text.xQueueGenericSendFromISR
                0x00000000080029e2       0xc4 Middlewares/Third_Party/FreeRTOS/Source/queue.o
                0x00000000080029e2                xQueueGenericSendFromISR
 .text.xQueueGiveFromISR
                0x0000000008002aa6       0xa8 Middlewares/Third_Party/FreeRTOS/Source/queue.o
                0x0000000008002aa6                xQueueGiveFromISR
 *fill*         0x0000000008002b4e        0x2 
 .text.xQueueReceive
                0x0000000008002b50      0x130 Middlewares/Third_Party/FreeRTOS/Source/queue.o
                0x0000000008002b50                xQueueReceive
 .text.xQueueSemaphoreTake
                0x0000000008002c80      0x170 Middlewares/Third_Party/FreeRTOS/Source/queue.o
                0x0000000008002c80                xQueueSemaphoreTake
 .text.xQueueReceiveFromISR
                0x0000000008002df0       0xa0 Middlewares/Third_Party/FreeRTOS/Source/queue.o
                0x0000000008002df0                xQueueReceiveFromISR
 .text.prvAddNewTaskToReadyList
                0x0000000008002e90       0xdc Middlewares/Third_Party/FreeRTOS/Source/tasks.o
 .text.prvResetNextTaskUnblockTime
                0x0000000008002f6c       0x24 Middlewares/Third_Party/FreeRTOS/Source/tasks.o
 .text.prvInitialiseNewTask.isra.2
                0x0000000008002f90       0x82 Middlewares/Third_Party/FreeRTOS/Source/tasks.o
 .text.prvDeleteTCB
                0x0000000008003012       0x36 Middlewares/Third_Party/FreeRTOS/Source/tasks.o
 .text.prvIdleTask
                0x0000000008003048       0x58 Middlewares/Third_Party/FreeRTOS/Source/tasks.o
 .text.prvAddCurrentTaskToDelayedList
                0x00000000080030a0       0x8c Middlewares/Third_Party/FreeRTOS/Source/tasks.o
 .text.xTaskCreateStatic
                0x000000000800312c       0x6e Middlewares/Third_Party/FreeRTOS/Source/tasks.o
                0x000000000800312c                xTaskCreateStatic
 .text.xTaskCreate
                0x000000000800319a       0x5a Middlewares/Third_Party/FreeRTOS/Source/tasks.o
                0x000000000800319a                xTaskCreate
 .text.vTaskStartScheduler
                0x00000000080031f4       0x6c Middlewares/Third_Party/FreeRTOS/Source/tasks.o
                0x00000000080031f4                vTaskStartScheduler
 .text.vTaskSuspendAll
                0x0000000008003260       0x10 Middlewares/Third_Party/FreeRTOS/Source/tasks.o
                0x0000000008003260                vTaskSuspendAll
 .text.xTaskGetTickCount
                0x0000000008003270        0xc Middlewares/Third_Party/FreeRTOS/Source/tasks.o
                0x0000000008003270                xTaskGetTickCount
 .text.xTaskGetTickCountFromISR
                0x000000000800327c       0x10 Middlewares/Third_Party/FreeRTOS/Source/tasks.o
                0x000000000800327c                xTaskGetTickCountFromISR
 .text.xTaskIncrementTick
                0x000000000800328c       0xd8 Middlewares/Third_Party/FreeRTOS/Source/tasks.o
                0x000000000800328c                xTaskIncrementTick
 .text.xTaskResumeAll
                0x0000000008003364       0xd0 Middlewares/Third_Party/FreeRTOS/Source/tasks.o
                0x0000000008003364                xTaskResumeAll
 .text.vTaskDelay
                0x0000000008003434       0x48 Middlewares/Third_Party/FreeRTOS/Source/tasks.o
                0x0000000008003434                vTaskDelay
 .text.vTaskSwitchContext
                0x000000000800347c       0x74 Middlewares/Third_Party/FreeRTOS/Source/tasks.o
                0x000000000800347c                vTaskSwitchContext
 .text.vTaskPlaceOnEventList
                0x00000000080034f0       0x34 Middlewares/Third_Party/FreeRTOS/Source/tasks.o
                0x00000000080034f0                vTaskPlaceOnEventList
 .text.xTaskRemoveFromEventList
                0x0000000008003524       0x84 Middlewares/Third_Party/FreeRTOS/Source/tasks.o
                0x0000000008003524                xTaskRemoveFromEventList
 .text.vTaskInternalSetTimeOutState
                0x00000000080035a8       0x18 Middlewares/Third_Party/FreeRTOS/Source/tasks.o
                0x00000000080035a8                vTaskInternalSetTimeOutState
 .text.xTaskCheckForTimeOut
                0x00000000080035c0       0x78 Middlewares/Third_Party/FreeRTOS/Source/tasks.o
                0x00000000080035c0                xTaskCheckForTimeOut
 .text.vTaskMissedYield
                0x0000000008003638        0xc Middlewares/Third_Party/FreeRTOS/Source/tasks.o
                0x0000000008003638                vTaskMissedYield
 .text.xTaskGetSchedulerState
                0x0000000008003644       0x20 Middlewares/Third_Party/FreeRTOS/Source/tasks.o
                0x0000000008003644                xTaskGetSchedulerState
 .text.xTaskPriorityInherit
                0x0000000008003664       0xa8 Middlewares/Third_Party/FreeRTOS/Source/tasks.o
                0x0000000008003664                xTaskPriorityInherit
 .text.xTaskPriorityDisinherit
                0x000000000800370c       0xa0 Middlewares/Third_Party/FreeRTOS/Source/tasks.o
                0x000000000800370c                xTaskPriorityDisinherit
 .text.vTaskPriorityDisinheritAfterTimeout
                0x00000000080037ac       0xb4 Middlewares/Third_Party/FreeRTOS/Source/tasks.o
                0x00000000080037ac                vTaskPriorityDisinheritAfterTimeout
 .text.pvTaskIncrementMutexHeldCount
                0x0000000008003860       0x18 Middlewares/Third_Party/FreeRTOS/Source/tasks.o
                0x0000000008003860                pvTaskIncrementMutexHeldCount
 .text.tcpip_thread
                0x0000000008003878       0x94 Middlewares/Third_Party/LwIP/src/api/tcpip.o
 .text.tcpip_inpkt
                0x000000000800390c       0x58 Middlewares/Third_Party/LwIP/src/api/tcpip.o
                0x000000000800390c                tcpip_inpkt
 .text.tcpip_input
                0x0000000008003964       0x1c Middlewares/Third_Party/LwIP/src/api/tcpip.o
                0x0000000008003964                tcpip_input
 .text.tcpip_callback_with_block
                0x0000000008003980       0x60 Middlewares/Third_Party/LwIP/src/api/tcpip.o
                0x0000000008003980                tcpip_callback_with_block
 .text.tcpip_init
                0x00000000080039e0       0x60 Middlewares/Third_Party/LwIP/src/api/tcpip.o
                0x00000000080039e0                tcpip_init
 .text.lwip_htons
                0x0000000008003a40        0x6 Middlewares/Third_Party/LwIP/src/core/def.o
                0x0000000008003a40                lwip_htons
 .text.lwip_htonl
                0x0000000008003a46        0x4 Middlewares/Third_Party/LwIP/src/core/def.o
                0x0000000008003a46                lwip_htonl
 .text.lwip_init
                0x0000000008003a4a       0x22 Middlewares/Third_Party/LwIP/src/core/init.o
                0x0000000008003a4a                lwip_init
 .text.etharp_free_entry
                0x0000000008003a6c       0x28 Middlewares/Third_Party/LwIP/src/core/ipv4/etharp.o
 .text.etharp_raw
                0x0000000008003a94       0xd8 Middlewares/Third_Party/LwIP/src/core/ipv4/etharp.o
 .text.etharp_find_entry.isra.0
                0x0000000008003b6c      0x114 Middlewares/Third_Party/LwIP/src/core/ipv4/etharp.o
 .text.etharp_cleanup_netif
                0x0000000008003c80       0x28 Middlewares/Third_Party/LwIP/src/core/ipv4/etharp.o
                0x0000000008003c80                etharp_cleanup_netif
 .text.etharp_input
                0x0000000008003ca8      0x13c Middlewares/Third_Party/LwIP/src/core/ipv4/etharp.o
                0x0000000008003ca8                etharp_input
 .text.etharp_request
                0x0000000008003de4       0x2c Middlewares/Third_Party/LwIP/src/core/ipv4/etharp.o
                0x0000000008003de4                etharp_request
 .text.etharp_tmr
                0x0000000008003e10       0x54 Middlewares/Third_Party/LwIP/src/core/ipv4/etharp.o
                0x0000000008003e10                etharp_tmr
 .text.etharp_output_to_arp_index
                0x0000000008003e64       0xb8 Middlewares/Third_Party/LwIP/src/core/ipv4/etharp.o
 .text.etharp_query
                0x0000000008003f1c      0x150 Middlewares/Third_Party/LwIP/src/core/ipv4/etharp.o
                0x0000000008003f1c                etharp_query
 .text.etharp_output
                0x000000000800406c      0x128 Middlewares/Third_Party/LwIP/src/core/ipv4/etharp.o
                0x000000000800406c                etharp_output
 .text.icmp_send_response.isra.0
                0x0000000008004194       0x94 Middlewares/Third_Party/LwIP/src/core/ipv4/icmp.o
 .text.icmp_input
                0x0000000008004228      0x130 Middlewares/Third_Party/LwIP/src/core/ipv4/icmp.o
                0x0000000008004228                icmp_input
 .text.icmp_dest_unreach
                0x0000000008004358        0xa Middlewares/Third_Party/LwIP/src/core/ipv4/icmp.o
                0x0000000008004358                icmp_dest_unreach
 .text.icmp_time_exceeded
                0x0000000008004362        0xa Middlewares/Third_Party/LwIP/src/core/ipv4/icmp.o
                0x0000000008004362                icmp_time_exceeded
 .text.ip4_route
                0x000000000800436c       0x58 Middlewares/Third_Party/LwIP/src/core/ipv4/ip4.o
                0x000000000800436c                ip4_route
 .text.ip4_input
                0x00000000080043c4      0x184 Middlewares/Third_Party/LwIP/src/core/ipv4/ip4.o
                0x00000000080043c4                ip4_input
 .text.ip4_output_if_src
                0x0000000008004548       0xf0 Middlewares/Third_Party/LwIP/src/core/ipv4/ip4.o
                0x0000000008004548                ip4_output_if_src
 .text.ip4_output_if
                0x0000000008004638       0x22 Middlewares/Third_Party/LwIP/src/core/ipv4/ip4.o
                0x0000000008004638                ip4_output_if
 .text.ip4_addr_isbroadcast_u32
                0x000000000800465a       0x32 Middlewares/Third_Party/LwIP/src/core/ipv4/ip4_addr.o
                0x000000000800465a                ip4_addr_isbroadcast_u32
 .text.ip_reass_dequeue_datagram
                0x000000000800468c       0x44 Middlewares/Third_Party/LwIP/src/core/ipv4/ip4_frag.o
 .text.ip_reass_free_complete_datagram
                0x00000000080046d0       0xe8 Middlewares/Third_Party/LwIP/src/core/ipv4/ip4_frag.o
 .text.ip_reass_remove_oldest_datagram
                0x00000000080047b8       0x78 Middlewares/Third_Party/LwIP/src/core/ipv4/ip4_frag.o
 .text.ip_frag_free_pbuf_custom_ref
                0x0000000008004830       0x2c Middlewares/Third_Party/LwIP/src/core/ipv4/ip4_frag.o
 .text.ipfrag_free_pbuf_custom
                0x000000000800485c       0x34 Middlewares/Third_Party/LwIP/src/core/ipv4/ip4_frag.o
 .text.ip_reass_tmr
                0x0000000008004890       0x28 Middlewares/Third_Party/LwIP/src/core/ipv4/ip4_frag.o
                0x0000000008004890                ip_reass_tmr
 .text.ip4_reass
                0x00000000080048b8      0x354 Middlewares/Third_Party/LwIP/src/core/ipv4/ip4_frag.o
                0x00000000080048b8                ip4_reass
 .text.ip4_frag
                0x0000000008004c0c      0x1b4 Middlewares/Third_Party/LwIP/src/core/ipv4/ip4_frag.o
                0x0000000008004c0c                ip4_frag
 .text.mem_init
                0x0000000008004dc0       0x6c Middlewares/Third_Party/LwIP/src/core/mem.o
                0x0000000008004dc0                mem_init
 .text.mem_free
                0x0000000008004e2c      0x170 Middlewares/Third_Party/LwIP/src/core/mem.o
                0x0000000008004e2c                mem_free
 .text.mem_trim
                0x0000000008004f9c      0x118 Middlewares/Third_Party/LwIP/src/core/mem.o
                0x0000000008004f9c                mem_trim
 .text.mem_malloc
                0x00000000080050b4      0x13c Middlewares/Third_Party/LwIP/src/core/mem.o
                0x00000000080050b4                mem_malloc
 .text.do_memp_malloc_pool.isra.0
                0x00000000080051f0       0x3c Middlewares/Third_Party/LwIP/src/core/memp.o
 .text.do_memp_free_pool.isra.1
                0x000000000800522c       0x38 Middlewares/Third_Party/LwIP/src/core/memp.o
 .text.memp_init_pool
                0x0000000008005264       0x26 Middlewares/Third_Party/LwIP/src/core/memp.o
                0x0000000008005264                memp_init_pool
 *fill*         0x000000000800528a        0x2 
 .text.memp_init
                0x000000000800528c       0x1c Middlewares/Third_Party/LwIP/src/core/memp.o
                0x000000000800528c                memp_init
 .text.memp_malloc
                0x00000000080052a8       0x38 Middlewares/Third_Party/LwIP/src/core/memp.o
                0x00000000080052a8                memp_malloc
 .text.memp_free
                0x00000000080052e0       0x34 Middlewares/Third_Party/LwIP/src/core/memp.o
                0x00000000080052e0                memp_free
 .text.netif_issue_reports.part.0
                0x0000000008005314       0x12 Middlewares/Third_Party/LwIP/src/core/netif.o
 .text.netif_init
                0x0000000008005326        0x2 Middlewares/Third_Party/LwIP/src/core/netif.o
                0x0000000008005326                netif_init
 .text.netif_set_ipaddr
                0x0000000008005328       0x44 Middlewares/Third_Party/LwIP/src/core/netif.o
                0x0000000008005328                netif_set_ipaddr
 .text.netif_set_addr
                0x000000000800536c       0x38 Middlewares/Third_Party/LwIP/src/core/netif.o
                0x000000000800536c                netif_set_addr
 .text.netif_add
                0x00000000080053a4       0x7c Middlewares/Third_Party/LwIP/src/core/netif.o
                0x00000000080053a4                netif_add
 .text.netif_set_default
                0x0000000008005420        0xc Middlewares/Third_Party/LwIP/src/core/netif.o
                0x0000000008005420                netif_set_default
 .text.netif_set_up
                0x000000000800542c       0x1e Middlewares/Third_Party/LwIP/src/core/netif.o
                0x000000000800542c                netif_set_up
 .text.netif_set_down
                0x000000000800544a       0x1a Middlewares/Third_Party/LwIP/src/core/netif.o
                0x000000000800544a                netif_set_down
 .text.pbuf_free_ooseq_callback
                0x0000000008005464       0x34 Middlewares/Third_Party/LwIP/src/core/pbuf.o
 .text.pbuf_header_impl
                0x0000000008005498       0x9c Middlewares/Third_Party/LwIP/src/core/pbuf.o
 .text.pbuf_pool_is_empty
                0x0000000008005534       0x3c Middlewares/Third_Party/LwIP/src/core/pbuf.o
 .text.pbuf_alloced_custom
                0x0000000008005570       0x70 Middlewares/Third_Party/LwIP/src/core/pbuf.o
                0x0000000008005570                pbuf_alloced_custom
 .text.pbuf_header
                0x00000000080055e0        0x6 Middlewares/Third_Party/LwIP/src/core/pbuf.o
                0x00000000080055e0                pbuf_header
 .text.pbuf_header_force
                0x00000000080055e6        0x6 Middlewares/Third_Party/LwIP/src/core/pbuf.o
                0x00000000080055e6                pbuf_header_force
 .text.pbuf_free
                0x00000000080055ec       0xd4 Middlewares/Third_Party/LwIP/src/core/pbuf.o
                0x00000000080055ec                pbuf_free
 .text.pbuf_alloc
                0x00000000080056c0      0x1b8 Middlewares/Third_Party/LwIP/src/core/pbuf.o
                0x00000000080056c0                pbuf_alloc
 .text.pbuf_realloc
                0x0000000008005878       0xe0 Middlewares/Third_Party/LwIP/src/core/pbuf.o
                0x0000000008005878                pbuf_realloc
 .text.pbuf_clen
                0x0000000008005958       0x10 Middlewares/Third_Party/LwIP/src/core/pbuf.o
                0x0000000008005958                pbuf_clen
 .text.pbuf_ref
                0x0000000008005968       0x38 Middlewares/Third_Party/LwIP/src/core/pbuf.o
                0x0000000008005968                pbuf_ref
 .text.pbuf_cat
                0x00000000080059a0       0x74 Middlewares/Third_Party/LwIP/src/core/pbuf.o
                0x00000000080059a0                pbuf_cat
 .text.pbuf_copy
                0x0000000008005a14      0x114 Middlewares/Third_Party/LwIP/src/core/pbuf.o
                0x0000000008005a14                pbuf_copy
 .text.pbuf_copy_partial
                0x0000000008005b28       0x8c Middlewares/Third_Party/LwIP/src/core/pbuf.o
                0x0000000008005b28                pbuf_copy_partial
 .text.tcp_close_shutdown_fin
                0x0000000008005bb4       0x60 Middlewares/Third_Party/LwIP/src/core/tcp.o
 .text.tcp_init
                0x0000000008005c14        0x2 Middlewares/Third_Party/LwIP/src/core/tcp.o
                0x0000000008005c14                tcp_init
 *fill*         0x0000000008005c16        0x2 
 .text.tcp_update_rcv_ann_wnd
                0x0000000008005c18       0x58 Middlewares/Third_Party/LwIP/src/core/tcp.o
                0x0000000008005c18                tcp_update_rcv_ann_wnd
 .text.tcp_recved
                0x0000000008005c70       0x7c Middlewares/Third_Party/LwIP/src/core/tcp.o
                0x0000000008005c70                tcp_recved
 .text.tcp_seg_free
                0x0000000008005cec       0x1c Middlewares/Third_Party/LwIP/src/core/tcp.o
                0x0000000008005cec                tcp_seg_free
 .text.tcp_segs_free
                0x0000000008005d08       0x10 Middlewares/Third_Party/LwIP/src/core/tcp.o
                0x0000000008005d08                tcp_segs_free
 .text.tcp_seg_copy
                0x0000000008005d18       0x2c Middlewares/Third_Party/LwIP/src/core/tcp.o
                0x0000000008005d18                tcp_seg_copy
 .text.tcp_pcb_purge
                0x0000000008005d44       0x40 Middlewares/Third_Party/LwIP/src/core/tcp.o
                0x0000000008005d44                tcp_pcb_purge
 .text.tcp_slowtmr
                0x0000000008005d84      0x3c4 Middlewares/Third_Party/LwIP/src/core/tcp.o
                0x0000000008005d84                tcp_slowtmr
 .text.tcp_pcb_remove
                0x0000000008006148       0xa0 Middlewares/Third_Party/LwIP/src/core/tcp.o
                0x0000000008006148                tcp_pcb_remove
 .text.tcp_close_shutdown
                0x00000000080061e8      0x14c Middlewares/Third_Party/LwIP/src/core/tcp.o
 .text.tcp_close
                0x0000000008006334       0x14 Middlewares/Third_Party/LwIP/src/core/tcp.o
                0x0000000008006334                tcp_close
 .text.tcp_recv_null
                0x0000000008006348       0x24 Middlewares/Third_Party/LwIP/src/core/tcp.o
                0x0000000008006348                tcp_recv_null
 .text.tcp_process_refused_data
                0x000000000800636c       0x66 Middlewares/Third_Party/LwIP/src/core/tcp.o
                0x000000000800636c                tcp_process_refused_data
 *fill*         0x00000000080063d2        0x2 
 .text.tcp_fasttmr
                0x00000000080063d4       0x80 Middlewares/Third_Party/LwIP/src/core/tcp.o
                0x00000000080063d4                tcp_fasttmr
 .text.tcp_tmr  0x0000000008006454       0x24 Middlewares/Third_Party/LwIP/src/core/tcp.o
                0x0000000008006454                tcp_tmr
 .text.tcp_abandon
                0x0000000008006478       0xec Middlewares/Third_Party/LwIP/src/core/tcp.o
                0x0000000008006478                tcp_abandon
 .text.tcp_abort
                0x0000000008006564        0x6 Middlewares/Third_Party/LwIP/src/core/tcp.o
                0x0000000008006564                tcp_abort
 .text.tcp_netif_ip_addr_changed_pcblist
                0x000000000800656a       0x1c Middlewares/Third_Party/LwIP/src/core/tcp.o
 *fill*         0x0000000008006586        0x2 
 .text.tcp_kill_state
                0x0000000008006588       0x60 Middlewares/Third_Party/LwIP/src/core/tcp.o
 .text.tcp_alloc
                0x00000000080065e8      0x110 Middlewares/Third_Party/LwIP/src/core/tcp.o
                0x00000000080065e8                tcp_alloc
 .text.tcp_next_iss
                0x00000000080066f8       0x18 Middlewares/Third_Party/LwIP/src/core/tcp.o
                0x00000000080066f8                tcp_next_iss
 .text.tcp_eff_send_mss_impl
                0x0000000008006710       0x1e Middlewares/Third_Party/LwIP/src/core/tcp.o
                0x0000000008006710                tcp_eff_send_mss_impl
 *fill*         0x000000000800672e        0x2 
 .text.tcp_netif_ip_addr_changed
                0x0000000008006730       0x4c Middlewares/Third_Party/LwIP/src/core/tcp.o
                0x0000000008006730                tcp_netif_ip_addr_changed
 .text.tcp_oos_insert_segment
                0x000000000800677c       0x7c Middlewares/Third_Party/LwIP/src/core/tcp_in.o
 .text.tcp_receive
                0x00000000080067f8      0x998 Middlewares/Third_Party/LwIP/src/core/tcp_in.o
 .text.tcp_getoptbyte
                0x0000000008007190       0x40 Middlewares/Third_Party/LwIP/src/core/tcp_in.o
 .text.tcp_parseopt.isra.1.part.2
                0x00000000080071d0       0x70 Middlewares/Third_Party/LwIP/src/core/tcp_in.o
 .text.tcp_input_delayed_close
                0x0000000008007240       0x40 Middlewares/Third_Party/LwIP/src/core/tcp_in.o
 .text.tcp_input
                0x0000000008007280      0x9fc Middlewares/Third_Party/LwIP/src/core/tcp_in.o
                0x0000000008007280                tcp_input
 .text.tcp_trigger_input_pcb_close
                0x0000000008007c7c       0x10 Middlewares/Third_Party/LwIP/src/core/tcp_in.o
                0x0000000008007c7c                tcp_trigger_input_pcb_close
 .text.tcp_create_segment
                0x0000000008007c8c       0xd0 Middlewares/Third_Party/LwIP/src/core/tcp_out.o
 .text.tcp_output_alloc_header.constprop.0
                0x0000000008007d5c       0x78 Middlewares/Third_Party/LwIP/src/core/tcp_out.o
 .text.tcp_enqueue_flags
                0x0000000008007dd4      0x130 Middlewares/Third_Party/LwIP/src/core/tcp_out.o
                0x0000000008007dd4                tcp_enqueue_flags
 .text.tcp_send_fin
                0x0000000008007f04       0x44 Middlewares/Third_Party/LwIP/src/core/tcp_out.o
                0x0000000008007f04                tcp_send_fin
 .text.tcp_send_empty_ack
                0x0000000008007f48       0x6a Middlewares/Third_Party/LwIP/src/core/tcp_out.o
                0x0000000008007f48                tcp_send_empty_ack
 *fill*         0x0000000008007fb2        0x2 
 .text.tcp_output
                0x0000000008007fb4      0x2fc Middlewares/Third_Party/LwIP/src/core/tcp_out.o
                0x0000000008007fb4                tcp_output
 .text.tcp_rst  0x00000000080082b0       0xb4 Middlewares/Third_Party/LwIP/src/core/tcp_out.o
                0x00000000080082b0                tcp_rst
 .text.tcp_rexmit_rto
                0x0000000008008364       0x38 Middlewares/Third_Party/LwIP/src/core/tcp_out.o
                0x0000000008008364                tcp_rexmit_rto
 .text.tcp_rexmit
                0x000000000800839c       0x52 Middlewares/Third_Party/LwIP/src/core/tcp_out.o
                0x000000000800839c                tcp_rexmit
 .text.tcp_rexmit_fast
                0x00000000080083ee       0x4e Middlewares/Third_Party/LwIP/src/core/tcp_out.o
                0x00000000080083ee                tcp_rexmit_fast
 .text.tcp_keepalive
                0x000000000800843c       0x54 Middlewares/Third_Party/LwIP/src/core/tcp_out.o
                0x000000000800843c                tcp_keepalive
 .text.tcp_zero_window_probe
                0x0000000008008490       0xc0 Middlewares/Third_Party/LwIP/src/core/tcp_out.o
                0x0000000008008490                tcp_zero_window_probe
 .text.sys_timeout
                0x0000000008008550       0xa4 Middlewares/Third_Party/LwIP/src/core/timeouts.o
                0x0000000008008550                sys_timeout
 .text.tcp_timer_needed
                0x00000000080085f4       0x34 Middlewares/Third_Party/LwIP/src/core/timeouts.o
                0x00000000080085f4                tcp_timer_needed
 .text.tcpip_tcp_timer
                0x0000000008008628       0x38 Middlewares/Third_Party/LwIP/src/core/timeouts.o
 .text.sys_timeouts_init
                0x0000000008008660       0x38 Middlewares/Third_Party/LwIP/src/core/timeouts.o
                0x0000000008008660                sys_timeouts_init
 .text.cyclic_timer
                0x0000000008008698       0x1c Middlewares/Third_Party/LwIP/src/core/timeouts.o
 .text.sys_timeouts_mbox_fetch
                0x00000000080086b4       0x8c Middlewares/Third_Party/LwIP/src/core/timeouts.o
                0x00000000080086b4                sys_timeouts_mbox_fetch
 .text.udp_init
                0x0000000008008740        0x2 Middlewares/Third_Party/LwIP/src/core/udp.o
                0x0000000008008740                udp_init
 *fill*         0x0000000008008742        0x2 
 .text.udp_input
                0x0000000008008744      0x130 Middlewares/Third_Party/LwIP/src/core/udp.o
                0x0000000008008744                udp_input
 .text.udp_netif_ip_addr_changed
                0x0000000008008874       0x2c Middlewares/Third_Party/LwIP/src/core/udp.o
                0x0000000008008874                udp_netif_ip_addr_changed
 .text.ethernet_input
                0x00000000080088a0       0x98 Middlewares/Third_Party/LwIP/src/netif/ethernet.o
                0x00000000080088a0                ethernet_input
 .text.ethernet_output
                0x0000000008008938       0x70 Middlewares/Third_Party/LwIP/src/netif/ethernet.o
                0x0000000008008938                ethernet_output
 .text.sys_mbox_new
                0x00000000080089a8       0x24 Middlewares/Third_Party/LwIP/system/OS/sys_arch.o
                0x00000000080089a8                sys_mbox_new
 .text.sys_mbox_post
                0x00000000080089cc       0x18 Middlewares/Third_Party/LwIP/system/OS/sys_arch.o
                0x00000000080089cc                sys_mbox_post
 .text.sys_mbox_trypost
                0x00000000080089e4       0x14 Middlewares/Third_Party/LwIP/system/OS/sys_arch.o
                0x00000000080089e4                sys_mbox_trypost
 .text.sys_arch_mbox_fetch
                0x00000000080089f8       0x44 Middlewares/Third_Party/LwIP/system/OS/sys_arch.o
                0x00000000080089f8                sys_arch_mbox_fetch
 .text.sys_mbox_valid
                0x0000000008008a3c        0xa Middlewares/Third_Party/LwIP/system/OS/sys_arch.o
                0x0000000008008a3c                sys_mbox_valid
 .text.sys_sem_signal
                0x0000000008008a46        0x6 Middlewares/Third_Party/LwIP/system/OS/sys_arch.o
                0x0000000008008a46                sys_sem_signal
 .text.sys_init
                0x0000000008008a4c       0x18 Middlewares/Third_Party/LwIP/system/OS/sys_arch.o
                0x0000000008008a4c                sys_init
 .text.sys_mutex_new
                0x0000000008008a64       0x1e Middlewares/Third_Party/LwIP/system/OS/sys_arch.o
                0x0000000008008a64                sys_mutex_new
 .text.sys_mutex_lock
                0x0000000008008a82        0xa Middlewares/Third_Party/LwIP/system/OS/sys_arch.o
                0x0000000008008a82                sys_mutex_lock
 .text.sys_mutex_unlock
                0x0000000008008a8c        0x6 Middlewares/Third_Party/LwIP/system/OS/sys_arch.o
                0x0000000008008a8c                sys_mutex_unlock
 .text.sys_thread_new
                0x0000000008008a92       0x2e Middlewares/Third_Party/LwIP/system/OS/sys_arch.o
                0x0000000008008a92                sys_thread_new
 .text.sys_arch_protect
                0x0000000008008ac0       0x18 Middlewares/Third_Party/LwIP/system/OS/sys_arch.o
                0x0000000008008ac0                sys_arch_protect
 .text.sys_arch_unprotect
                0x0000000008008ad8        0xc Middlewares/Third_Party/LwIP/system/OS/sys_arch.o
                0x0000000008008ad8                sys_arch_unprotect
 .text.low_level_output
                0x0000000008008ae4       0xa0 Src/ethernetif.o
 .text.ethernetif_input
                0x0000000008008b84       0xec Src/ethernetif.o
                0x0000000008008b84                ethernetif_input
 .text.HAL_ETH_MspInit
                0x0000000008008c70      0x11c Src/ethernetif.o
                0x0000000008008c70                HAL_ETH_MspInit
 .text.HAL_ETH_RxCpltCallback
                0x0000000008008d8c        0xc Src/ethernetif.o
                0x0000000008008d8c                HAL_ETH_RxCpltCallback
 .text.ethernetif_init
                0x0000000008008d98      0x15c Src/ethernetif.o
                0x0000000008008d98                ethernetif_init
 .text.sys_now  0x0000000008008ef4        0x4 Src/ethernetif.o
                0x0000000008008ef4                sys_now
 .text.StartDefaultTask
                0x0000000008008ef8        0xe Src/freertos.o
                0x0000000008008ef8                StartDefaultTask
 *fill*         0x0000000008008f06        0x2 
 .text.vApplicationGetIdleTaskMemory
                0x0000000008008f08       0x18 Src/freertos.o
                0x0000000008008f08                vApplicationGetIdleTaskMemory
 .text.MX_FREERTOS_Init
                0x0000000008008f20       0x2c Src/freertos.o
                0x0000000008008f20                MX_FREERTOS_Init
 .text.MX_GPIO_Init
                0x0000000008008f4c      0x108 Src/gpio.o
                0x0000000008008f4c                MX_GPIO_Init
 .text.MX_LWIP_Init
                0x0000000008009054       0xe0 Src/lwip.o
                0x0000000008009054                MX_LWIP_Init
 .text.SystemClock_Config
                0x0000000008009134       0x98 Src/main.o
                0x0000000008009134                SystemClock_Config
 .text.startup.main
                0x00000000080091cc       0x30 Src/main.o
                0x00000000080091cc                main
 .text.HAL_TIM_PeriodElapsedCallback
                0x00000000080091fc       0x14 Src/main.o
                0x00000000080091fc                HAL_TIM_PeriodElapsedCallback
 .text.Error_Handler
                0x0000000008009210        0x2 Src/main.o
                0x0000000008009210                Error_Handler
 .text.malloc   0x0000000008009212        0x4 Src/malloc.o
                0x0000000008009212                malloc
 .text.free     0x0000000008009216        0x4 Src/malloc.o
                0x0000000008009216                free
 *fill*         0x000000000800921a        0x2 
 .text.HAL_MspInit
                0x000000000800921c       0x44 Src/stm32f4xx_hal_msp.o
                0x000000000800921c                HAL_MspInit
 .text.HAL_InitTick
                0x0000000008009260       0x7c Src/stm32f4xx_hal_timebase_tim.o
                0x0000000008009260                HAL_InitTick
 .text.NMI_Handler
                0x00000000080092dc        0x2 Src/stm32f4xx_it.o
                0x00000000080092dc                NMI_Handler
 .text.HardFault_Handler
                0x00000000080092de        0x2 Src/stm32f4xx_it.o
                0x00000000080092de                HardFault_Handler
 .text.MemManage_Handler
                0x00000000080092e0        0x2 Src/stm32f4xx_it.o
                0x00000000080092e0                MemManage_Handler
 .text.BusFault_Handler
                0x00000000080092e2        0x2 Src/stm32f4xx_it.o
                0x00000000080092e2                BusFault_Handler
 .text.UsageFault_Handler
                0x00000000080092e4        0x2 Src/stm32f4xx_it.o
                0x00000000080092e4                UsageFault_Handler
 .text.DebugMon_Handler
                0x00000000080092e6        0x2 Src/stm32f4xx_it.o
                0x00000000080092e6                DebugMon_Handler
 .text.TIM1_UP_TIM10_IRQHandler
                0x00000000080092e8        0xc Src/stm32f4xx_it.o
                0x00000000080092e8                TIM1_UP_TIM10_IRQHandler
 .text.ETH_IRQHandler
                0x00000000080092f4        0xc Src/stm32f4xx_it.o
                0x00000000080092f4                ETH_IRQHandler
 .text._write   0x0000000008009300       0x32 Src/syscalls.o
                0x0000000008009300                _write
 *fill*         0x0000000008009332        0x2 
 .text.SystemInit
                0x0000000008009334       0x4c Src/system_stm32f4xx.o
                0x0000000008009334                SystemInit
 .text.ts_itoa  0x0000000008009380       0x34 Src/tiny_printf.o
                0x0000000008009380                ts_itoa
 .text.ts_formatstring
                0x00000000080093b4       0xc2 Src/tiny_printf.o
                0x00000000080093b4                ts_formatstring
 .text.ts_formatlength
                0x0000000008009476       0x68 Src/tiny_printf.o
                0x0000000008009476                ts_formatlength
 .text.iprintf  0x00000000080094de       0x7e Src/tiny_printf.o
                0x00000000080094de                printf
                0x00000000080094de                iprintf
 .text.MX_USART3_UART_Init
                0x000000000800955c       0x38 Src/usart.o
                0x000000000800955c                MX_USART3_UART_Init
 .text.HAL_UART_MspInit
                0x0000000008009594       0x70 Src/usart.o
                0x0000000008009594                HAL_UART_MspInit
 .text.MX_USB_OTG_FS_PCD_Init
                0x0000000008009604       0x38 Src/usb_otg.o
                0x0000000008009604                MX_USB_OTG_FS_PCD_Init
 .text.HAL_PCD_MspInit
                0x000000000800963c       0x84 Src/usb_otg.o
                0x000000000800963c                HAL_PCD_MspInit
 .text.Reset_Handler
                0x00000000080096c0       0x50 startup/startup_stm32f429xx.o
                0x00000000080096c0                Reset_Handler
 .text.Default_Handler
                0x0000000008009710        0x2 startup/startup_stm32f429xx.o
                0x0000000008009710                RTC_Alarm_IRQHandler
                0x0000000008009710                HASH_RNG_IRQHandler
                0x0000000008009710                EXTI2_IRQHandler
                0x0000000008009710                TIM8_CC_IRQHandler
                0x0000000008009710                UART8_IRQHandler
                0x0000000008009710                SPI4_IRQHandler
                0x0000000008009710                TIM1_CC_IRQHandler
                0x0000000008009710                DMA2_Stream5_IRQHandler
                0x0000000008009710                DMA1_Stream5_IRQHandler
                0x0000000008009710                PVD_IRQHandler
                0x0000000008009710                SDIO_IRQHandler
                0x0000000008009710                TAMP_STAMP_IRQHandler
                0x0000000008009710                CAN2_RX1_IRQHandler
                0x0000000008009710                EXTI3_IRQHandler
                0x0000000008009710                TIM8_TRG_COM_TIM14_IRQHandler
                0x0000000008009710                TIM8_UP_TIM13_IRQHandler
                0x0000000008009710                I2C3_ER_IRQHandler
                0x0000000008009710                EXTI0_IRQHandler
                0x0000000008009710                I2C2_EV_IRQHandler
                0x0000000008009710                DMA1_Stream2_IRQHandler
                0x0000000008009710                CAN1_RX0_IRQHandler
                0x0000000008009710                FPU_IRQHandler
                0x0000000008009710                OTG_HS_WKUP_IRQHandler
                0x0000000008009710                LTDC_ER_IRQHandler
                0x0000000008009710                CAN2_SCE_IRQHandler
                0x0000000008009710                DMA2_Stream2_IRQHandler
                0x0000000008009710                SPI1_IRQHandler
                0x0000000008009710                TIM6_DAC_IRQHandler
                0x0000000008009710                TIM1_BRK_TIM9_IRQHandler
                0x0000000008009710                DCMI_IRQHandler
                0x0000000008009710                CAN2_RX0_IRQHandler
                0x0000000008009710                DMA2_Stream3_IRQHandler
                0x0000000008009710                USART6_IRQHandler
                0x0000000008009710                USART3_IRQHandler
                0x0000000008009710                CAN1_RX1_IRQHandler
                0x0000000008009710                UART5_IRQHandler
                0x0000000008009710                DMA2_Stream0_IRQHandler
                0x0000000008009710                TIM4_IRQHandler
                0x0000000008009710                I2C1_EV_IRQHandler
                0x0000000008009710                DMA1_Stream6_IRQHandler
                0x0000000008009710                DMA1_Stream1_IRQHandler
                0x0000000008009710                UART4_IRQHandler
                0x0000000008009710                TIM3_IRQHandler
                0x0000000008009710                RCC_IRQHandler
                0x0000000008009710                TIM8_BRK_TIM12_IRQHandler
                0x0000000008009710                Default_Handler
                0x0000000008009710                EXTI15_10_IRQHandler
                0x0000000008009710                ADC_IRQHandler
                0x0000000008009710                DMA1_Stream7_IRQHandler
                0x0000000008009710                SPI5_IRQHandler
                0x0000000008009710                TIM7_IRQHandler
                0x0000000008009710                CAN2_TX_IRQHandler
                0x0000000008009710                TIM5_IRQHandler
                0x0000000008009710                DMA2_Stream7_IRQHandler
                0x0000000008009710                I2C3_EV_IRQHandler
                0x0000000008009710                EXTI9_5_IRQHandler
                0x0000000008009710                RTC_WKUP_IRQHandler
                0x0000000008009710                LTDC_IRQHandler
                0x0000000008009710                ETH_WKUP_IRQHandler
                0x0000000008009710                SPI2_IRQHandler
                0x0000000008009710                OTG_HS_EP1_IN_IRQHandler
                0x0000000008009710                DMA1_Stream0_IRQHandler
                0x0000000008009710                CAN1_TX_IRQHandler
                0x0000000008009710                EXTI4_IRQHandler
                0x0000000008009710                OTG_HS_EP1_OUT_IRQHandler
                0x0000000008009710                WWDG_IRQHandler
                0x0000000008009710                SPI6_IRQHandler
                0x0000000008009710                TIM2_IRQHandler
                0x0000000008009710                OTG_FS_WKUP_IRQHandler
                0x0000000008009710                TIM1_TRG_COM_TIM11_IRQHandler
                0x0000000008009710                OTG_HS_IRQHandler
                0x0000000008009710                DMA2D_IRQHandler
                0x0000000008009710                EXTI1_IRQHandler
                0x0000000008009710                UART7_IRQHandler
                0x0000000008009710                USART2_IRQHandler
                0x0000000008009710                I2C2_ER_IRQHandler
                0x0000000008009710                DMA2_Stream1_IRQHandler
                0x0000000008009710                CAN1_SCE_IRQHandler
                0x0000000008009710                FLASH_IRQHandler
                0x0000000008009710                DMA2_Stream4_IRQHandler
                0x0000000008009710                USART1_IRQHandler
                0x0000000008009710                OTG_FS_IRQHandler
                0x0000000008009710                SPI3_IRQHandler
                0x0000000008009710                DMA1_Stream4_IRQHandler
                0x0000000008009710                I2C1_ER_IRQHandler
                0x0000000008009710                FMC_IRQHandler
                0x0000000008009710                DMA2_Stream6_IRQHandler
                0x0000000008009710                SAI1_IRQHandler
                0x0000000008009710                DMA1_Stream3_IRQHandler
 *fill*         0x0000000008009712        0x2 
 .text.__libc_init_array
                0x0000000008009714       0x48 /opt/Atollic_TrueSTUDIO_for_STM32_x86_64_9.3.0/ARMTools/bin/../lib/gcc/arm-atollic-eabi/6.3.1/../../../../arm-atollic-eabi/lib/armv7e-m/fpu/libc_nano.a(lib_a-init.o)
                0x0000000008009714                __libc_init_array
 .text.memcmp   0x000000000800975c       0x1e /opt/Atollic_TrueSTUDIO_for_STM32_x86_64_9.3.0/ARMTools/bin/../lib/gcc/arm-atollic-eabi/6.3.1/../../../../arm-atollic-eabi/lib/armv7e-m/fpu/libc_nano.a(lib_a-memcmp.o)
                0x000000000800975c                memcmp
 .text.memcpy   0x000000000800977a       0x16 /opt/Atollic_TrueSTUDIO_for_STM32_x86_64_9.3.0/ARMTools/bin/../lib/gcc/arm-atollic-eabi/6.3.1/../../../../arm-atollic-eabi/lib/armv7e-m/fpu/libc_nano.a(lib_a-memcpy-stub.o)
                0x000000000800977a                memcpy
 .text.memset   0x0000000008009790       0x10 /opt/Atollic_TrueSTUDIO_for_STM32_x86_64_9.3.0/ARMTools/bin/../lib/gcc/arm-atollic-eabi/6.3.1/../../../../arm-atollic-eabi/lib/armv7e-m/fpu/libc_nano.a(lib_a-memset.o)
                0x0000000008009790                memset
 *(.glue_7)
 .glue_7        0x00000000080097a0        0x0 linker stubs
 *(.glue_7t)
 .glue_7t       0x00000000080097a0        0x0 linker stubs
 *(.eh_frame)
 .eh_frame      0x00000000080097a0        0x0 /opt/Atollic_TrueSTUDIO_for_STM32_x86_64_9.3.0/ARMTools/bin/../lib/gcc/arm-atollic-eabi/6.3.1/armv7e-m/fpu/crtbegin.o
 *(.init)
 .init          0x00000000080097a0        0x4 /opt/Atollic_TrueSTUDIO_for_STM32_x86_64_9.3.0/ARMTools/bin/../lib/gcc/arm-atollic-eabi/6.3.1/armv7e-m/fpu/crti.o
                0x00000000080097a0                _init
 .init          0x00000000080097a4        0x8 /opt/Atollic_TrueSTUDIO_for_STM32_x86_64_9.3.0/ARMTools/bin/../lib/gcc/arm-atollic-eabi/6.3.1/armv7e-m/fpu/crtn.o
 *(.fini)
 .fini          0x00000000080097ac        0x4 /opt/Atollic_TrueSTUDIO_for_STM32_x86_64_9.3.0/ARMTools/bin/../lib/gcc/arm-atollic-eabi/6.3.1/armv7e-m/fpu/crti.o
                0x00000000080097ac                _fini
 .fini          0x00000000080097b0        0x8 /opt/Atollic_TrueSTUDIO_for_STM32_x86_64_9.3.0/ARMTools/bin/../lib/gcc/arm-atollic-eabi/6.3.1/armv7e-m/fpu/crtn.o
                0x00000000080097b8                . = ALIGN (0x4)
                0x00000000080097b8                _etext = .

.vfp11_veneer   0x00000000080097b8        0x0
 .vfp11_veneer  0x00000000080097b8        0x0 linker stubs

.v4_bx          0x00000000080097b8        0x0
 .v4_bx         0x00000000080097b8        0x0 linker stubs

.iplt           0x00000000080097b8        0x0
 .iplt          0x00000000080097b8        0x0 /opt/Atollic_TrueSTUDIO_for_STM32_x86_64_9.3.0/ARMTools/bin/../lib/gcc/arm-atollic-eabi/6.3.1/armv7e-m/fpu/crtbegin.o

.rodata         0x00000000080097b8     0x159c
                0x00000000080097b8                . = ALIGN (0x4)
 *(.rodata)
 .rodata        0x00000000080097b8       0x1c Src/ethernetif.o
 .rodata        0x00000000080097d4       0x1c Src/freertos.o
 *(.rodata*)
 .rodata.vTaskStartScheduler.str1.1
                0x00000000080097f0        0x5 Middlewares/Third_Party/FreeRTOS/Source/tasks.o
 .rodata.tcpip_init.str1.1
                0x00000000080097f5       0x30 Middlewares/Third_Party/LwIP/src/api/tcpip.o
 .rodata.tcpip_inpkt.str1.1
                0x0000000008009825        0xd Middlewares/Third_Party/LwIP/src/api/tcpip.o
 .rodata.tcpip_thread.str1.1
                0x0000000008009832       0x76 Middlewares/Third_Party/LwIP/src/api/tcpip.o
 .rodata.etharp_find_entry.isra.0.str1.1
                0x00000000080098a8       0x40 Middlewares/Third_Party/LwIP/src/core/ipv4/etharp.o
 .rodata.etharp_get_entry.str1.1
                0x00000000080098e8       0x1f Middlewares/Third_Party/LwIP/src/core/ipv4/etharp.o
 .rodata.etharp_input.str1.1
                0x0000000008009907       0x24 Middlewares/Third_Party/LwIP/src/core/ipv4/etharp.o
 .rodata.etharp_output.str1.1
                0x000000000800992b       0x24 Middlewares/Third_Party/LwIP/src/core/ipv4/etharp.o
                                          0xa (size before relaxing)
 .rodata.etharp_output_to_arp_index.str1.1
                0x000000000800992b       0x30 Middlewares/Third_Party/LwIP/src/core/ipv4/etharp.o
 .rodata.etharp_query.str1.1
                0x000000000800995b       0x42 Middlewares/Third_Party/LwIP/src/core/ipv4/etharp.o
 .rodata.etharp_raw.str1.1
                0x000000000800999d       0xb7 Middlewares/Third_Party/LwIP/src/core/ipv4/etharp.o
                                         0xdf (size before relaxing)
 .rodata.icmp_input.str1.1
                0x0000000008009a54       0x67 Middlewares/Third_Party/LwIP/src/core/ipv4/icmp.o
 .rodata.icmp_send_response.isra.0.str1.1
                0x0000000008009abb       0x61 Middlewares/Third_Party/LwIP/src/core/ipv4/icmp.o
                                         0x89 (size before relaxing)
 .rodata.ip4_output_if_src.str1.1
                0x0000000008009b1c       0x6d Middlewares/Third_Party/LwIP/src/core/ipv4/ip4.o
                                         0x95 (size before relaxing)
 *fill*         0x0000000008009b89        0x3 
 .rodata.ip_addr_any
                0x0000000008009b8c        0x4 Middlewares/Third_Party/LwIP/src/core/ipv4/ip4_addr.o
                0x0000000008009b8c                ip_addr_any
 .rodata.ip4_frag.str1.1
                0x0000000008009b90       0x61 Middlewares/Third_Party/LwIP/src/core/ipv4/ip4_frag.o
 .rodata.ip4_reass.str1.1
                0x0000000008009bf1       0x84 Middlewares/Third_Party/LwIP/src/core/ipv4/ip4_frag.o
 .rodata.ip_frag_free_pbuf_custom_ref.str1.1
                0x0000000008009c75       0x84 Middlewares/Third_Party/LwIP/src/core/ipv4/ip4_frag.o
                                          0xa (size before relaxing)
 .rodata.ip_reass_dequeue_datagram.str1.1
                0x0000000008009c75       0x52 Middlewares/Third_Party/LwIP/src/core/ipv4/ip4_frag.o
                                         0x7a (size before relaxing)
 .rodata.ip_reass_free_complete_datagram.str1.1
                0x0000000008009cc7       0x56 Middlewares/Third_Party/LwIP/src/core/ipv4/ip4_frag.o
 .rodata.ipfrag_free_pbuf_custom.str1.1
                0x0000000008009d1d        0xc Middlewares/Third_Party/LwIP/src/core/ipv4/ip4_frag.o
 .rodata.mem_free.str1.1
                0x0000000008009d29       0xc2 Middlewares/Third_Party/LwIP/src/core/mem.o
 .rodata.mem_init.str1.1
                0x0000000008009deb       0x4a Middlewares/Third_Party/LwIP/src/core/mem.o
                                         0x72 (size before relaxing)
 .rodata.mem_malloc.str1.1
                0x0000000008009e35       0x9b Middlewares/Third_Party/LwIP/src/core/mem.o
 .rodata.mem_trim.str1.1
                0x0000000008009ed0       0x37 Middlewares/Third_Party/LwIP/src/core/mem.o
 .rodata.do_memp_free_pool.isra.1.str1.1
                0x0000000008009f07       0x20 Middlewares/Third_Party/LwIP/src/core/memp.o
 .rodata.do_memp_malloc_pool.isra.0.str1.1
                0x0000000008009f27       0x53 Middlewares/Third_Party/LwIP/src/core/memp.o
                                         0x7b (size before relaxing)
 *fill*         0x0000000008009f7a        0x2 
 .rodata.memp_FRAG_PBUF
                0x0000000008009f7c        0xc Middlewares/Third_Party/LwIP/src/core/memp.o
                0x0000000008009f7c                memp_FRAG_PBUF
 .rodata.memp_NETBUF
                0x0000000008009f88        0xc Middlewares/Third_Party/LwIP/src/core/memp.o
                0x0000000008009f88                memp_NETBUF
 .rodata.memp_NETCONN
                0x0000000008009f94        0xc Middlewares/Third_Party/LwIP/src/core/memp.o
                0x0000000008009f94                memp_NETCONN
 .rodata.memp_PBUF
                0x0000000008009fa0        0xc Middlewares/Third_Party/LwIP/src/core/memp.o
                0x0000000008009fa0                memp_PBUF
 .rodata.memp_PBUF_POOL
                0x0000000008009fac        0xc Middlewares/Third_Party/LwIP/src/core/memp.o
                0x0000000008009fac                memp_PBUF_POOL
 .rodata.memp_REASSDATA
                0x0000000008009fb8        0xc Middlewares/Third_Party/LwIP/src/core/memp.o
                0x0000000008009fb8                memp_REASSDATA
 .rodata.memp_SYS_TIMEOUT
                0x0000000008009fc4        0xc Middlewares/Third_Party/LwIP/src/core/memp.o
                0x0000000008009fc4                memp_SYS_TIMEOUT
 .rodata.memp_TCPIP_MSG_API
                0x0000000008009fd0        0xc Middlewares/Third_Party/LwIP/src/core/memp.o
                0x0000000008009fd0                memp_TCPIP_MSG_API
 .rodata.memp_TCPIP_MSG_INPKT
                0x0000000008009fdc        0xc Middlewares/Third_Party/LwIP/src/core/memp.o
                0x0000000008009fdc                memp_TCPIP_MSG_INPKT
 .rodata.memp_TCP_PCB
                0x0000000008009fe8        0xc Middlewares/Third_Party/LwIP/src/core/memp.o
                0x0000000008009fe8                memp_TCP_PCB
 .rodata.memp_TCP_PCB_LISTEN
                0x0000000008009ff4        0xc Middlewares/Third_Party/LwIP/src/core/memp.o
                0x0000000008009ff4                memp_TCP_PCB_LISTEN
 .rodata.memp_TCP_SEG
                0x000000000800a000        0xc Middlewares/Third_Party/LwIP/src/core/memp.o
                0x000000000800a000                memp_TCP_SEG
 .rodata.memp_UDP_PCB
                0x000000000800a00c        0xc Middlewares/Third_Party/LwIP/src/core/memp.o
                0x000000000800a00c                memp_UDP_PCB
 .rodata.memp_free.str1.1
                0x000000000800a018       0x1b Middlewares/Third_Party/LwIP/src/core/memp.o
 .rodata.memp_malloc.str1.1
                0x000000000800a033       0x1d Middlewares/Third_Party/LwIP/src/core/memp.o
 .rodata.memp_pools
                0x000000000800a050       0x34 Middlewares/Third_Party/LwIP/src/core/memp.o
                0x000000000800a050                memp_pools
 .rodata.netif_add.str1.1
                0x000000000800a084       0x48 Middlewares/Third_Party/LwIP/src/core/netif.o
                                         0x70 (size before relaxing)
 .rodata.pbuf_alloc.str1.1
                0x000000000800a0cc       0xa8 Middlewares/Third_Party/LwIP/src/core/pbuf.o
 .rodata.pbuf_alloced_custom.str1.1
                0x000000000800a174       0x24 Middlewares/Third_Party/LwIP/src/core/pbuf.o
 .rodata.pbuf_cat.str1.1
                0x000000000800a198       0x72 Middlewares/Third_Party/LwIP/src/core/pbuf.o
 .rodata.pbuf_copy.str1.1
                0x000000000800a20a       0x99 Middlewares/Third_Party/LwIP/src/core/pbuf.o
 .rodata.pbuf_copy_partial.str1.1
                0x000000000800a2a3       0x42 Middlewares/Third_Party/LwIP/src/core/pbuf.o
 .rodata.pbuf_free.str1.1
                0x000000000800a2e5       0x4c Middlewares/Third_Party/LwIP/src/core/pbuf.o
 .rodata.pbuf_header_impl.str1.1
                0x000000000800a331       0x5c Middlewares/Third_Party/LwIP/src/core/pbuf.o
                                         0x8e (size before relaxing)
 .rodata.pbuf_realloc.str1.1
                0x000000000800a38d       0x78 Middlewares/Third_Party/LwIP/src/core/pbuf.o
 .rodata.pbuf_ref.str1.1
                0x000000000800a405       0x12 Middlewares/Third_Party/LwIP/src/core/pbuf.o
 .rodata.tcp_abandon.str1.1
                0x000000000800a417       0x31 Middlewares/Third_Party/LwIP/src/core/tcp.o
 .rodata.tcp_backoff
                0x000000000800a448        0xd Middlewares/Third_Party/LwIP/src/core/tcp.o
 .rodata.tcp_close_shutdown.str1.1
                0x000000000800a455       0x19 Middlewares/Third_Party/LwIP/src/core/tcp.o
 .rodata.tcp_close_shutdown_fin.str1.1
                0x000000000800a46e       0x3b Middlewares/Third_Party/LwIP/src/core/tcp.o
                                         0x63 (size before relaxing)
 .rodata.tcp_kill_state.str1.1
                0x000000000800a4a9        0xe Middlewares/Third_Party/LwIP/src/core/tcp.o
 *fill*         0x000000000800a4b7        0x1 
 .rodata.tcp_pcb_lists
                0x000000000800a4b8       0x10 Middlewares/Third_Party/LwIP/src/core/tcp.o
                0x000000000800a4b8                tcp_pcb_lists
 .rodata.tcp_pcb_remove.str1.1
                0x000000000800a4c8       0x48 Middlewares/Third_Party/LwIP/src/core/tcp.o
 .rodata.tcp_persist_backoff
                0x000000000800a510        0x7 Middlewares/Third_Party/LwIP/src/core/tcp.o
 .rodata.tcp_recved.str1.1
                0x000000000800a517       0x47 Middlewares/Third_Party/LwIP/src/core/tcp.o
 .rodata.tcp_slowtmr.str1.1
                0x000000000800a55e      0x152 Middlewares/Third_Party/LwIP/src/core/tcp.o
 .rodata.tcp_update_rcv_ann_wnd.str1.1
                0x000000000800a6b0       0x1a Middlewares/Third_Party/LwIP/src/core/tcp.o
 .rodata.tcp_input.str1.1
                0x000000000800a6ca      0x1b6 Middlewares/Third_Party/LwIP/src/core/tcp_in.o
 .rodata.tcp_receive.str1.1
                0x000000000800a880      0x18b Middlewares/Third_Party/LwIP/src/core/tcp_in.o
                                        0x1b3 (size before relaxing)
 .rodata.tcp_create_segment.str1.1
                0x000000000800aa0b       0x15 Middlewares/Third_Party/LwIP/src/core/tcp_out.o
 .rodata.tcp_enqueue_flags.str1.1
                0x000000000800aa20       0xf8 Middlewares/Third_Party/LwIP/src/core/tcp_out.o
 .rodata.tcp_output.str1.1
                0x000000000800ab18       0x3d Middlewares/Third_Party/LwIP/src/core/tcp_out.o
 .rodata.tcp_output_alloc_header.constprop.0.str1.1
                0x000000000800ab55       0x2e Middlewares/Third_Party/LwIP/src/core/tcp_out.o
 .rodata.tcp_pbuf_prealloc.str1.1
                0x000000000800ab83       0x47 Middlewares/Third_Party/LwIP/src/core/tcp_out.o
                                         0x6f (size before relaxing)
 *fill*         0x000000000800abca        0x2 
 .rodata.lwip_cyclic_timers
                0x000000000800abcc       0x18 Middlewares/Third_Party/LwIP/src/core/timeouts.o
                0x000000000800abcc                lwip_cyclic_timers
 .rodata.sys_timeout.str1.1
                0x000000000800abe4       0x71 Middlewares/Third_Party/LwIP/src/core/timeouts.o
                                         0x99 (size before relaxing)
 .rodata.udp_input.str1.1
                0x000000000800ac55       0x43 Middlewares/Third_Party/LwIP/src/core/udp.o
                                         0x6b (size before relaxing)
 .rodata.ethbroadcast
                0x000000000800ac98        0x6 Middlewares/Third_Party/LwIP/src/netif/ethernet.o
                0x000000000800ac98                ethbroadcast
 .rodata.ethernet_output.str1.1
                0x000000000800ac9e       0x66 Middlewares/Third_Party/LwIP/src/netif/ethernet.o
                                         0x8e (size before relaxing)
 .rodata.ethzero
                0x000000000800ad04        0x6 Middlewares/Third_Party/LwIP/src/netif/ethernet.o
                0x000000000800ad04                ethzero
 *fill*         0x000000000800ad0a        0x2 
 .rodata.os_mutex_def_lwip_sys_mutex
                0x000000000800ad0c        0x8 Middlewares/Third_Party/LwIP/system/OS/sys_arch.o
                0x000000000800ad0c                os_mutex_def_lwip_sys_mutex
 .rodata.ethernetif_init.str1.1
                0x000000000800ad14       0x14 Src/ethernetif.o
                                         0x4a (size before relaxing)
 .rodata.str1.1
                0x000000000800ad28        0x6 Src/ethernetif.o
 .rodata.str1.1
                0x000000000800ad2e        0xc Src/freertos.o
 .rodata.AHBPrescTable
                0x000000000800ad3a       0x10 Src/system_stm32f4xx.o
                0x000000000800ad3a                AHBPrescTable
 .rodata.APBPrescTable
                0x000000000800ad4a        0x8 Src/system_stm32f4xx.o
                0x000000000800ad4a                APBPrescTable
                0x000000000800ad54                . = ALIGN (0x4)
 *fill*         0x000000000800ad52        0x2 

.ARM.extab
 *(.ARM.extab* .gnu.linkonce.armextab.*)

.ARM            0x000000000800ad54        0x8
                0x000000000800ad54                __exidx_start = .
 *(.ARM.exidx*)
 .ARM.exidx     0x000000000800ad54        0x8 /opt/Atollic_TrueSTUDIO_for_STM32_x86_64_9.3.0/ARMTools/bin/../lib/gcc/arm-atollic-eabi/6.3.1/armv7e-m/fpu/libgcc.a(_udivmoddi4.o)
                0x000000000800ad5c                __exidx_end = .

.rel.dyn        0x000000000800ad5c        0x0
 .rel.iplt      0x000000000800ad5c        0x0 /opt/Atollic_TrueSTUDIO_for_STM32_x86_64_9.3.0/ARMTools/bin/../lib/gcc/arm-atollic-eabi/6.3.1/armv7e-m/fpu/crtbegin.o

.preinit_array  0x000000000800ad5c        0x0
                0x000000000800ad5c                PROVIDE (__preinit_array_start, .)
 *(.preinit_array*)
                0x000000000800ad5c                PROVIDE (__preinit_array_end, .)

.init_array     0x000000000800ad5c        0x4
                0x000000000800ad5c                PROVIDE (__init_array_start, .)
 *(SORT(.init_array.*))
 *(.init_array*)
 .init_array    0x000000000800ad5c        0x4 /opt/Atollic_TrueSTUDIO_for_STM32_x86_64_9.3.0/ARMTools/bin/../lib/gcc/arm-atollic-eabi/6.3.1/armv7e-m/fpu/crtbegin.o
                0x000000000800ad60                PROVIDE (__init_array_end, .)

.fini_array     0x000000000800ad60        0x4
                [!provide]                        PROVIDE (__fini_array_start, .)
 *(SORT(.fini_array.*))
 *(.fini_array*)
 .fini_array    0x000000000800ad60        0x4 /opt/Atollic_TrueSTUDIO_for_STM32_x86_64_9.3.0/ARMTools/bin/../lib/gcc/arm-atollic-eabi/6.3.1/armv7e-m/fpu/crtbegin.o
                [!provide]                        PROVIDE (__fini_array_end, .)
                0x000000000800ad64                _sidata = LOADADDR (.data)

.data           0x0000000020000000       0x10 load address 0x000000000800ad64
                0x0000000020000000                . = ALIGN (0x4)
                0x0000000020000000                _sdata = .
 *(.data)
 *(.data*)
 .data.uwTickFreq
                0x0000000020000000        0x1 Drivers/STM32F4xx_HAL_Driver/Src/stm32f4xx_hal.o
                0x0000000020000000                uwTickFreq
 *fill*         0x0000000020000001        0x3 
 .data.uxCriticalNesting
                0x0000000020000004        0x4 Middlewares/Third_Party/FreeRTOS/Source/portable/GCC/ARM_CM4F/port.o
 .data.iss.11236
                0x0000000020000008        0x4 Middlewares/Third_Party/LwIP/src/core/tcp.o
 .data.SystemCoreClock
                0x000000002000000c        0x4 Src/system_stm32f4xx.o
                0x000000002000000c                SystemCoreClock
                0x0000000020000010                . = ALIGN (0x4)
                0x0000000020000010                _edata = .
                0x000000000800ad74                _siccmram = LOADADDR (.ccmram)

.igot.plt       0x0000000020000010        0x0 load address 0x000000000800ad74
 .igot.plt      0x0000000020000010        0x0 /opt/Atollic_TrueSTUDIO_for_STM32_x86_64_9.3.0/ARMTools/bin/../lib/gcc/arm-atollic-eabi/6.3.1/armv7e-m/fpu/crtbegin.o

.ccmram         0x0000000010000000        0x0 load address 0x000000000800ad74
                0x0000000010000000                . = ALIGN (0x4)
                0x0000000010000000                _sccmram = .
 *(.ccmram)
 *(.ccmram*)
                0x0000000010000000                . = ALIGN (0x4)
                0x0000000010000000                _eccmram = .
                0x0000000010000000                . = ALIGN (0x4)

.bss            0x0000000020000010     0xae3c
                0x0000000020000010                _sbss = .
                0x0000000020000010                __bss_start__ = _sbss
 *(.bss)
 .bss           0x0000000020000010       0x1c /opt/Atollic_TrueSTUDIO_for_STM32_x86_64_9.3.0/ARMTools/bin/../lib/gcc/arm-atollic-eabi/6.3.1/armv7e-m/fpu/crtbegin.o
 *(.bss*)
 .bss.ucMaxSysCallPriority
                0x000000002000002c        0x1 Middlewares/Third_Party/FreeRTOS/Source/portable/GCC/ARM_CM4F/port.o
 *fill*         0x000000002000002d        0x3 
 .bss.ulMaxPRIGROUPValue
                0x0000000020000030        0x4 Middlewares/Third_Party/FreeRTOS/Source/portable/GCC/ARM_CM4F/port.o
 .bss.pxEnd     0x0000000020000034        0x4 Middlewares/Third_Party/FreeRTOS/Source/portable/MemMang/heap_4.o
 .bss.ucHeap    0x0000000020000038     0x3c00 Middlewares/Third_Party/FreeRTOS/Source/portable/MemMang/heap_4.o
 .bss.xBlockAllocatedBit
                0x0000000020003c38        0x4 Middlewares/Third_Party/FreeRTOS/Source/portable/MemMang/heap_4.o
 .bss.xFreeBytesRemaining
                0x0000000020003c3c        0x4 Middlewares/Third_Party/FreeRTOS/Source/portable/MemMang/heap_4.o
 .bss.xMinimumEverFreeBytesRemaining
                0x0000000020003c40        0x4 Middlewares/Third_Party/FreeRTOS/Source/portable/MemMang/heap_4.o
 .bss.xStart    0x0000000020003c44        0x8 Middlewares/Third_Party/FreeRTOS/Source/portable/MemMang/heap_4.o
 .bss.pxCurrentTCB
                0x0000000020003c4c        0x4 Middlewares/Third_Party/FreeRTOS/Source/tasks.o
                0x0000000020003c4c                pxCurrentTCB
 .bss.pxDelayedTaskList
                0x0000000020003c50        0x4 Middlewares/Third_Party/FreeRTOS/Source/tasks.o
 .bss.pxOverflowDelayedTaskList
                0x0000000020003c54        0x4 Middlewares/Third_Party/FreeRTOS/Source/tasks.o
 .bss.pxReadyTasksLists
                0x0000000020003c58       0x8c Middlewares/Third_Party/FreeRTOS/Source/tasks.o
 .bss.uxCurrentNumberOfTasks
                0x0000000020003ce4        0x4 Middlewares/Third_Party/FreeRTOS/Source/tasks.o
 .bss.uxDeletedTasksWaitingCleanUp
                0x0000000020003ce8        0x4 Middlewares/Third_Party/FreeRTOS/Source/tasks.o
 .bss.uxPendedTicks
                0x0000000020003cec        0x4 Middlewares/Third_Party/FreeRTOS/Source/tasks.o
 .bss.uxSchedulerSuspended
                0x0000000020003cf0        0x4 Middlewares/Third_Party/FreeRTOS/Source/tasks.o
 .bss.uxTaskNumber
                0x0000000020003cf4        0x4 Middlewares/Third_Party/FreeRTOS/Source/tasks.o
 .bss.uxTopReadyPriority
                0x0000000020003cf8        0x4 Middlewares/Third_Party/FreeRTOS/Source/tasks.o
 .bss.xDelayedTaskList1
                0x0000000020003cfc       0x14 Middlewares/Third_Party/FreeRTOS/Source/tasks.o
 .bss.xDelayedTaskList2
                0x0000000020003d10       0x14 Middlewares/Third_Party/FreeRTOS/Source/tasks.o
 .bss.xNextTaskUnblockTime
                0x0000000020003d24        0x4 Middlewares/Third_Party/FreeRTOS/Source/tasks.o
 .bss.xNumOfOverflows
                0x0000000020003d28        0x4 Middlewares/Third_Party/FreeRTOS/Source/tasks.o
 .bss.xPendingReadyList
                0x0000000020003d2c       0x14 Middlewares/Third_Party/FreeRTOS/Source/tasks.o
 .bss.xSchedulerRunning
                0x0000000020003d40        0x4 Middlewares/Third_Party/FreeRTOS/Source/tasks.o
 .bss.xSuspendedTaskList
                0x0000000020003d44       0x14 Middlewares/Third_Party/FreeRTOS/Source/tasks.o
 .bss.xTasksWaitingTermination
                0x0000000020003d58       0x14 Middlewares/Third_Party/FreeRTOS/Source/tasks.o
 .bss.xTickCount
                0x0000000020003d6c        0x4 Middlewares/Third_Party/FreeRTOS/Source/tasks.o
 .bss.xYieldPending
                0x0000000020003d70        0x4 Middlewares/Third_Party/FreeRTOS/Source/tasks.o
 .bss.mbox      0x0000000020003d74        0x4 Middlewares/Third_Party/LwIP/src/api/tcpip.o
 .bss.tcpip_init_done
                0x0000000020003d78        0x4 Middlewares/Third_Party/LwIP/src/api/tcpip.o
 .bss.tcpip_init_done_arg
                0x0000000020003d7c        0x4 Middlewares/Third_Party/LwIP/src/api/tcpip.o
 .bss.arp_table
                0x0000000020003d80       0xf0 Middlewares/Third_Party/LwIP/src/core/ipv4/etharp.o
 .bss.etharp_cached_entry
                0x0000000020003e70        0x1 Middlewares/Third_Party/LwIP/src/core/ipv4/etharp.o
 *fill*         0x0000000020003e71        0x1 
 .bss.ip_id     0x0000000020003e72        0x2 Middlewares/Third_Party/LwIP/src/core/ipv4/ip4.o
 .bss.ip_reass_pbufcount
                0x0000000020003e74        0x2 Middlewares/Third_Party/LwIP/src/core/ipv4/ip4_frag.o
 *fill*         0x0000000020003e76        0x2 
 .bss.reassdatagrams
                0x0000000020003e78        0x4 Middlewares/Third_Party/LwIP/src/core/ipv4/ip4_frag.o
 .bss.lfree     0x0000000020003e7c        0x4 Middlewares/Third_Party/LwIP/src/core/mem.o
 .bss.mem_mutex
                0x0000000020003e80        0x4 Middlewares/Third_Party/LwIP/src/core/mem.o
 .bss.ram       0x0000000020003e84        0x4 Middlewares/Third_Party/LwIP/src/core/mem.o
 .bss.ram_end   0x0000000020003e88        0x4 Middlewares/Third_Party/LwIP/src/core/mem.o
 .bss.memp_tab_FRAG_PBUF
                0x0000000020003e8c        0x4 Middlewares/Third_Party/LwIP/src/core/memp.o
 .bss.memp_tab_NETBUF
                0x0000000020003e90        0x4 Middlewares/Third_Party/LwIP/src/core/memp.o
 .bss.memp_tab_NETCONN
                0x0000000020003e94        0x4 Middlewares/Third_Party/LwIP/src/core/memp.o
 .bss.memp_tab_PBUF
                0x0000000020003e98        0x4 Middlewares/Third_Party/LwIP/src/core/memp.o
 .bss.memp_tab_PBUF_POOL
                0x0000000020003e9c        0x4 Middlewares/Third_Party/LwIP/src/core/memp.o
 .bss.memp_tab_REASSDATA
                0x0000000020003ea0        0x4 Middlewares/Third_Party/LwIP/src/core/memp.o
 .bss.memp_tab_SYS_TIMEOUT
                0x0000000020003ea4        0x4 Middlewares/Third_Party/LwIP/src/core/memp.o
 .bss.memp_tab_TCPIP_MSG_API
                0x0000000020003ea8        0x4 Middlewares/Third_Party/LwIP/src/core/memp.o
 .bss.memp_tab_TCPIP_MSG_INPKT
                0x0000000020003eac        0x4 Middlewares/Third_Party/LwIP/src/core/memp.o
 .bss.memp_tab_TCP_PCB
                0x0000000020003eb0        0x4 Middlewares/Third_Party/LwIP/src/core/memp.o
 .bss.memp_tab_TCP_PCB_LISTEN
                0x0000000020003eb4        0x4 Middlewares/Third_Party/LwIP/src/core/memp.o
 .bss.memp_tab_TCP_SEG
                0x0000000020003eb8        0x4 Middlewares/Third_Party/LwIP/src/core/memp.o
 .bss.memp_tab_UDP_PCB